Archive member included to satisfy reference by file (symbol)

C:/ST/STM32CubeIDE_1.19.0/STM32CubeIDE/plugins/com.st.stm32cube.ide.mcu.externaltools.gnu-tools-for-stm32.13.3.rel1.win32_1.0.0.202411081344/tools/bin/../lib/gcc/arm-none-eabi/13.3.1/../../../../arm-none-eabi/lib/thumb/v7e-m+fp/hard\libc_nano.a(libc_a-exit.o)
                              C:/ST/STM32CubeIDE_1.19.0/STM32CubeIDE/plugins/com.st.stm32cube.ide.mcu.externaltools.gnu-tools-for-stm32.13.3.rel1.win32_1.0.0.202411081344/tools/bin/../lib/gcc/arm-none-eabi/13.3.1/../../../../arm-none-eabi/lib/thumb/v7e-m+fp/hard/crt0.o (exit)
C:/ST/STM32CubeIDE_1.19.0/STM32CubeIDE/plugins/com.st.stm32cube.ide.mcu.externaltools.gnu-tools-for-stm32.13.3.rel1.win32_1.0.0.202411081344/tools/bin/../lib/gcc/arm-none-eabi/13.3.1/../../../../arm-none-eabi/lib/thumb/v7e-m+fp/hard\libc_nano.a(libc_a-findfp.o)
                              ./Middlewares/Third_Party/FreeRTOS/Source/tasks.o (__sf)
C:/ST/STM32CubeIDE_1.19.0/STM32CubeIDE/plugins/com.st.stm32cube.ide.mcu.externaltools.gnu-tools-for-stm32.13.3.rel1.win32_1.0.0.202411081344/tools/bin/../lib/gcc/arm-none-eabi/13.3.1/../../../../arm-none-eabi/lib/thumb/v7e-m+fp/hard\libc_nano.a(libc_a-fwalk.o)
                              C:/ST/STM32CubeIDE_1.19.0/STM32CubeIDE/plugins/com.st.stm32cube.ide.mcu.externaltools.gnu-tools-for-stm32.13.3.rel1.win32_1.0.0.202411081344/tools/bin/../lib/gcc/arm-none-eabi/13.3.1/../../../../arm-none-eabi/lib/thumb/v7e-m+fp/hard\libc_nano.a(libc_a-findfp.o) (_fwalk_sglue)
C:/ST/STM32CubeIDE_1.19.0/STM32CubeIDE/plugins/com.st.stm32cube.ide.mcu.externaltools.gnu-tools-for-stm32.13.3.rel1.win32_1.0.0.202411081344/tools/bin/../lib/gcc/arm-none-eabi/13.3.1/../../../../arm-none-eabi/lib/thumb/v7e-m+fp/hard\libc_nano.a(libc_a-sprintf.o)
                              ./Middlewares/Third_Party/FreeRTOS/Source/tasks.o (sprintf)
C:/ST/STM32CubeIDE_1.19.0/STM32CubeIDE/plugins/com.st.stm32cube.ide.mcu.externaltools.gnu-tools-for-stm32.13.3.rel1.win32_1.0.0.202411081344/tools/bin/../lib/gcc/arm-none-eabi/13.3.1/../../../../arm-none-eabi/lib/thumb/v7e-m+fp/hard\libc_nano.a(libc_a-stdio.o)
                              C:/ST/STM32CubeIDE_1.19.0/STM32CubeIDE/plugins/com.st.stm32cube.ide.mcu.externaltools.gnu-tools-for-stm32.13.3.rel1.win32_1.0.0.202411081344/tools/bin/../lib/gcc/arm-none-eabi/13.3.1/../../../../arm-none-eabi/lib/thumb/v7e-m+fp/hard\libc_nano.a(libc_a-findfp.o) (__sread)
C:/ST/STM32CubeIDE_1.19.0/STM32CubeIDE/plugins/com.st.stm32cube.ide.mcu.externaltools.gnu-tools-for-stm32.13.3.rel1.win32_1.0.0.202411081344/tools/bin/../lib/gcc/arm-none-eabi/13.3.1/../../../../arm-none-eabi/lib/thumb/v7e-m+fp/hard\libc_nano.a(libc_a-memcmp.o)
                              ./Middlewares/Third_Party/FreeRTOS/Source/tasks.o (memcmp)
C:/ST/STM32CubeIDE_1.19.0/STM32CubeIDE/plugins/com.st.stm32cube.ide.mcu.externaltools.gnu-tools-for-stm32.13.3.rel1.win32_1.0.0.202411081344/tools/bin/../lib/gcc/arm-none-eabi/13.3.1/../../../../arm-none-eabi/lib/thumb/v7e-m+fp/hard\libc_nano.a(libc_a-memset.o)
                              C:/ST/STM32CubeIDE_1.19.0/STM32CubeIDE/plugins/com.st.stm32cube.ide.mcu.externaltools.gnu-tools-for-stm32.13.3.rel1.win32_1.0.0.202411081344/tools/bin/../lib/gcc/arm-none-eabi/13.3.1/../../../../arm-none-eabi/lib/thumb/v7e-m+fp/hard/crt0.o (memset)
C:/ST/STM32CubeIDE_1.19.0/STM32CubeIDE/plugins/com.st.stm32cube.ide.mcu.externaltools.gnu-tools-for-stm32.13.3.rel1.win32_1.0.0.202411081344/tools/bin/../lib/gcc/arm-none-eabi/13.3.1/../../../../arm-none-eabi/lib/thumb/v7e-m+fp/hard\libc_nano.a(libc_a-closer.o)
                              C:/ST/STM32CubeIDE_1.19.0/STM32CubeIDE/plugins/com.st.stm32cube.ide.mcu.externaltools.gnu-tools-for-stm32.13.3.rel1.win32_1.0.0.202411081344/tools/bin/../lib/gcc/arm-none-eabi/13.3.1/../../../../arm-none-eabi/lib/thumb/v7e-m+fp/hard\libc_nano.a(libc_a-stdio.o) (_close_r)
C:/ST/STM32CubeIDE_1.19.0/STM32CubeIDE/plugins/com.st.stm32cube.ide.mcu.externaltools.gnu-tools-for-stm32.13.3.rel1.win32_1.0.0.202411081344/tools/bin/../lib/gcc/arm-none-eabi/13.3.1/../../../../arm-none-eabi/lib/thumb/v7e-m+fp/hard\libc_nano.a(libc_a-reent.o)
                              ./Middlewares/Third_Party/FreeRTOS/Source/tasks.o (_reclaim_reent)
C:/ST/STM32CubeIDE_1.19.0/STM32CubeIDE/plugins/com.st.stm32cube.ide.mcu.externaltools.gnu-tools-for-stm32.13.3.rel1.win32_1.0.0.202411081344/tools/bin/../lib/gcc/arm-none-eabi/13.3.1/../../../../arm-none-eabi/lib/thumb/v7e-m+fp/hard\libc_nano.a(libc_a-impure.o)
                              ./Middlewares/Third_Party/FreeRTOS/Source/tasks.o (_impure_ptr)
C:/ST/STM32CubeIDE_1.19.0/STM32CubeIDE/plugins/com.st.stm32cube.ide.mcu.externaltools.gnu-tools-for-stm32.13.3.rel1.win32_1.0.0.202411081344/tools/bin/../lib/gcc/arm-none-eabi/13.3.1/../../../../arm-none-eabi/lib/thumb/v7e-m+fp/hard\libc_nano.a(libc_a-lseekr.o)
[...]
Memory Configuration

Name             Origin             Length             Attributes
RAM              0x20000000         0x000a0000         xrw
RAM2             0x10000000         0x00010000         xrw
RAM3             0x20040000         0x00060000         xrw
FLASH            0x08000000         0x00200000         xr
*default*        0x00000000         0xffffffff

Linker script and memory map

LOAD C:/ST/STM32CubeIDE_1.19.0/STM32CubeIDE/plugins/com.st.stm32cube.ide.mcu.externaltools.gnu-tools-for-stm32.13.3.rel1.win32_1.0.0.202411081344/tools/bin/../lib/gcc/arm-none-eabi/13.3.1/thumb/v7e-m+fp/hard/crti.o
LOAD C:/ST/STM32CubeIDE_1.19.0/STM32CubeIDE/plugins/com.st.stm32cube.ide.mcu.externaltools.gnu-tools-for-stm32.13.3.rel1.win32_1.0.0.202411081344/tools/bin/../lib/gcc/arm-none-eabi/13.3.1/thumb/v7e-m+fp/hard/crtbegin.o
LOAD C:/ST/STM32CubeIDE_1.19.0/STM32CubeIDE/plugins/com.st.stm32cube.ide.mcu.externaltools.gnu-tools-for-stm32.13.3.rel1.win32_1.0.0.202411081344/tools/bin/../lib/gcc/arm-none-eabi/13.3.1/../../../../arm-none-eabi/lib/thumb/v7e-m+fp/hard/crt0.o
LOAD ./Core/Src/freertos.o
LOAD ./Core/Src/main.o
LOAD ./Core/Src/stm32l4xx_hal_msp.o
LOAD ./Core/Src/stm32l4xx_hal_timebase_tim.o
LOAD ./Core/Src/stm32l4xx_it.o
LOAD ./Core/Src/syscalls.o
LOAD ./Core/Src/sysmem.o
LOAD ./Core/Src/system_stm32l4xx.o
LOAD ./Core/Startup/startup_stm32l4s5vitx.o
LOAD ./Drivers/STM32L4xx_HAL_Driver/Src/stm32l4xx_hal.o
LOAD ./Drivers/STM32L4xx_HAL_Driver/Src/stm32l4xx_hal_cortex.o
LOAD ./Drivers/STM32L4xx_HAL_Driver/Src/stm32l4xx_hal_dma.o
LOAD ./Drivers/STM32L4xx_HAL_Driver/Src/stm32l4xx_hal_dma_ex.o
LOAD ./Drivers/STM32L4xx_HAL_Driver/Src/stm32l4xx_hal_exti.o
LOAD ./Drivers/STM32L4xx_HAL_Driver/Src/stm32l4xx_hal_flash.o
LOAD ./Drivers/STM32L4xx_HAL_Driver/Src/stm32l4xx_hal_flash_ex.o
LOAD ./Drivers/STM32L4xx_HAL_Driver/Src/stm32l4xx_hal_flash_ramfunc.o
LOAD ./Drivers/STM32L4xx_HAL_Driver/Src/stm32l4xx_hal_gpio.o
LOAD ./Drivers/STM32L4xx_HAL_Driver/Src/stm32l4xx_hal_i2c.o
LOAD ./Drivers/STM32L4xx_HAL_Driver/Src/stm32l4xx_hal_i2c_ex.o
LOAD ./Drivers/STM32L4xx_HAL_Driver/Src/stm32l4xx_hal_pwr.o
LOAD ./Drivers/STM32L4xx_HAL_Driver/Src/stm32l4xx_hal_pwr_ex.o
LOAD ./Drivers/STM32L4xx_HAL_Driver/Src/stm32l4xx_hal_rcc.o
LOAD ./Drivers/STM32L4xx_HAL_Driver/Src/stm32l4xx_hal_rcc_ex.o
LOAD ./Drivers/STM32L4xx_HAL_Driver/Src/stm32l4xx_hal_tim.o
LOAD ./Drivers/STM32L4xx_HAL_Driver/Src/stm32l4xx_hal_tim_ex.o
LOAD ./Drivers/STM32L4xx_HAL_Driver/Src/stm32l4xx_hal_uart.o
LOAD ./Drivers/STM32L4xx_HAL_Driver/Src/stm32l4xx_hal_uart_ex.o
LOAD ./Filter/filter.o
LOAD ./Middlewares/Third_Party/FreeRTOS/Source/CMSIS_RTOS_V2/cmsis_os2.o
LOAD ./Middlewares/Third_Party/FreeRTOS/Source/croutine.o
LOAD ./Middlewares/Third_Party/FreeRTOS/Source/event_groups.o
LOAD ./Middlewares/Third_Party/FreeRTOS/Source/list.o
LOAD ./Middlewares/Third_Party/FreeRTOS/Source/queue.o
LOAD ./Middlewares/Third_Party/FreeRTOS/Source/stream_buffer.o
LOAD ./Middlewares/Third_Party/FreeRTOS/Source/tasks.o
LOAD ./Middlewares/Third_Party/FreeRTOS/Source/timers.o
LOAD ./Middlewares/Third_Party/FreeRTOS/Source/portable/GCC/ARM_CM4F/port.o
LOAD ./Middlewares/Third_Party/FreeRTOS/Source/portable/MemMang/heap_4.o
LOAD ./Middlewares/Third_Party/Segger/SEGGER_RTT.o
LOAD ./Middlewares/Third_Party/Segger/SEGGER_RTT_ASM_ARMv7M.o
LOAD ./Middlewares/Third_Party/Segger/SEGGER_RTT_Syscalls_GCC.o
LOAD ./Middlewares/Third_Party/Segger/SEGGER_RTT_printf.o
LOAD ./Middlewares/Third_Party/Segger/SEGGER_SYSVIEW.o
LOAD ./Middlewares/Third_Party/Segger/SEGGER_SYSVIEW_Config_FreeRTOS.o
LOAD ./Middlewares/Third_Party/Segger/SEGGER_SYSVIEW_FreeRTOS.o
LOAD ./Sensors/AccelerationSensor/lsm6dsl.o
LOAD ./Sensors/AirPressureSensor/lps22hb.o
LOAD ./Sensors/HumiditySensor/hts221.o
LOAD ./Sensors/MagnetometerSensor/lis3mdl.o
LOAD ./Sensors/ToFSensor/vl53l0x/vl53l0x_api.o
LOAD ./Sensors/ToFSensor/vl53l0x/vl53l0x_api_calibration.o
LOAD ./Sensors/ToFSensor/vl53l0x/vl53l0x_api_core.o
LOAD ./Sensors/ToFSensor/vl53l0x/vl53l0x_api_ranging.o
LOAD ./Sensors/ToFSensor/vl53l0x/vl53l0x_api_strings.o
LOAD ./Sensors/ToFSensor/vl53l0x/vl53l0x_platform_log.o
LOAD ./Sensors/ToFSensor/vl53l0x/vl53l0x_tof.o
LOAD ./Sensors/ToFSensor/vl53l0x.o
START GROUP
LOAD C:/ST/STM32CubeIDE_1.19.0/STM32CubeIDE/plugins/com.st.stm32cube.ide.mcu.externaltools.gnu-tools-for-stm32.13.3.rel1.win32_1.0.0.202411081344/tools/bin/../lib/gcc/arm-none-eabi/13.3.1/../../../../arm-none-eabi/lib/thumb/v7e-m+fp/hard\libc_nano.a
LOAD C:/ST/STM32CubeIDE_1.19.0/STM32CubeIDE/plugins/com.st.stm32cube.ide.mcu.externaltools.gnu-tools-for-stm32.13.3.rel1.win32_1.0.0.202411081344/tools/bin/../lib/gcc/arm-none-eabi/13.3.1/../../../../arm-none-eabi/lib/thumb/v7e-m+fp/hard\libm.a
END GROUP
START GROUP
LOAD C:/ST/STM32CubeIDE_1.19.0/STM32CubeIDE/plugins/com.st.stm32cube.ide.mcu.externaltools.gnu-tools-for-stm32.13.3.rel1.win32_1.0.0.202411081344/tools/bin/../lib/gcc/arm-none-eabi/13.3.1/thumb/v7e-m+fp/hard\libgcc.a
LOAD C:/ST/STM32CubeIDE_1.19.0/STM32CubeIDE/plugins/com.st.stm32cube.ide.mcu.externaltools.gnu-tools-for-stm32.13.3.rel1.win32_1.0.0.202411081344/tools/bin/../lib/gcc/arm-none-eabi/13.3.1/../../../../arm-none-eabi/lib/thumb/v7e-m+fp/hard\libc_nano.a
END GROUP
START GROUP
LOAD C:/ST/STM32CubeIDE_1.19.0/STM32CubeIDE/plugins/com.st.stm32cube.ide.mcu.externaltools.gnu-tools-for-stm32.13.3.rel1.win32_1.0.0.202411081344/tools/bin/../lib/gcc/arm-none-eabi/13.3.1/thumb/v7e-m+fp/hard\libgcc.a
LOAD C:/ST/STM32CubeIDE_1.19.0/STM32CubeIDE/plugins/com.st.stm32cube.ide.mcu.externaltools.gnu-tools-for-stm32.13.3.rel1.win32_1.0.0.202411081344/tools/bin/../lib/gcc/arm-none-eabi/13.3.1/../../../../arm-none-eabi/lib/thumb/v7e-m+fp/hard\libc_nano.a
LOAD C:/ST/STM32CubeIDE_1.19.0/STM32CubeIDE/plugins/com.st.stm32cube.ide.mcu.externaltools.gnu-tools-for-stm32.13.3.rel1.win32_1.0.0.202411081344/tools/bin/../lib/gcc/arm-none-eabi/13.3.1/../../../../arm-none-eabi/lib/thumb/v7e-m+fp/hard\libnosys.a
END GROUP
START GROUP
LOAD C:/ST/STM32CubeIDE_1.19.0/STM32CubeIDE/plugins/com.st.stm32cube.ide.mcu.externaltools.gnu-tools-for-stm32.13.3.rel1.win32_1.0.0.202411081344/tools/bin/../lib/gcc/arm-none-eabi/13.3.1/thumb/v7e-m+fp/hard\libgcc.a
LOAD C:/ST/STM32CubeIDE_1.19.0/STM32CubeIDE/plugins/com.st.stm32cube.ide.mcu.externaltools.gnu-tools-for-stm32.13.3.rel1.win32_1.0.0.202411081344/tools/bin/../lib/gcc/arm-none-eabi/13.3.1/../../../../arm-none-eabi/lib/thumb/v7e-m+fp/hard\libc_nano.a
LOAD C:/ST/STM32CubeIDE_1.19.0/STM32CubeIDE/plugins/com.st.stm32cube.ide.mcu.externaltools.gnu-tools-for-stm32.13.3.rel1.win32_1.0.0.202411081344/tools/bin/../lib/gcc/arm-none-eabi/13.3.1/../../../../arm-none-eabi/lib/thumb/v7e-m+fp/hard\libnosys.a
END GROUP
LOAD C:/ST/STM32CubeIDE_1.19.0/STM32CubeIDE/plugins/com.st.stm32cube.ide.mcu.externaltools.gnu-tools-for-stm32.13.3.rel1.win32_1.0.0.202411081344/tools/bin/../lib/gcc/arm-none-eabi/13.3.1/thumb/v7e-m+fp/hard/crtend.o
LOAD C:/ST/STM32CubeIDE_1.19.0/STM32CubeIDE/plugins/com.st.stm32cube.ide.mcu.externaltools.gnu-tools-for-stm32.13.3.rel1.win32_1.0.0.202411081344/tools/bin/../lib/gcc/arm-none-eabi/13.3.1/thumb/v7e-m+fp/hard/crtn.o
                0x200a0000                        _estack = (ORIGIN (RAM) + LENGTH (RAM))
                0x00000200                        _Min_Heap_Size = 0x200
                0x00000400                        _Min_Stack_Size = 0x400

.isr_vector     0x08000000      0x1bc
                0x08000000                        . = ALIGN (0x4)
 *(.isr_vector)
 .isr_vector    0x08000000      0x1bc ./Core/Startup/startup_stm32l4s5vitx.o
                0x08000000                g_pfnVectors
                0x080001bc                        . = ALIGN (0x4)

.text           0x080001c0    0x14110
                0x080001c0                        . = ALIGN (0x4)
 *(.text)
 .text          0x080001c0       0x40 C:/ST/STM32CubeIDE_1.19.0/STM32CubeIDE/plugins/com.st.stm32cube.ide.mcu.externaltools.gnu-tools-for-stm32.13.3.rel1.win32_1.0.0.202411081344/tools/bin/../lib/gcc/arm-none-eabi/13.3.1/thumb/v7e-m+fp/hard/crtbegin.o
 .text          0x08000200       0x94 ./Middlewares/Third_Party/Segger/SEGGER_RTT_ASM_ARMv7M.o
                0x08000200                SEGGER_RTT_ASM_WriteSkipNoLock
 .text          0x08000294      0x378 C:/ST/STM32CubeIDE_1.19.0/STM32CubeIDE/plugins/com.st.stm32cube.ide.mcu.externaltools.gnu-tools-for-stm32.13.3.rel1.win32_1.0.0.202411081344/tools/bin/../lib/gcc/arm-none-eabi/13.3.1/thumb/v7e-m+fp/hard\libgcc.a(_arm_addsubdf3.o)
                0x08000294                __aeabi_drsub
                0x0800029c                __aeabi_dsub
                0x0800029c                __subdf3
                0x080002a0                __aeabi_dadd
                0x080002a0                __adddf3
                0x08000518                __floatunsidf
                0x08000518                __aeabi_ui2d
                0x08000538                __floatsidf
                0x08000538                __aeabi_i2d
                0x0800055c                __aeabi_f2d
                0x0800055c                __extendsfdf2
                0x080005a0                __floatundidf
                0x080005a0                __aeabi_ul2d
                0x080005b0                __floatdidf
                0x080005b0                __aeabi_l2d
 .text          0x0800060c      0x424 C:/ST/STM32CubeIDE_1.19.0/STM32CubeIDE/plugins/com.st.stm32cube.ide.mcu.externaltools.gnu-tools-for-stm32.13.3.rel1.win32_1.0.0.202411081344/tools/bin/../lib/gcc/arm-none-eabi/13.3.1/thumb/v7e-m+fp/hard\libgcc.a(_arm_muldivdf3.o)
                0x0800060c                __aeabi_dmul
                0x0800060c                __muldf3
                0x08000860                __divdf3
                0x08000860                __aeabi_ddiv
 .text          0x08000a30       0xa0 C:/ST/STM32CubeIDE_1.19.0/STM32CubeIDE/plugins/com.st.stm32cube.ide.mcu.externaltools.gnu-tools-for-stm32.13.3.rel1.win32_1.0.0.202411081344/tools/bin/../lib/gcc/arm-none-eabi/13.3.1/thumb/v7e-m+fp/hard\libgcc.a(_arm_truncdfsf2.o)
                0x08000a30                __truncdfsf2
                0x08000a30                __aeabi_d2f
 .text          0x08000ad0       0x30 C:/ST/STM32CubeIDE_1.19.0/STM32CubeIDE/plugins/com.st.stm32cube.ide.mcu.externaltools.gnu-tools-for-stm32.13.3.rel1.win32_1.0.0.202411081344/tools/bin/../lib/gcc/arm-none-eabi/13.3.1/thumb/v7e-m+fp/hard\libgcc.a(_aeabi_uldivmod.o)
                0x08000ad0                __aeabi_uldivmod
 .text          0x08000b00      0x2f8 C:/ST/STM32CubeIDE_1.19.0/STM32CubeIDE/plugins/com.st.stm32cube.ide.mcu.externaltools.gnu-tools-for-stm32.13.3.rel1.win32_1.0.0.202411081344/tools/bin/../lib/gcc/arm-none-eabi/13.3.1/thumb/v7e-m+fp/hard\libgcc.a(_udivmoddi4.o)
                0x08000b00                __udivmoddi4
 .text          0x08000df8        0x4 C:/ST/STM32CubeIDE_1.19.0/STM32CubeIDE/plugins/com.st.stm32cube.ide.mcu.externaltools.gnu-tools-for-stm32.13.3.rel1.win32_1.0.0.202411081344/tools/bin/../lib/gcc/arm-none-eabi/13.3.1/thumb/v7e-m+fp/hard\libgcc.a(_dvmd_tls.o)
                0x08000df8                __aeabi_idiv0
                0x08000df8                __aeabi_ldiv0
 *(.text*)
 .text.configureTimerForRunTimeStats
                0x08000dfc        0xe ./Core/Src/freertos.o
                0x08000dfc                configureTimerForRunTimeStats
 .text.getRunTimeCounterValue
                0x08000e0a       0x10 ./Core/Src/freertos.o
                0x08000e0a                getRunTimeCounterValue
 *fill*         0x08000e1a        0x2 
 .text.main     0x08000e1c      0x170 ./Core/Src/main.o
                0x08000e1c                main
 .text.SystemClock_Config
                0x08000f8c       0xa2 ./Core/Src/main.o
                0x08000f8c                SystemClock_Config
 *fill*         0x0800102e        0x2 
 .text.MX_I2C2_Init
                0x08001030       0x80 ./Core/Src/main.o
 .text.MX_USART1_UART_Init
                0x080010b0       0x98 ./Core/Src/main.o
 .text.MX_DMA_Init
                0x08001148       0x84 ./Core/Src/main.o
 .text.MX_GPIO_Init
                0x080011cc      0x15c ./Core/Src/main.o
 .text.StartDefaultTask
                0x08001328       0x10 ./Core/Src/main.o
                0x08001328                StartDefaultTask
 .text.IMU_Task
                0x08001338       0x50 ./Core/Src/main.o
                0x08001338                IMU_Task
 .text.Magneto_Task
                0x08001388       0x50 ./Core/Src/main.o
                0x08001388                Magneto_Task
 .text.ToF_Task
                0x080013d8       0x40 ./Core/Src/main.o
                0x080013d8                ToF_Task
 .text.Baro_Task
                0x08001418       0x40 ./Core/Src/main.o
                0x08001418                Baro_Task
 .text.Humidity_Task
                0x08001458       0x40 ./Core/Src/main.o
                0x08001458                Humidity_Task
 .text.Init_Task
                0x08001498       0x54 ./Core/Src/main.o
                0x08001498                Init_Task
 .text.Data_Transmit_Task
                0x080014ec      0x104 ./Core/Src/main.o
                0x080014ec                Data_Transmit_Task
 .text.Data_Filter_Task
                0x080015f0       0x80 ./Core/Src/main.o
                0x080015f0                Data_Filter_Task
 .text.HAL_TIM_PeriodElapsedCallback
                0x08001670       0x24 ./Core/Src/main.o
                0x08001670                HAL_TIM_PeriodElapsedCallback
 .text.Error_Handler
                0x08001694        0xc ./Core/Src/main.o
                0x08001694                Error_Handler
 .text.HAL_MspInit
                0x080016a0       0x50 ./Core/Src/stm32l4xx_hal_msp.o
                0x080016a0                HAL_MspInit
 .text.HAL_I2C_MspInit
                0x080016f0      0x184 ./Core/Src/stm32l4xx_hal_msp.o
                0x080016f0                HAL_I2C_MspInit
 .text.HAL_UART_MspInit
                0x08001874      0x184 ./Core/Src/stm32l4xx_hal_msp.o
                0x08001874                HAL_UART_MspInit
 .text.HAL_InitTick
                0x080019f8       0xec ./Core/Src/stm32l4xx_hal_timebase_tim.o
                0x080019f8                HAL_InitTick
 .text.TimeBase_TIM_PeriodElapsedCallback
                0x08001ae4       0x14 ./Core/Src/stm32l4xx_hal_timebase_tim.o
                0x08001ae4                TimeBase_TIM_PeriodElapsedCallback
 .text.NMI_Handler
                0x08001af8        0x8 ./Core/Src/stm32l4xx_it.o
                0x08001af8                NMI_Handler
 .text.HardFault_Handler
                0x08001b00        0x8 ./Core/Src/stm32l4xx_it.o
                0x08001b00                HardFault_Handler
 .text.MemManage_Handler
                0x08001b08        0x8 ./Core/Src/stm32l4xx_it.o
                0x08001b08                MemManage_Handler
 .text.BusFault_Handler
                0x08001b10        0x8 ./Core/Src/stm32l4xx_it.o
                0x08001b10                BusFault_Handler
 .text.UsageFault_Handler
                0x08001b18        0x8 ./Core/Src/stm32l4xx_it.o
                0x08001b18                UsageFault_Handler
 .text.DebugMon_Handler
                0x08001b20        0xe ./Core/Src/stm32l4xx_it.o
                0x08001b20                DebugMon_Handler
 *fill*         0x08001b2e        0x2 
 .text.DMA1_Channel1_IRQHandler
                0x08001b30       0x1c ./Core/Src/stm32l4xx_it.o
                0x08001b30                DMA1_Channel1_IRQHandler
 .text.DMA1_Channel2_IRQHandler
                0x08001b4c       0x1c ./Core/Src/stm32l4xx_it.o
                0x08001b4c                DMA1_Channel2_IRQHandler
 .text.DMA1_Channel3_IRQHandler
                0x08001b68       0x1c ./Core/Src/stm32l4xx_it.o
                0x08001b68                DMA1_Channel3_IRQHandler
 .text.DMA1_Channel4_IRQHandler
                0x08001b84       0x28 ./Core/Src/stm32l4xx_it.o
                0x08001b84                DMA1_Channel4_IRQHandler
 .text.EXTI9_5_IRQHandler
                0x08001bac       0x1e ./Core/Src/stm32l4xx_it.o
                0x08001bac                EXTI9_5_IRQHandler
 *fill*         0x08001bca        0x2 
 .text.TIM1_TRG_COM_TIM17_IRQHandler
                0x08001bcc       0x14 ./Core/Src/stm32l4xx_it.o
                0x08001bcc                TIM1_TRG_COM_TIM17_IRQHandler
 .text.I2C2_EV_IRQHandler
                0x08001be0       0x1c ./Core/Src/stm32l4xx_it.o
                0x08001be0                I2C2_EV_IRQHandler
 .text.USART1_IRQHandler
                0x08001bfc       0x1c ./Core/Src/stm32l4xx_it.o
                0x08001bfc                USART1_IRQHandler
 .text.EXTI15_10_IRQHandler
                0x08001c18       0x30 ./Core/Src/stm32l4xx_it.o
                0x08001c18                EXTI15_10_IRQHandler
 .text.HAL_GPIO_EXTI_Callback
                0x08001c48      0x114 ./Core/Src/stm32l4xx_it.o
                0x08001c48                HAL_GPIO_EXTI_Callback
 .text.SystemInit
                0x08001d5c       0x24 ./Core/Src/system_stm32l4xx.o
                0x08001d5c                SystemInit
 .text.Reset_Handler
                0x08001d80       0x50 ./Core/Startup/startup_stm32l4s5vitx.o
                0x08001d80                Reset_Handler
 .text.Default_Handler
                0x08001dd0        0x2 ./Core/Startup/startup_stm32l4s5vitx.o
                0x08001dd0                RTC_Alarm_IRQHandler
                0x08001dd0                EXTI2_IRQHandler
                0x08001dd0                TIM8_TRG_COM_IRQHandler
                0x08001dd0                TIM8_CC_IRQHandler
                0x08001dd0                TIM1_CC_IRQHandler
                0x08001dd0                TSC_IRQHandler
                0x08001dd0                TAMP_STAMP_IRQHandler
                0x08001dd0                EXTI3_IRQHandler
                0x08001dd0                LPTIM2_IRQHandler
                0x08001dd0                DFSDM1_FLT1_IRQHandler
                0x08001dd0                GFXMMU_IRQHandler
                0x08001dd0                I2C3_ER_IRQHandler
                0x08001dd0                DFSDM1_FLT2_IRQHandler
                0x08001dd0                EXTI0_IRQHandler
                0x08001dd0                CAN1_RX0_IRQHandler
                0x08001dd0                FPU_IRQHandler
                0x08001dd0                TIM1_UP_TIM16_IRQHandler
                0x08001dd0                LTDC_ER_IRQHandler
                0x08001dd0                SPI1_IRQHandler
                0x08001dd0                OCTOSPI1_IRQHandler
                0x08001dd0                TIM6_DAC_IRQHandler
                0x08001dd0                DCMI_IRQHandler
                0x08001dd0                TIM8_UP_IRQHandler
                0x08001dd0                OCTOSPI2_IRQHandler
                0x08001dd0                DMA2_Channel2_IRQHandler
                0x08001dd0                SAI2_IRQHandler
                0x08001dd0                ADC1_IRQHandler
                0x08001dd0                DFSDM1_FLT3_IRQHandler
                0x08001dd0                USART3_IRQHandler
                0x08001dd0                DMA1_Channel7_IRQHandler
                0x08001dd0                CAN1_RX1_IRQHandler
                0x08001dd0                UART5_IRQHandler
                0x08001dd0                TIM4_IRQHandler
                0x08001dd0                DMA2_Channel1_IRQHandler
                0x08001dd0                I2C1_EV_IRQHandler
                0x08001dd0                DMAMUX1_OVR_IRQHandler
                0x08001dd0                DMA1_Channel6_IRQHandler
                0x08001dd0                UART4_IRQHandler
                0x08001dd0                DMA2_Channel4_IRQHandler
                0x08001dd0                TIM3_IRQHandler
                0x08001dd0                RCC_IRQHandler
                0x08001dd0                Default_Handler
                0x08001dd0                DMA2_Channel7_IRQHandler
                0x08001dd0                TIM7_IRQHandler
                0x08001dd0                SDMMC1_IRQHandler
                0x08001dd0                TIM5_IRQHandler
                0x08001dd0                I2C3_EV_IRQHandler
                0x08001dd0                RTC_WKUP_IRQHandler
                0x08001dd0                LTDC_IRQHandler
                0x08001dd0                PVD_PVM_IRQHandler
                0x08001dd0                SPI2_IRQHandler
                0x08001dd0                CAN1_TX_IRQHandler
                0x08001dd0                DMA2_Channel5_IRQHandler
                0x08001dd0                DMA1_Channel5_IRQHandler
                0x08001dd0                EXTI4_IRQHandler
                0x08001dd0                RNG_IRQHandler
                0x08001dd0                COMP_IRQHandler
                0x08001dd0                HASH_CRS_IRQHandler
                0x08001dd0                WWDG_IRQHandler
                0x08001dd0                I2C4_EV_IRQHandler
                0x08001dd0                LPUART1_IRQHandler
                0x08001dd0                DMA2_Channel6_IRQHandler
                0x08001dd0                TIM2_IRQHandler
                0x08001dd0                DMA2D_IRQHandler
                0x08001dd0                EXTI1_IRQHandler
                0x08001dd0                AES_IRQHandler
                0x08001dd0                USART2_IRQHandler
                0x08001dd0                DFSDM1_FLT0_IRQHandler
                0x08001dd0                I2C2_ER_IRQHandler
                0x08001dd0                TIM8_BRK_IRQHandler
                0x08001dd0                CAN1_SCE_IRQHandler
                0x08001dd0                FLASH_IRQHandler
                0x08001dd0                OTG_FS_IRQHandler
                0x08001dd0                SPI3_IRQHandler
                0x08001dd0                I2C1_ER_IRQHandler
                0x08001dd0                FMC_IRQHandler
                0x08001dd0                LPTIM1_IRQHandler
                0x08001dd0                I2C4_ER_IRQHandler
                0x08001dd0                SAI1_IRQHandler
                0x08001dd0                DMA2_Channel3_IRQHandler
                0x08001dd0                TIM1_BRK_TIM15_IRQHandler
 .text.HAL_Init
                0x08001dd2       0x30 ./Drivers/STM32L4xx_HAL_Driver/Src/stm32l4xx_hal.o
                0x08001dd2                HAL_Init
 *fill*         0x08001e02        0x2 
 .text.HAL_IncTick
                0x08001e04       0x28 ./Drivers/STM32L4xx_HAL_Driver/Src/stm32l4xx_hal.o
                0x08001e04                HAL_IncTick
 .text.HAL_GetTick
                0x08001e2c       0x18 ./Drivers/STM32L4xx_HAL_Driver/Src/stm32l4xx_hal.o
                0x08001e2c                HAL_GetTick
 .text.HAL_Delay
                0x08001e44       0x48 ./Drivers/STM32L4xx_HAL_Driver/Src/stm32l4xx_hal.o
                0x08001e44                HAL_Delay
 .text.__NVIC_SetPriorityGrouping
                0x08001e8c       0x48 ./Drivers/STM32L4xx_HAL_Driver/Src/stm32l4xx_hal_cortex.o
 .text.__NVIC_GetPriorityGrouping
                0x08001ed4       0x1c ./Drivers/STM32L4xx_HAL_Driver/Src/stm32l4xx_hal_cortex.o
 .text.__NVIC_EnableIRQ
                0x08001ef0       0x3c ./Drivers/STM32L4xx_HAL_Driver/Src/stm32l4xx_hal_cortex.o
 .text.__NVIC_ClearPendingIRQ
                0x08001f2c       0x3c ./Drivers/STM32L4xx_HAL_Driver/Src/stm32l4xx_hal_cortex.o
 .text.__NVIC_SetPriority
                0x08001f68       0x54 ./Drivers/STM32L4xx_HAL_Driver/Src/stm32l4xx_hal_cortex.o
 .text.NVIC_EncodePriority
                0x08001fbc       0x66 ./Drivers/STM32L4xx_HAL_Driver/Src/stm32l4xx_hal_cortex.o
 .text.HAL_NVIC_SetPriorityGrouping
                0x08002022       0x16 ./Drivers/STM32L4xx_HAL_Driver/Src/stm32l4xx_hal_cortex.o
                0x08002022                HAL_NVIC_SetPriorityGrouping
 .text.HAL_NVIC_SetPriority
                0x08002038       0x38 ./Drivers/STM32L4xx_HAL_Driver/Src/stm32l4xx_hal_cortex.o
                0x08002038                HAL_NVIC_SetPriority
 .text.HAL_NVIC_EnableIRQ
                0x08002070       0x1c ./Drivers/STM32L4xx_HAL_Driver/Src/stm32l4xx_hal_cortex.o
                0x08002070                HAL_NVIC_EnableIRQ
 .text.HAL_NVIC_ClearPendingIRQ
                0x0800208c       0x1c ./Drivers/STM32L4xx_HAL_Driver/Src/stm32l4xx_hal_cortex.o
                0x0800208c                HAL_NVIC_ClearPendingIRQ
 .text.HAL_DMA_Init
                0x080020a8      0x150 ./Drivers/STM32L4xx_HAL_Driver/Src/stm32l4xx_hal_dma.o
                0x080020a8                HAL_DMA_Init
 .text.HAL_DMA_Start_IT
                0x080021f8       0xf6 ./Drivers/STM32L4xx_HAL_Driver/Src/stm32l4xx_hal_dma.o
                0x080021f8                HAL_DMA_Start_IT
 .text.HAL_DMA_Abort
                0x080022ee       0xb8 ./Drivers/STM32L4xx_HAL_Driver/Src/stm32l4xx_hal_dma.o
                0x080022ee                HAL_DMA_Abort
 .text.HAL_DMA_Abort_IT
                0x080023a6       0xbe ./Drivers/STM32L4xx_HAL_Driver/Src/stm32l4xx_hal_dma.o
                0x080023a6                HAL_DMA_Abort_IT
 .text.HAL_DMA_IRQHandler
                0x08002464      0x15e ./Drivers/STM32L4xx_HAL_Driver/Src/stm32l4xx_hal_dma.o
                0x08002464                HAL_DMA_IRQHandler
 .text.HAL_DMA_GetState
                0x080025c2       0x1c ./Drivers/STM32L4xx_HAL_Driver/Src/stm32l4xx_hal_dma.o
                0x080025c2                HAL_DMA_GetState
 .text.DMA_SetConfig
                0x080025de       0x7c ./Drivers/STM32L4xx_HAL_Driver/Src/stm32l4xx_hal_dma.o
 *fill*         0x0800265a        0x2 
 .text.DMA_CalcDMAMUXChannelBaseAndMask
                0x0800265c       0x7c ./Drivers/STM32L4xx_HAL_Driver/Src/stm32l4xx_hal_dma.o
 .text.DMA_CalcDMAMUXRequestGenBaseAndMask
                0x080026d8       0x48 ./Drivers/STM32L4xx_HAL_Driver/Src/stm32l4xx_hal_dma.o
 .text.HAL_GPIO_Init
                0x08002720      0x324 ./Drivers/STM32L4xx_HAL_Driver/Src/stm32l4xx_hal_gpio.o
                0x08002720                HAL_GPIO_Init
 .text.HAL_GPIO_WritePin
                0x08002a44       0x30 ./Drivers/STM32L4xx_HAL_Driver/Src/stm32l4xx_hal_gpio.o
                0x08002a44                HAL_GPIO_WritePin
 .text.HAL_GPIO_EXTI_IRQHandler
                0x08002a74       0x30 ./Drivers/STM32L4xx_HAL_Driver/Src/stm32l4xx_hal_gpio.o
                0x08002a74                HAL_GPIO_EXTI_IRQHandler
 .text.HAL_I2C_Init
                0x08002aa4      0x136 ./Drivers/STM32L4xx_HAL_Driver/Src/stm32l4xx_hal_i2c.o
                0x08002aa4                HAL_I2C_Init
 *fill*         0x08002bda        0x2 
 .text.HAL_I2C_Master_Transmit_DMA
                0x08002bdc      0x228 ./Drivers/STM32L4xx_HAL_Driver/Src/stm32l4xx_hal_i2c.o
                0x08002bdc                HAL_I2C_Master_Transmit_DMA
 .text.HAL_I2C_Master_Receive_DMA
                0x08002e04      0x1e0 ./Drivers/STM32L4xx_HAL_Driver/Src/stm32l4xx_hal_i2c.o
                0x08002e04                HAL_I2C_Master_Receive_DMA
 .text.HAL_I2C_Mem_Write_DMA
                0x08002fe4      0x1cc ./Drivers/STM32L4xx_HAL_Driver/Src/stm32l4xx_hal_i2c.o
                0x08002fe4                HAL_I2C_Mem_Write_DMA
 .text.HAL_I2C_Mem_Read_DMA
                0x080031b0      0x1cc ./Drivers/STM32L4xx_HAL_Driver/Src/stm32l4xx_hal_i2c.o
                0x080031b0                HAL_I2C_Mem_Read_DMA
 .text.HAL_I2C_EV_IRQHandler
                0x0800337c       0x34 ./Drivers/STM32L4xx_HAL_Driver/Src/stm32l4xx_hal_i2c.o
                0x0800337c                HAL_I2C_EV_IRQHandler
 .text.HAL_I2C_MasterTxCpltCallback
                0x080033b0       0x14 ./Drivers/STM32L4xx_HAL_Driver/Src/stm32l4xx_hal_i2c.o
                0x080033b0                HAL_I2C_MasterTxCpltCallback
 .text.HAL_I2C_MasterRxCpltCallback
                0x080033c4       0x14 ./Drivers/STM32L4xx_HAL_Driver/Src/stm32l4xx_hal_i2c.o
                0x080033c4                HAL_I2C_MasterRxCpltCallback
 .text.HAL_I2C_SlaveTxCpltCallback
                0x080033d8       0x14 ./Drivers/STM32L4xx_HAL_Driver/Src/stm32l4xx_hal_i2c.o
                0x080033d8                HAL_I2C_SlaveTxCpltCallback
 .text.HAL_I2C_SlaveRxCpltCallback
                0x080033ec       0x14 ./Drivers/STM32L4xx_HAL_Driver/Src/stm32l4xx_hal_i2c.o
                0x080033ec                HAL_I2C_SlaveRxCpltCallback
 .text.HAL_I2C_AddrCallback
                0x08003400       0x1c ./Drivers/STM32L4xx_HAL_Driver/Src/stm32l4xx_hal_i2c.o
                0x08003400                HAL_I2C_AddrCallback
 .text.HAL_I2C_ListenCpltCallback
                0x0800341c       0x14 ./Drivers/STM32L4xx_HAL_Driver/Src/stm32l4xx_hal_i2c.o
                0x0800341c                HAL_I2C_ListenCpltCallback
 .text.HAL_I2C_MemTxCpltCallback
                0x08003430       0x14 ./Drivers/STM32L4xx_HAL_Driver/Src/stm32l4xx_hal_i2c.o
                0x08003430                HAL_I2C_MemTxCpltCallback
 .text.HAL_I2C_MemRxCpltCallback
                0x08003444       0x14 ./Drivers/STM32L4xx_HAL_Driver/Src/stm32l4xx_hal_i2c.o
                0x08003444                HAL_I2C_MemRxCpltCallback
 .text.HAL_I2C_ErrorCallback
                0x08003458       0x14 ./Drivers/STM32L4xx_HAL_Driver/Src/stm32l4xx_hal_i2c.o
                0x08003458                HAL_I2C_ErrorCallback
 .text.HAL_I2C_AbortCpltCallback
                0x0800346c       0x14 ./Drivers/STM32L4xx_HAL_Driver/Src/stm32l4xx_hal_i2c.o
                0x0800346c                HAL_I2C_AbortCpltCallback
 .text.I2C_Master_ISR_IT
                0x08003480      0x284 ./Drivers/STM32L4xx_HAL_Driver/Src/stm32l4xx_hal_i2c.o
 .text.I2C_Slave_ISR_IT
                0x08003704      0x208 ./Drivers/STM32L4xx_HAL_Driver/Src/stm32l4xx_hal_i2c.o
 .text.I2C_Master_ISR_DMA
                0x0800390c      0x204 ./Drivers/STM32L4xx_HAL_Driver/Src/stm32l4xx_hal_i2c.o
 .text.I2C_Mem_ISR_DMA
                0x08003b10      0x29c ./Drivers/STM32L4xx_HAL_Driver/Src/stm32l4xx_hal_i2c.o
 .text.I2C_Slave_ISR_DMA
                0x08003dac      0x1c2 ./Drivers/STM32L4xx_HAL_Driver/Src/stm32l4xx_hal_i2c.o
 .text.I2C_ITAddrCplt
                0x08003f6e      0x108 ./Drivers/STM32L4xx_HAL_Driver/Src/stm32l4xx_hal_i2c.o
 .text.I2C_ITMasterSeqCplt
                0x08004076       0x7a ./Drivers/STM32L4xx_HAL_Driver/Src/stm32l4xx_hal_i2c.o
 .text.I2C_ITSlaveSeqCplt
                0x080040f0       0xbc ./Drivers/STM32L4xx_HAL_Driver/Src/stm32l4xx_hal_i2c.o
 .text.I2C_ITMasterCplt
                0x080041ac      0x194 ./Drivers/STM32L4xx_HAL_Driver/Src/stm32l4xx_hal_i2c.o
 .text.I2C_ITSlaveCplt
                0x08004340      0x2d4 ./Drivers/STM32L4xx_HAL_Driver/Src/stm32l4xx_hal_i2c.o
 .text.I2C_ITListenCplt
                0x08004614       0xac ./Drivers/STM32L4xx_HAL_Driver/Src/stm32l4xx_hal_i2c.o
 .text.I2C_ITError
                0x080046c0      0x1e0 ./Drivers/STM32L4xx_HAL_Driver/Src/stm32l4xx_hal_i2c.o
 .text.I2C_TreatErrorCallback
                0x080048a0       0x4e ./Drivers/STM32L4xx_HAL_Driver/Src/stm32l4xx_hal_i2c.o
 .text.I2C_Flush_TXDR
                0x080048ee       0x48 ./Drivers/STM32L4xx_HAL_Driver/Src/stm32l4xx_hal_i2c.o
 .text.I2C_DMAMasterTransmitCplt
                0x08004936       0x96 ./Drivers/STM32L4xx_HAL_Driver/Src/stm32l4xx_hal_i2c.o
 .text.I2C_DMAMasterReceiveCplt
                0x080049cc       0xb2 ./Drivers/STM32L4xx_HAL_Driver/Src/stm32l4xx_hal_i2c.o
 .text.I2C_DMAError
                0x08004a7e       0x2e ./Drivers/STM32L4xx_HAL_Driver/Src/stm32l4xx_hal_i2c.o
 .text.I2C_DMAAbort
                0x08004aac       0x3c ./Drivers/STM32L4xx_HAL_Driver/Src/stm32l4xx_hal_i2c.o
 .text.I2C_TransferConfig
                0x08004ae8       0x64 ./Drivers/STM32L4xx_HAL_Driver/Src/stm32l4xx_hal_i2c.o
 .text.I2C_Enable_IRQ
                0x08004b4c      0x108 ./Drivers/STM32L4xx_HAL_Driver/Src/stm32l4xx_hal_i2c.o
 .text.I2C_Disable_IRQ
                0x08004c54       0xbc ./Drivers/STM32L4xx_HAL_Driver/Src/stm32l4xx_hal_i2c.o
 .text.HAL_I2CEx_ConfigAnalogFilter
                0x08004d10       0x96 ./Drivers/STM32L4xx_HAL_Driver/Src/stm32l4xx_hal_i2c_ex.o
                0x08004d10                HAL_I2CEx_ConfigAnalogFilter
 .text.HAL_I2CEx_ConfigDigitalFilter
                0x08004da6       0x98 ./Drivers/STM32L4xx_HAL_Driver/Src/stm32l4xx_hal_i2c_ex.o
                0x08004da6                HAL_I2CEx_ConfigDigitalFilter
 *fill*         0x08004e3e        0x2 
 .text.HAL_PWREx_GetVoltageRange
                0x08004e40       0x40 ./Drivers/STM32L4xx_HAL_Driver/Src/stm32l4xx_hal_pwr_ex.o
                0x08004e40                HAL_PWREx_GetVoltageRange
 .text.HAL_PWREx_ControlVoltageScaling
                0x08004e80      0x148 ./Drivers/STM32L4xx_HAL_Driver/Src/stm32l4xx_hal_pwr_ex.o
                0x08004e80                HAL_PWREx_ControlVoltageScaling
 .text.HAL_RCC_OscConfig
                0x08004fc8      0x834 ./Drivers/STM32L4xx_HAL_Driver/Src/stm32l4xx_hal_rcc.o
                0x08004fc8                HAL_RCC_OscConfig
 .text.HAL_RCC_ClockConfig
                0x080057fc      0x274 ./Drivers/STM32L4xx_HAL_Driver/Src/stm32l4xx_hal_rcc.o
                0x080057fc                HAL_RCC_ClockConfig
 .text.HAL_RCC_GetSysClockFreq
                0x08005a70      0x118 ./Drivers/STM32L4xx_HAL_Driver/Src/stm32l4xx_hal_rcc.o
                0x08005a70                HAL_RCC_GetSysClockFreq
 .text.HAL_RCC_GetHCLKFreq
                0x08005b88       0x18 ./Drivers/STM32L4xx_HAL_Driver/Src/stm32l4xx_hal_rcc.o
                0x08005b88                HAL_RCC_GetHCLKFreq
 .text.HAL_RCC_GetPCLK1Freq
                0x08005ba0       0x2c ./Drivers/STM32L4xx_HAL_Driver/Src/stm32l4xx_hal_rcc.o
                0x08005ba0                HAL_RCC_GetPCLK1Freq
 .text.HAL_RCC_GetPCLK2Freq
                0x08005bcc       0x2c ./Drivers/STM32L4xx_HAL_Driver/Src/stm32l4xx_hal_rcc.o
                0x08005bcc                HAL_RCC_GetPCLK2Freq
 .text.HAL_RCC_GetClockConfig
                0x08005bf8       0x64 ./Drivers/STM32L4xx_HAL_Driver/Src/stm32l4xx_hal_rcc.o
                0x08005bf8                HAL_RCC_GetClockConfig
 .text.RCC_SetFlashLatencyFromMSIRange
                0x08005c5c       0xb4 ./Drivers/STM32L4xx_HAL_Driver/Src/stm32l4xx_hal_rcc.o
 .text.RCC_GetSysClockFreqFromPLLSource
                0x08005d10       0xcc ./Drivers/STM32L4xx_HAL_Driver/Src/stm32l4xx_hal_rcc.o
 .text.HAL_RCCEx_PeriphCLKConfig
                0x08005ddc      0x660 ./Drivers/STM32L4xx_HAL_Driver/Src/stm32l4xx_hal_rcc_ex.o
                0x08005ddc                HAL_RCCEx_PeriphCLKConfig
 .text.RCCEx_PLLSAI1_Config
                0x0800643c      0x1e8 ./Drivers/STM32L4xx_HAL_Driver/Src/stm32l4xx_hal_rcc_ex.o
 .text.RCCEx_PLLSAI2_Config
                0x08006624      0x1e8 ./Drivers/STM32L4xx_HAL_Driver/Src/stm32l4xx_hal_rcc_ex.o
 .text.HAL_TIM_Base_Init
                0x0800680c       0xc8 ./Drivers/STM32L4xx_HAL_Driver/Src/stm32l4xx_hal_tim.o
                0x0800680c                HAL_TIM_Base_Init
 .text.HAL_TIM_Base_MspInit
                0x080068d4       0x14 ./Drivers/STM32L4xx_HAL_Driver/Src/stm32l4xx_hal_tim.o
                0x080068d4                HAL_TIM_Base_MspInit
 .text.HAL_TIM_Base_Start_IT
                0x080068e8       0xe0 ./Drivers/STM32L4xx_HAL_Driver/Src/stm32l4xx_hal_tim.o
                0x080068e8                HAL_TIM_Base_Start_IT
 .text.HAL_TIM_IRQHandler
                0x080069c8      0x252 ./Drivers/STM32L4xx_HAL_Driver/Src/stm32l4xx_hal_tim.o
                0x080069c8                HAL_TIM_IRQHandler
 .text.HAL_TIM_PeriodElapsedHalfCpltCallback
                0x08006c1a       0x14 ./Drivers/STM32L4xx_HAL_Driver/Src/stm32l4xx_hal_tim.o
                0x08006c1a                HAL_TIM_PeriodElapsedHalfCpltCallback
 .text.HAL_TIM_OC_DelayElapsedCallback
                0x08006c2e       0x14 ./Drivers/STM32L4xx_HAL_Driver/Src/stm32l4xx_hal_tim.o
                0x08006c2e                HAL_TIM_OC_DelayElapsedCallback
 .text.HAL_TIM_IC_CaptureCallback
                0x08006c42       0x14 ./Drivers/STM32L4xx_HAL_Driver/Src/stm32l4xx_hal_tim.o
                0x08006c42                HAL_TIM_IC_CaptureCallback
 .text.HAL_TIM_IC_CaptureHalfCpltCallback
                0x08006c56       0x14 ./Drivers/STM32L4xx_HAL_Driver/Src/stm32l4xx_hal_tim.o
                0x08006c56                HAL_TIM_IC_CaptureHalfCpltCallback
 .text.HAL_TIM_PWM_PulseFinishedCallback
                0x08006c6a       0x14 ./Drivers/STM32L4xx_HAL_Driver/Src/stm32l4xx_hal_tim.o
                0x08006c6a                HAL_TIM_PWM_PulseFinishedCallback
 .text.HAL_TIM_PWM_PulseFinishedHalfCpltCallback
                0x08006c7e       0x14 ./Drivers/STM32L4xx_HAL_Driver/Src/stm32l4xx_hal_tim.o
                0x08006c7e                HAL_TIM_PWM_PulseFinishedHalfCpltCallback
 .text.HAL_TIM_TriggerCallback
                0x08006c92       0x14 ./Drivers/STM32L4xx_HAL_Driver/Src/stm32l4xx_hal_tim.o
                0x08006c92                HAL_TIM_TriggerCallback
 .text.HAL_TIM_TriggerHalfCpltCallback
                0x08006ca6       0x14 ./Drivers/STM32L4xx_HAL_Driver/Src/stm32l4xx_hal_tim.o
                0x08006ca6                HAL_TIM_TriggerHalfCpltCallback
 .text.HAL_TIM_ErrorCallback
                0x08006cba       0x14 ./Drivers/STM32L4xx_HAL_Driver/Src/stm32l4xx_hal_tim.o
                0x08006cba                HAL_TIM_ErrorCallback
 *fill*         0x08006cce        0x2 
 .text.HAL_TIM_RegisterCallback
                0x08006cd0      0x288 ./Drivers/STM32L4xx_HAL_Driver/Src/stm32l4xx_hal_tim.o
                0x08006cd0                HAL_TIM_RegisterCallback
 .text.TIM_Base_SetConfig
                0x08006f58      0x14c ./Drivers/STM32L4xx_HAL_Driver/Src/stm32l4xx_hal_tim.o
                0x08006f58                TIM_Base_SetConfig
 .text.TIM_ResetCallback
                0x080070a4       0xbc ./Drivers/STM32L4xx_HAL_Driver/Src/stm32l4xx_hal_tim.o
                0x080070a4                TIM_ResetCallback
 .text.HAL_TIMEx_CommutCallback
                0x08007160       0x14 ./Drivers/STM32L4xx_HAL_Driver/Src/stm32l4xx_hal_tim_ex.o
                0x08007160                HAL_TIMEx_CommutCallback
 .text.HAL_TIMEx_CommutHalfCpltCallback
                0x08007174       0x14 ./Drivers/STM32L4xx_HAL_Driver/Src/stm32l4xx_hal_tim_ex.o
                0x08007174                HAL_TIMEx_CommutHalfCpltCallback
 .text.HAL_TIMEx_BreakCallback
                0x08007188       0x14 ./Drivers/STM32L4xx_HAL_Driver/Src/stm32l4xx_hal_tim_ex.o
                0x08007188                HAL_TIMEx_BreakCallback
 .text.HAL_TIMEx_Break2Callback
                0x0800719c       0x14 ./Drivers/STM32L4xx_HAL_Driver/Src/stm32l4xx_hal_tim_ex.o
                0x0800719c                HAL_TIMEx_Break2Callback
 .text.HAL_UART_Init
                0x080071b0       0xa0 ./Drivers/STM32L4xx_HAL_Driver/Src/stm32l4xx_hal_uart.o
                0x080071b0                HAL_UART_Init
 .text.HAL_UART_Transmit_DMA
                0x08007250      0x100 ./Drivers/STM32L4xx_HAL_Driver/Src/stm32l4xx_hal_uart.o
                0x08007250                HAL_UART_Transmit_DMA
 .text.HAL_UART_IRQHandler
                0x08007350      0x684 ./Drivers/STM32L4xx_HAL_Driver/Src/stm32l4xx_hal_uart.o
                0x08007350                HAL_UART_IRQHandler
 .text.HAL_UART_TxCpltCallback
                0x080079d4       0x14 ./Drivers/STM32L4xx_HAL_Driver/Src/stm32l4xx_hal_uart.o
                0x080079d4                HAL_UART_TxCpltCallback
 .text.HAL_UART_TxHalfCpltCallback
                0x080079e8       0x14 ./Drivers/STM32L4xx_HAL_Driver/Src/stm32l4xx_hal_uart.o
                0x080079e8                HAL_UART_TxHalfCpltCallback
 .text.HAL_UART_ErrorCallback
                0x080079fc       0x14 ./Drivers/STM32L4xx_HAL_Driver/Src/stm32l4xx_hal_uart.o
                0x080079fc                HAL_UART_ErrorCallback
 .text.HAL_UARTEx_RxEventCallback
                0x08007a10       0x18 ./Drivers/STM32L4xx_HAL_Driver/Src/stm32l4xx_hal_uart.o
                0x08007a10                HAL_UARTEx_RxEventCallback
 .text.UART_SetConfig
                0x08007a28      0x5f8 ./Drivers/STM32L4xx_HAL_Driver/Src/stm32l4xx_hal_uart.o
                0x08007a28                UART_SetConfig
 .text.UART_AdvFeatureConfig
                0x08008020      0x144 ./Drivers/STM32L4xx_HAL_Driver/Src/stm32l4xx_hal_uart.o
                0x08008020                UART_AdvFeatureConfig
 .text.UART_CheckIdleState
                0x08008164      0x154 ./Drivers/STM32L4xx_HAL_Driver/Src/stm32l4xx_hal_uart.o
                0x08008164                UART_CheckIdleState
 .text.UART_WaitOnFlagUntilTimeout
                0x080082b8       0xda ./Drivers/STM32L4xx_HAL_Driver/Src/stm32l4xx_hal_uart.o
                0x080082b8                UART_WaitOnFlagUntilTimeout
 .text.UART_EndTxTransfer
                0x08008392       0x82 ./Drivers/STM32L4xx_HAL_Driver/Src/stm32l4xx_hal_uart.o
 .text.UART_EndRxTransfer
                0x08008414       0xcc ./Drivers/STM32L4xx_HAL_Driver/Src/stm32l4xx_hal_uart.o
 .text.UART_DMATransmitCplt
                0x080084e0       0x9a ./Drivers/STM32L4xx_HAL_Driver/Src/stm32l4xx_hal_uart.o
 .text.UART_DMATxHalfCplt
                0x0800857a       0x1c ./Drivers/STM32L4xx_HAL_Driver/Src/stm32l4xx_hal_uart.o
 .text.UART_DMAError
                0x08008596       0x80 ./Drivers/STM32L4xx_HAL_Driver/Src/stm32l4xx_hal_uart.o
 .text.UART_DMAAbortOnError
                0x08008616       0x2c ./Drivers/STM32L4xx_HAL_Driver/Src/stm32l4xx_hal_uart.o
 .text.UART_EndTransmit_IT
                0x08008642       0x56 ./Drivers/STM32L4xx_HAL_Driver/Src/stm32l4xx_hal_uart.o
 .text.HAL_UARTEx_WakeupCallback
                0x08008698       0x14 ./Drivers/STM32L4xx_HAL_Driver/Src/stm32l4xx_hal_uart_ex.o
                0x08008698                HAL_UARTEx_WakeupCallback
 .text.HAL_UARTEx_RxFifoFullCallback
                0x080086ac       0x14 ./Drivers/STM32L4xx_HAL_Driver/Src/stm32l4xx_hal_uart_ex.o
                0x080086ac                HAL_UARTEx_RxFifoFullCallback
 .text.HAL_UARTEx_TxFifoEmptyCallback
                0x080086c0       0x14 ./Drivers/STM32L4xx_HAL_Driver/Src/stm32l4xx_hal_uart_ex.o
                0x080086c0                HAL_UARTEx_TxFifoEmptyCallback
 .text.HAL_UARTEx_DisableFifoMode
                0x080086d4       0x72 ./Drivers/STM32L4xx_HAL_Driver/Src/stm32l4xx_hal_uart_ex.o
                0x080086d4                HAL_UARTEx_DisableFifoMode
 .text.HAL_UARTEx_SetTxFifoThreshold
                0x08008746       0x7c ./Drivers/STM32L4xx_HAL_Driver/Src/stm32l4xx_hal_uart_ex.o
                0x08008746                HAL_UARTEx_SetTxFifoThreshold
 .text.HAL_UARTEx_SetRxFifoThreshold
                0x080087c2       0x7c ./Drivers/STM32L4xx_HAL_Driver/Src/stm32l4xx_hal_uart_ex.o
                0x080087c2                HAL_UARTEx_SetRxFifoThreshold
 *fill*         0x0800883e        0x2 
 .text.UARTEx_SetNbDataToProcess
                0x08008840       0x9c ./Drivers/STM32L4xx_HAL_Driver/Src/stm32l4xx_hal_uart_ex.o
 .text.Biquad_Process
                0x080088dc       0x98 ./Filter/filter.o
 .text.Filter_Process
                0x08008974       0x50 ./Filter/filter.o
 .text.Init_Biquad_Chain
                0x080089c4       0xe4 ./Filter/filter.o
 .text.LSM6DSL_Filter_Init
                0x08008aa8       0x44 ./Filter/filter.o
                0x08008aa8                LSM6DSL_Filter_Init
 .text.LSM6DSL_Filter_Update
                0x08008aec       0xc8 ./Filter/filter.o
                0x08008aec                LSM6DSL_Filter_Update
 .text.LIS3MDL_Filter_Init
                0x08008bb4       0x28 ./Filter/filter.o
                0x08008bb4                LIS3MDL_Filter_Init
 .text.LIS3MDL_Filter_Update
                0x08008bdc       0x88 ./Filter/filter.o
                0x08008bdc                LIS3MDL_Filter_Update
 .text.__NVIC_SetPriority
                0x08008c64       0x54 ./Middlewares/Third_Party/FreeRTOS/Source/CMSIS_RTOS_V2/cmsis_os2.o
 .text.SysTick_Handler
                0x08008cb8       0x20 ./Middlewares/Third_Party/FreeRTOS/Source/CMSIS_RTOS_V2/cmsis_os2.o
                0x08008cb8                SysTick_Handler
 .text.SVC_Setup
                0x08008cd8       0x12 ./Middlewares/Third_Party/FreeRTOS/Source/CMSIS_RTOS_V2/cmsis_os2.o
 *fill*         0x08008cea        0x2 
 .text.osKernelInitialize
                0x08008cec       0x48 ./Middlewares/Third_Party/FreeRTOS/Source/CMSIS_RTOS_V2/cmsis_os2.o
                0x08008cec                osKernelInitialize
 .text.osKernelStart
                0x08008d34       0x4c ./Middlewares/Third_Party/FreeRTOS/Source/CMSIS_RTOS_V2/cmsis_os2.o
                0x08008d34                osKernelStart
 .text.osKernelGetTickCount
                0x08008d80       0x2a ./Middlewares/Third_Party/FreeRTOS/Source/CMSIS_RTOS_V2/cmsis_os2.o
                0x08008d80                osKernelGetTickCount
 .text.osThreadNew
                0x08008daa      0x124 ./Middlewares/Third_Party/FreeRTOS/Source/CMSIS_RTOS_V2/cmsis_os2.o
                0x08008daa                osThreadNew
 .text.osThreadTerminate
                0x08008ece       0x5a ./Middlewares/Third_Party/FreeRTOS/Source/CMSIS_RTOS_V2/cmsis_os2.o
                0x08008ece                osThreadTerminate
 .text.osThreadFlagsSet
                0x08008f28       0x9c ./Middlewares/Third_Party/FreeRTOS/Source/CMSIS_RTOS_V2/cmsis_os2.o
                0x08008f28                osThreadFlagsSet
 .text.osThreadFlagsWait
                0x08008fc4      0x102 ./Middlewares/Third_Party/FreeRTOS/Source/CMSIS_RTOS_V2/cmsis_os2.o
                0x08008fc4                osThreadFlagsWait
 .text.osDelay  0x080090c6       0x36 ./Middlewares/Third_Party/FreeRTOS/Source/CMSIS_RTOS_V2/cmsis_os2.o
                0x080090c6                osDelay
 .text.osSemaphoreNew
                0x080090fc      0x112 ./Middlewares/Third_Party/FreeRTOS/Source/CMSIS_RTOS_V2/cmsis_os2.o
                0x080090fc                osSemaphoreNew
 *fill*         0x0800920e        0x2 
 .text.osSemaphoreAcquire
                0x08009210       0xa4 ./Middlewares/Third_Party/FreeRTOS/Source/CMSIS_RTOS_V2/cmsis_os2.o
                0x08009210                osSemaphoreAcquire
 .text.osSemaphoreRelease
                0x080092b4       0x88 ./Middlewares/Third_Party/FreeRTOS/Source/CMSIS_RTOS_V2/cmsis_os2.o
                0x080092b4                osSemaphoreRelease
 .text.osSemaphoreGetCount
                0x0800933c       0x40 ./Middlewares/Third_Party/FreeRTOS/Source/CMSIS_RTOS_V2/cmsis_os2.o
                0x0800933c                osSemaphoreGetCount
 .text.vApplicationGetIdleTaskMemory
                0x0800937c       0x34 ./Middlewares/Third_Party/FreeRTOS/Source/CMSIS_RTOS_V2/cmsis_os2.o
                0x0800937c                vApplicationGetIdleTaskMemory
 .text.vApplicationGetTimerTaskMemory
                0x080093b0       0x34 ./Middlewares/Third_Party/FreeRTOS/Source/CMSIS_RTOS_V2/cmsis_os2.o
                0x080093b0                vApplicationGetTimerTaskMemory
 .text.vListInitialise
                0x080093e4       0x40 ./Middlewares/Third_Party/FreeRTOS/Source/list.o
                0x080093e4                vListInitialise
 .text.vListInitialiseItem
                0x08009424       0x1a ./Middlewares/Third_Party/FreeRTOS/Source/list.o
                0x08009424                vListInitialiseItem
 .text.vListInsertEnd
                0x0800943e       0x48 ./Middlewares/Third_Party/FreeRTOS/Source/list.o
                0x0800943e                vListInsertEnd
 .text.vListInsert
                0x08009486       0x72 ./Middlewares/Third_Party/FreeRTOS/Source/list.o
                0x08009486                vListInsert
 .text.uxListRemove
                0x080094f8       0x54 ./Middlewares/Third_Party/FreeRTOS/Source/list.o
                0x080094f8                uxListRemove
 .text.xQueueGenericReset
                0x0800954c       0xd4 ./Middlewares/Third_Party/FreeRTOS/Source/queue.o
                0x0800954c                xQueueGenericReset
 .text.xQueueGenericCreateStatic
                0x08009620       0xfa ./Middlewares/Third_Party/FreeRTOS/Source/queue.o
                0x08009620                xQueueGenericCreateStatic
 .text.xQueueGenericCreate
                0x0800971a       0x76 ./Middlewares/Third_Party/FreeRTOS/Source/queue.o
                0x0800971a                xQueueGenericCreate
 .text.prvInitialiseNewQueue
                0x08009790       0x46 ./Middlewares/Third_Party/FreeRTOS/Source/queue.o
 .text.xQueueCreateCountingSemaphoreStatic
                0x080097d6       0x72 ./Middlewares/Third_Party/FreeRTOS/Source/queue.o
                0x080097d6                xQueueCreateCountingSemaphoreStatic
 .text.xQueueCreateCountingSemaphore
                0x08009848       0x6a ./Middlewares/Third_Party/FreeRTOS/Source/queue.o
                0x08009848                xQueueCreateCountingSemaphore
 *fill*         0x080098b2        0x2 
 .text.xQueueGenericSend
                0x080098b4      0x204 ./Middlewares/Third_Party/FreeRTOS/Source/queue.o
                0x080098b4                xQueueGenericSend
 .text.xQueueGenericSendFromISR
                0x08009ab8      0x13c ./Middlewares/Third_Party/FreeRTOS/Source/queue.o
                0x08009ab8                xQueueGenericSendFromISR
 .text.xQueueGiveFromISR
                0x08009bf4      0x120 ./Middlewares/Third_Party/FreeRTOS/Source/queue.o
                0x08009bf4                xQueueGiveFromISR
 .text.xQueueReceive
                0x08009d14      0x1c4 ./Middlewares/Third_Party/FreeRTOS/Source/queue.o
                0x08009d14                xQueueReceive
 .text.xQueueSemaphoreTake
                0x08009ed8      0x220 ./Middlewares/Third_Party/FreeRTOS/Source/queue.o
                0x08009ed8                xQueueSemaphoreTake
 .text.xQueueReceiveFromISR
                0x0800a0f8      0x104 ./Middlewares/Third_Party/FreeRTOS/Source/queue.o
                0x0800a0f8                xQueueReceiveFromISR
 .text.uxQueueMessagesWaiting
                0x0800a1fc       0x3e ./Middlewares/Third_Party/FreeRTOS/Source/queue.o
                0x0800a1fc                uxQueueMessagesWaiting
 .text.uxQueueMessagesWaitingFromISR
                0x0800a23a       0x3e ./Middlewares/Third_Party/FreeRTOS/Source/queue.o
                0x0800a23a                uxQueueMessagesWaitingFromISR
 .text.vQueueDelete
                0x0800a278       0x48 ./Middlewares/Third_Party/FreeRTOS/Source/queue.o
                0x0800a278                vQueueDelete
 .text.prvGetDisinheritPriorityAfterTimeout
                0x0800a2c0       0x30 ./Middlewares/Third_Party/FreeRTOS/Source/queue.o
 .text.prvCopyDataToQueue
                0x0800a2f0       0xd4 ./Middlewares/Third_Party/FreeRTOS/Source/queue.o
 .text.prvCopyDataFromQueue
                0x0800a3c4       0x4c ./Middlewares/Third_Party/FreeRTOS/Source/queue.o
 .text.prvUnlockQueue
                0x0800a410       0xa4 ./Middlewares/Third_Party/FreeRTOS/Source/queue.o
 .text.prvIsQueueEmpty
                0x0800a4b4       0x2c ./Middlewares/Third_Party/FreeRTOS/Source/queue.o
 .text.prvIsQueueFull
                0x0800a4e0       0x30 ./Middlewares/Third_Party/FreeRTOS/Source/queue.o
 .text.vQueueAddToRegistry
                0x0800a510       0x54 ./Middlewares/Third_Party/FreeRTOS/Source/queue.o
                0x0800a510                vQueueAddToRegistry
 .text.vQueueUnregisterQueue
                0x0800a564       0x54 ./Middlewares/Third_Party/FreeRTOS/Source/queue.o
                0x0800a564                vQueueUnregisterQueue
 .text.vQueueWaitForMessageRestricted
                0x0800a5b8       0x68 ./Middlewares/Third_Party/FreeRTOS/Source/queue.o
                0x0800a5b8                vQueueWaitForMessageRestricted
 .text.xTaskCreateStatic
                0x0800a620       0xc0 ./Middlewares/Third_Party/FreeRTOS/Source/tasks.o
                0x0800a620                xTaskCreateStatic
 .text.xTaskCreate
                0x0800a6e0       0x8a ./Middlewares/Third_Party/FreeRTOS/Source/tasks.o
                0x0800a6e0                xTaskCreate
 *fill*         0x0800a76a        0x2 
 .text.prvInitialiseNewTask
                0x0800a76c      0x154 ./Middlewares/Third_Party/FreeRTOS/Source/tasks.o
 .text.prvAddNewTaskToReadyList
                0x0800a8c0      0x11c ./Middlewares/Third_Party/FreeRTOS/Source/tasks.o
 .text.vTaskDelete
                0x0800a9dc      0x11c ./Middlewares/Third_Party/FreeRTOS/Source/tasks.o
                0x0800a9dc                vTaskDelete
 .text.vTaskDelay
                0x0800aaf8       0x6c ./Middlewares/Third_Party/FreeRTOS/Source/tasks.o
                0x0800aaf8                vTaskDelay
 .text.eTaskGetState
                0x0800ab64       0xd0 ./Middlewares/Third_Party/FreeRTOS/Source/tasks.o
                0x0800ab64                eTaskGetState
 .text.vTaskStartScheduler
                0x0800ac34      0x10c ./Middlewares/Third_Party/FreeRTOS/Source/tasks.o
                0x0800ac34                vTaskStartScheduler
 .text.vTaskSuspendAll
                0x0800ad40       0x1c ./Middlewares/Third_Party/FreeRTOS/Source/tasks.o
                0x0800ad40                vTaskSuspendAll
 .text.xTaskResumeAll
                0x0800ad5c      0x144 ./Middlewares/Third_Party/FreeRTOS/Source/tasks.o
                0x0800ad5c                xTaskResumeAll
 .text.xTaskGetTickCount
                0x0800aea0       0x20 ./Middlewares/Third_Party/FreeRTOS/Source/tasks.o
                0x0800aea0                xTaskGetTickCount
 .text.xTaskGetTickCountFromISR
                0x0800aec0       0x24 ./Middlewares/Third_Party/FreeRTOS/Source/tasks.o
                0x0800aec0                xTaskGetTickCountFromISR
 .text.xTaskIncrementTick
                0x0800aee4      0x17c ./Middlewares/Third_Party/FreeRTOS/Source/tasks.o
                0x0800aee4                xTaskIncrementTick
 .text.vTaskSwitchContext
                0x0800b060      0x12c ./Middlewares/Third_Party/FreeRTOS/Source/tasks.o
                0x0800b060                vTaskSwitchContext
 .text.vTaskPlaceOnEventList
                0x0800b18c       0x4c ./Middlewares/Third_Party/FreeRTOS/Source/tasks.o
                0x0800b18c                vTaskPlaceOnEventList
 .text.vTaskPlaceOnEventListRestricted
                0x0800b1d8       0x58 ./Middlewares/Third_Party/FreeRTOS/Source/tasks.o
                0x0800b1d8                vTaskPlaceOnEventListRestricted
 .text.xTaskRemoveFromEventList
                0x0800b230       0xd0 ./Middlewares/Third_Party/FreeRTOS/Source/tasks.o
                0x0800b230                xTaskRemoveFromEventList
 .text.vTaskInternalSetTimeOutState
                0x0800b300       0x2c ./Middlewares/Third_Party/FreeRTOS/Source/tasks.o
                0x0800b300                vTaskInternalSetTimeOutState
 .text.xTaskCheckForTimeOut
                0x0800b32c       0xc8 ./Middlewares/Third_Party/FreeRTOS/Source/tasks.o
                0x0800b32c                xTaskCheckForTimeOut
 .text.vTaskMissedYield
                0x0800b3f4       0x18 ./Middlewares/Third_Party/FreeRTOS/Source/tasks.o
                0x0800b3f4                vTaskMissedYield
 .text.prvIdleTask
                0x0800b40c       0x30 ./Middlewares/Third_Party/FreeRTOS/Source/tasks.o
 .text.prvInitialiseTaskLists
                0x0800b43c       0x80 ./Middlewares/Third_Party/FreeRTOS/Source/tasks.o
 .text.prvCheckTasksWaitingTermination
                0x0800b4bc       0x5c ./Middlewares/Third_Party/FreeRTOS/Source/tasks.o
 .text.prvTaskCheckFreeStackSpace
                0x0800b518       0x38 ./Middlewares/Third_Party/FreeRTOS/Source/tasks.o
 .text.uxTaskGetStackHighWaterMark
                0x0800b550       0x38 ./Middlewares/Third_Party/FreeRTOS/Source/tasks.o
                0x0800b550                uxTaskGetStackHighWaterMark
 .text.prvDeleteTCB
                0x0800b588       0x6a ./Middlewares/Third_Party/FreeRTOS/Source/tasks.o
 *fill*         0x0800b5f2        0x2 
 .text.prvResetNextTaskUnblockTime
                0x0800b5f4       0x40 ./Middlewares/Third_Party/FreeRTOS/Source/tasks.o
 .text.xTaskGetSchedulerState
                0x0800b634       0x3c ./Middlewares/Third_Party/FreeRTOS/Source/tasks.o
                0x0800b634                xTaskGetSchedulerState
 .text.xTaskPriorityInherit
                0x0800b670       0xd8 ./Middlewares/Third_Party/FreeRTOS/Source/tasks.o
                0x0800b670                xTaskPriorityInherit
 .text.xTaskPriorityDisinherit
                0x0800b748       0xe8 ./Middlewares/Third_Party/FreeRTOS/Source/tasks.o
                0x0800b748                xTaskPriorityDisinherit
 .text.vTaskPriorityDisinheritAfterTimeout
                0x0800b830      0x110 ./Middlewares/Third_Party/FreeRTOS/Source/tasks.o
                0x0800b830                vTaskPriorityDisinheritAfterTimeout
 .text.pvTaskIncrementMutexHeldCount
                0x0800b940       0x28 ./Middlewares/Third_Party/FreeRTOS/Source/tasks.o
                0x0800b940                pvTaskIncrementMutexHeldCount
 .text.xTaskNotifyWait
                0x0800b968       0xc0 ./Middlewares/Third_Party/FreeRTOS/Source/tasks.o
                0x0800b968                xTaskNotifyWait
 .text.xTaskGenericNotify
                0x0800ba28      0x18c ./Middlewares/Third_Party/FreeRTOS/Source/tasks.o
                0x0800ba28                xTaskGenericNotify
 .text.xTaskGenericNotifyFromISR
                0x0800bbb4      0x1d4 ./Middlewares/Third_Party/FreeRTOS/Source/tasks.o
                0x0800bbb4                xTaskGenericNotifyFromISR
 .text.prvAddCurrentTaskToDelayedList
                0x0800bd88       0xa8 ./Middlewares/Third_Party/FreeRTOS/Source/tasks.o
 .text.xTimerCreateTimerTask
                0x0800be30       0x94 ./Middlewares/Third_Party/FreeRTOS/Source/timers.o
                0x0800be30                xTimerCreateTimerTask
 .text.xTimerGenericCommand
                0x0800bec4       0x9c ./Middlewares/Third_Party/FreeRTOS/Source/timers.o
                0x0800bec4                xTimerGenericCommand
 .text.prvProcessExpiredTimer
                0x0800bf60       0x9c ./Middlewares/Third_Party/FreeRTOS/Source/timers.o
 .text.prvTimerTask
                0x0800bffc       0x26 ./Middlewares/Third_Party/FreeRTOS/Source/timers.o
 *fill*         0x0800c022        0x2 
 .text.prvProcessTimerOrBlockTask
                0x0800c024       0x9c ./Middlewares/Third_Party/FreeRTOS/Source/timers.o
 .text.prvGetNextExpireTime
                0x0800c0c0       0x48 ./Middlewares/Third_Party/FreeRTOS/Source/timers.o
 .text.prvSampleTimeNow
                0x0800c108       0x40 ./Middlewares/Third_Party/FreeRTOS/Source/timers.o
 .text.prvInsertTimerInActiveList
                0x0800c148       0x84 ./Middlewares/Third_Party/FreeRTOS/Source/timers.o
 .text.prvProcessReceivedCommands
                0x0800c1cc      0x1cc ./Middlewares/Third_Party/FreeRTOS/Source/timers.o
 .text.prvSwitchTimerLists
                0x0800c398       0xcc ./Middlewares/Third_Party/FreeRTOS/Source/timers.o
 .text.prvCheckForValidListAndQueue
                0x0800c464       0x80 ./Middlewares/Third_Party/FreeRTOS/Source/timers.o
 .text.pxPortInitialiseStack
                0x0800c4e4       0x68 ./Middlewares/Third_Party/FreeRTOS/Source/portable/GCC/ARM_CM4F/port.o
                0x0800c4e4                pxPortInitialiseStack
 .text.prvTaskExitError
                0x0800c54c       0x5c ./Middlewares/Third_Party/FreeRTOS/Source/portable/GCC/ARM_CM4F/port.o
 *fill*         0x0800c5a8        0x8 
 .text.SVC_Handler
                0x0800c5b0       0x28 ./Middlewares/Third_Party/FreeRTOS/Source/portable/GCC/ARM_CM4F/port.o
                0x0800c5b0                SVC_Handler
 .text.prvPortStartFirstTask
                0x0800c5d8       0x28 ./Middlewares/Third_Party/FreeRTOS/Source/portable/GCC/ARM_CM4F/port.o
 .text.xPortStartScheduler
                0x0800c600      0x148 ./Middlewares/Third_Party/FreeRTOS/Source/portable/GCC/ARM_CM4F/port.o
                0x0800c600                xPortStartScheduler
 .text.vPortEnterCritical
                0x0800c748       0x64 ./Middlewares/Third_Party/FreeRTOS/Source/portable/GCC/ARM_CM4F/port.o
                0x0800c748                vPortEnterCritical
 .text.vPortExitCritical
                0x0800c7ac       0x54 ./Middlewares/Third_Party/FreeRTOS/Source/portable/GCC/ARM_CM4F/port.o
                0x0800c7ac                vPortExitCritical
 .text.PendSV_Handler
                0x0800c800       0x68 ./Middlewares/Third_Party/FreeRTOS/Source/portable/GCC/ARM_CM4F/port.o
                0x0800c800                PendSV_Handler
 .text.xPortSysTickHandler
                0x0800c868       0x44 ./Middlewares/Third_Party/FreeRTOS/Source/portable/GCC/ARM_CM4F/port.o
                0x0800c868                xPortSysTickHandler
 .text.vPortSetupTimerInterrupt
                0x0800c8ac       0x48 ./Middlewares/Third_Party/FreeRTOS/Source/portable/GCC/ARM_CM4F/port.o
                0x0800c8ac                vPortSetupTimerInterrupt
 .text.vPortEnableVFP
                0x0800c8f4       0x14 ./Middlewares/Third_Party/FreeRTOS/Source/portable/GCC/ARM_CM4F/port.o
 .text.vPortValidateInterruptPriority
                0x0800c908       0x84 ./Middlewares/Third_Party/FreeRTOS/Source/portable/GCC/ARM_CM4F/port.o
                0x0800c908                vPortValidateInterruptPriority
 .text.pvPortMalloc
                0x0800c98c      0x19c ./Middlewares/Third_Party/FreeRTOS/Source/portable/MemMang/heap_4.o
                0x0800c98c                pvPortMalloc
 .text.vPortFree
                0x0800cb28       0xc8 ./Middlewares/Third_Party/FreeRTOS/Source/portable/MemMang/heap_4.o
                0x0800cb28                vPortFree
 .text.prvHeapInit
                0x0800cbf0       0xc4 ./Middlewares/Third_Party/FreeRTOS/Source/portable/MemMang/heap_4.o
 .text.prvInsertBlockIntoFreeList
                0x0800ccb4       0xb4 ./Middlewares/Third_Party/FreeRTOS/Source/portable/MemMang/heap_4.o
 .text._DoInit  0x0800cd68       0xb4 ./Middlewares/Third_Party/Segger/SEGGER_RTT.o
 .text.SEGGER_RTT_ReadNoLock
                0x0800ce1c      0x10c ./Middlewares/Third_Party/Segger/SEGGER_RTT.o
                0x0800ce1c                SEGGER_RTT_ReadNoLock
 .text.SEGGER_RTT_AllocUpBuffer
                0x0800cf28      0x108 ./Middlewares/Third_Party/Segger/SEGGER_RTT.o
                0x0800cf28                SEGGER_RTT_AllocUpBuffer
 .text.SEGGER_RTT_ConfigDownBuffer
                0x0800d030       0x98 ./Middlewares/Third_Party/Segger/SEGGER_RTT.o
                0x0800d030                SEGGER_RTT_ConfigDownBuffer
 .text._EncodeStr
                0x0800d0c8       0x9c ./Middlewares/Third_Party/Segger/SEGGER_SYSVIEW.o
 .text._PreparePacket
                0x0800d164       0x18 ./Middlewares/Third_Party/Segger/SEGGER_SYSVIEW.o
 .text._HandleIncomingPacket
                0x0800d17c       0xdc ./Middlewares/Third_Party/Segger/SEGGER_SYSVIEW.o
 .text._TrySendOverflowPacket
                0x0800d258       0xe4 ./Middlewares/Third_Party/Segger/SEGGER_SYSVIEW.o
 .text._SendPacket
                0x0800d33c      0x2dc ./Middlewares/Third_Party/Segger/SEGGER_SYSVIEW.o
 .text._VPrintHost
                0x0800d618      0x180 ./Middlewares/Third_Party/Segger/SEGGER_SYSVIEW.o
 .text.SEGGER_SYSVIEW_Init
                0x0800d798       0x88 ./Middlewares/Third_Party/Segger/SEGGER_SYSVIEW.o
                0x0800d798                SEGGER_SYSVIEW_Init
 .text.SEGGER_SYSVIEW_SetRAMBase
                0x0800d820       0x20 ./Middlewares/Third_Party/Segger/SEGGER_SYSVIEW.o
                0x0800d820                SEGGER_SYSVIEW_SetRAMBase
 .text.SEGGER_SYSVIEW_RecordVoid
                0x0800d840       0x3c ./Middlewares/Third_Party/Segger/SEGGER_SYSVIEW.o
                0x0800d840                SEGGER_SYSVIEW_RecordVoid
 .text.SEGGER_SYSVIEW_RecordU32
                0x0800d87c       0x78 ./Middlewares/Third_Party/Segger/SEGGER_SYSVIEW.o
                0x0800d87c                SEGGER_SYSVIEW_RecordU32
 .text.SEGGER_SYSVIEW_RecordU32x2
                0x0800d8f4       0xb4 ./Middlewares/Third_Party/Segger/SEGGER_SYSVIEW.o
                0x0800d8f4                SEGGER_SYSVIEW_RecordU32x2
 .text.SEGGER_SYSVIEW_Start
                0x0800d9a8      0x174 ./Middlewares/Third_Party/Segger/SEGGER_SYSVIEW.o
                0x0800d9a8                SEGGER_SYSVIEW_Start
 .text.SEGGER_SYSVIEW_Stop
                0x0800db1c       0x4c ./Middlewares/Third_Party/Segger/SEGGER_SYSVIEW.o
                0x0800db1c                SEGGER_SYSVIEW_Stop
 .text.SEGGER_SYSVIEW_GetSysDesc
                0x0800db68      0x134 ./Middlewares/Third_Party/Segger/SEGGER_SYSVIEW.o
                0x0800db68                SEGGER_SYSVIEW_GetSysDesc
 .text.SEGGER_SYSVIEW_SendTaskInfo
                0x0800dc9c      0x1c8 ./Middlewares/Third_Party/Segger/SEGGER_SYSVIEW.o
                0x0800dc9c                SEGGER_SYSVIEW_SendTaskInfo
 .text.SEGGER_SYSVIEW_SendTaskList
                0x0800de64       0x28 ./Middlewares/Third_Party/Segger/SEGGER_SYSVIEW.o
                0x0800de64                SEGGER_SYSVIEW_SendTaskList
 .text.SEGGER_SYSVIEW_SendSysDesc
                0x0800de8c       0x48 ./Middlewares/Third_Party/Segger/SEGGER_SYSVIEW.o
                0x0800de8c                SEGGER_SYSVIEW_SendSysDesc
 .text.SEGGER_SYSVIEW_RecordSystime
                0x0800ded4       0x64 ./Middlewares/Third_Party/Segger/SEGGER_SYSVIEW.o
                0x0800ded4                SEGGER_SYSVIEW_RecordSystime
 .text.SEGGER_SYSVIEW_RecordEnterISR
                0x0800df38       0x84 ./Middlewares/Third_Party/Segger/SEGGER_SYSVIEW.o
                0x0800df38                SEGGER_SYSVIEW_RecordEnterISR
 .text.SEGGER_SYSVIEW_RecordExitISR
                0x0800dfbc       0x38 ./Middlewares/Third_Party/Segger/SEGGER_SYSVIEW.o
                0x0800dfbc                SEGGER_SYSVIEW_RecordExitISR
 .text.SEGGER_SYSVIEW_OnIdle
                0x0800dff4       0x38 ./Middlewares/Third_Party/Segger/SEGGER_SYSVIEW.o
                0x0800dff4                SEGGER_SYSVIEW_OnIdle
 .text.SEGGER_SYSVIEW_OnTaskCreate
                0x0800e02c       0x84 ./Middlewares/Third_Party/Segger/SEGGER_SYSVIEW.o
                0x0800e02c                SEGGER_SYSVIEW_OnTaskCreate
 .text.SEGGER_SYSVIEW_OnTaskStartExec
                0x0800e0b0       0x84 ./Middlewares/Third_Party/Segger/SEGGER_SYSVIEW.o
                0x0800e0b0                SEGGER_SYSVIEW_OnTaskStartExec
 .text.SEGGER_SYSVIEW_OnTaskStartReady
                0x0800e134       0x84 ./Middlewares/Third_Party/Segger/SEGGER_SYSVIEW.o
                0x0800e134                SEGGER_SYSVIEW_OnTaskStartReady
 .text.SEGGER_SYSVIEW_ShrinkId
                0x0800e1b8       0x20 ./Middlewares/Third_Party/Segger/SEGGER_SYSVIEW.o
                0x0800e1b8                SEGGER_SYSVIEW_ShrinkId
 .text.SEGGER_SYSVIEW_SendModule
                0x0800e1d8      0x114 ./Middlewares/Third_Party/Segger/SEGGER_SYSVIEW.o
                0x0800e1d8                SEGGER_SYSVIEW_SendModule
 .text.SEGGER_SYSVIEW_SendModuleDescription
                0x0800e2ec       0x3c ./Middlewares/Third_Party/Segger/SEGGER_SYSVIEW.o
                0x0800e2ec                SEGGER_SYSVIEW_SendModuleDescription
 .text.SEGGER_SYSVIEW_SendNumModules
                0x0800e328       0x7c ./Middlewares/Third_Party/Segger/SEGGER_SYSVIEW.o
                0x0800e328                SEGGER_SYSVIEW_SendNumModules
 .text.SEGGER_SYSVIEW_PrintfHost
                0x0800e3a4       0x28 ./Middlewares/Third_Party/Segger/SEGGER_SYSVIEW.o
                0x0800e3a4                SEGGER_SYSVIEW_PrintfHost
 .text.SEGGER_SYSVIEW_Warn
                0x0800e3cc       0xb8 ./Middlewares/Third_Party/Segger/SEGGER_SYSVIEW.o
                0x0800e3cc                SEGGER_SYSVIEW_Warn
 .text._cbSendSystemDesc
                0x0800e484       0x1c ./Middlewares/Third_Party/Segger/SEGGER_SYSVIEW_Config_FreeRTOS.o
 .text.SEGGER_SYSVIEW_Conf
                0x0800e4a0       0x2c ./Middlewares/Third_Party/Segger/SEGGER_SYSVIEW_Config_FreeRTOS.o
                0x0800e4a0                SEGGER_SYSVIEW_Conf
 .text._cbSendTaskList
                0x0800e4cc       0xbc ./Middlewares/Third_Party/Segger/SEGGER_SYSVIEW_FreeRTOS.o
 .text._cbGetTime
                0x0800e588       0x86 ./Middlewares/Third_Party/Segger/SEGGER_SYSVIEW_FreeRTOS.o
 *fill*         0x0800e60e        0x2 
 .text.SYSVIEW_AddTask
                0x0800e610       0xd0 ./Middlewares/Third_Party/Segger/SEGGER_SYSVIEW_FreeRTOS.o
                0x0800e610                SYSVIEW_AddTask
 .text.SYSVIEW_DeleteTask
                0x0800e6e0      0x178 ./Middlewares/Third_Party/Segger/SEGGER_SYSVIEW_FreeRTOS.o
                0x0800e6e0                SYSVIEW_DeleteTask
 .text.SYSVIEW_SendTaskInfo
                0x0800e858       0x42 ./Middlewares/Third_Party/Segger/SEGGER_SYSVIEW_FreeRTOS.o
                0x0800e858                SYSVIEW_SendTaskInfo
 *fill*         0x0800e89a        0x2 
 .text.LSM6DSL_initialize
                0x0800e89c       0xf4 ./Sensors/AccelerationSensor/lsm6dsl.o
                0x0800e89c                LSM6DSL_initialize
 .text.LSM6DSL_data_ready
                0x0800e990      0x1e0 ./Sensors/AccelerationSensor/lsm6dsl.o
                0x0800e990                LSM6DSL_data_ready
 .text.LPS22HB_initialize
                0x0800eb70       0xf4 ./Sensors/AirPressureSensor/lps22hb.o
                0x0800eb70                LPS22HB_initialize
 .text.LPS22HB_data_ready
                0x0800ec64      0x120 ./Sensors/AirPressureSensor/lps22hb.o
                0x0800ec64                LPS22HB_data_ready
 .text.HTS221_initialize
                0x0800ed84       0xd8 ./Sensors/HumiditySensor/hts221.o
                0x0800ed84                HTS221_initialize
 .text.HTS221_Get_Calibration_Values
                0x0800ee5c      0x130 ./Sensors/HumiditySensor/hts221.o
                0x0800ee5c                HTS221_Get_Calibration_Values
 .text.HTS221_Get_Humidity
                0x0800ef8c       0x90 ./Sensors/HumiditySensor/hts221.o
                0x0800ef8c                HTS221_Get_Humidity
 .text.HTS221_Get_Temperature
                0x0800f01c       0x84 ./Sensors/HumiditySensor/hts221.o
                0x0800f01c                HTS221_Get_Temperature
 .text.HTS221_data_ready
                0x0800f0a0       0x70 ./Sensors/HumiditySensor/hts221.o
                0x0800f0a0                HTS221_data_ready
 .text.LIS3MDL_initialize
                0x0800f110      0x11c ./Sensors/MagnetometerSensor/lis3mdl.o
                0x0800f110                LIS3MDL_initialize
 *fill*         0x0800f22c        0x4 
 .text.LIS3MDL_data_ready
                0x0800f230      0x154 ./Sensors/MagnetometerSensor/lis3mdl.o
                0x0800f230                LIS3MDL_data_ready
 .text.VL53L0X_GetDeviceInfo
                0x0800f384       0x28 ./Sensors/ToFSensor/vl53l0x/vl53l0x_api.o
                0x0800f384                VL53L0X_GetDeviceInfo
 .text.VL53L0X_GetOffsetCalibrationDataMicroMeter
                0x0800f3ac       0x26 ./Sensors/ToFSensor/vl53l0x/vl53l0x_api.o
                0x0800f3ac                VL53L0X_GetOffsetCalibrationDataMicroMeter
 *fill*         0x0800f3d2        0x2 
 .text.VL53L0X_DataInit
                0x0800f3d4      0x228 ./Sensors/ToFSensor/vl53l0x/vl53l0x_api.o
                0x0800f3d4                VL53L0X_DataInit
 .text.VL53L0X_StaticInit
                0x0800f5fc      0x30c ./Sensors/ToFSensor/vl53l0x/vl53l0x_api.o
                0x0800f5fc                VL53L0X_StaticInit
 .text.VL53L0X_GetDeviceParameters
                0x0800f908      0x120 ./Sensors/ToFSensor/vl53l0x/vl53l0x_api.o
                0x0800f908                VL53L0X_GetDeviceParameters
 .text.VL53L0X_SetDeviceMode
                0x0800fa28       0x58 ./Sensors/ToFSensor/vl53l0x/vl53l0x_api.o
                0x0800fa28                VL53L0X_SetDeviceMode
 .text.VL53L0X_GetDeviceMode
                0x0800fa80       0x28 ./Sensors/ToFSensor/vl53l0x/vl53l0x_api.o
                0x0800fa80                VL53L0X_GetDeviceMode
 .text.VL53L0X_GetFractionEnable
                0x0800faa8       0x3e ./Sensors/ToFSensor/vl53l0x/vl53l0x_api.o
                0x0800faa8                VL53L0X_GetFractionEnable
 .text.VL53L0X_SetMeasurementTimingBudgetMicroSeconds
                0x0800fae6       0x26 ./Sensors/ToFSensor/vl53l0x/vl53l0x_api.o
                0x0800fae6                VL53L0X_SetMeasurementTimingBudgetMicroSeconds
 .text.VL53L0X_GetMeasurementTimingBudgetMicroSeconds
                0x0800fb0c       0x26 ./Sensors/ToFSensor/vl53l0x/vl53l0x_api.o
                0x0800fb0c                VL53L0X_GetMeasurementTimingBudgetMicroSeconds
 .text.VL53L0X_GetVcselPulsePeriod
                0x0800fb32       0x2e ./Sensors/ToFSensor/vl53l0x/vl53l0x_api.o
                0x0800fb32                VL53L0X_GetVcselPulsePeriod
 .text.VL53L0X_SetSequenceStepEnable
                0x0800fb60      0x140 ./Sensors/ToFSensor/vl53l0x/vl53l0x_api.o
                0x0800fb60                VL53L0X_SetSequenceStepEnable
 .text.sequence_step_enabled
                0x0800fca0       0xa4 ./Sensors/ToFSensor/vl53l0x/vl53l0x_api.o
                0x0800fca0                sequence_step_enabled
 .text.VL53L0X_GetSequenceStepEnables
                0x0800fd44       0xb0 ./Sensors/ToFSensor/vl53l0x/vl53l0x_api.o
                0x0800fd44                VL53L0X_GetSequenceStepEnables
 .text.VL53L0X_GetSequenceStepTimeout
                0x0800fdf4       0x80 ./Sensors/ToFSensor/vl53l0x/vl53l0x_api.o
                0x0800fdf4                VL53L0X_GetSequenceStepTimeout
 .text.VL53L0X_GetInterMeasurementPeriodMilliSeconds
                0x0800fe74       0x68 ./Sensors/ToFSensor/vl53l0x/vl53l0x_api.o
                0x0800fe74                VL53L0X_GetInterMeasurementPeriodMilliSeconds
 .text.VL53L0X_GetXTalkCompensationEnable
                0x0800fedc       0x2a ./Sensors/ToFSensor/vl53l0x/vl53l0x_api.o
                0x0800fedc                VL53L0X_GetXTalkCompensationEnable
 .text.VL53L0X_GetXTalkCompensationRateMegaCps
                0x0800ff06       0x66 ./Sensors/ToFSensor/vl53l0x/vl53l0x_api.o
                0x0800ff06                VL53L0X_GetXTalkCompensationRateMegaCps
 .text.VL53L0X_SetLimitCheckEnable
                0x0800ff6c      0x118 ./Sensors/ToFSensor/vl53l0x/vl53l0x_api.o
                0x0800ff6c                VL53L0X_SetLimitCheckEnable
 .text.VL53L0X_GetLimitCheckEnable
                0x08010084       0x46 ./Sensors/ToFSensor/vl53l0x/vl53l0x_api.o
                0x08010084                VL53L0X_GetLimitCheckEnable
 *fill*         0x080100ca        0x2 
 .text.VL53L0X_SetLimitCheckValue
                0x080100cc       0xc4 ./Sensors/ToFSensor/vl53l0x/vl53l0x_api.o
                0x080100cc                VL53L0X_SetLimitCheckValue
 .text.VL53L0X_GetLimitCheckValue
                0x08010190      0x11c ./Sensors/ToFSensor/vl53l0x/vl53l0x_api.o
                0x08010190                VL53L0X_GetLimitCheckValue
 .text.VL53L0X_GetWrapAroundCheckEnable
                0x080102ac       0x64 ./Sensors/ToFSensor/vl53l0x/vl53l0x_api.o
                0x080102ac                VL53L0X_GetWrapAroundCheckEnable
 .text.VL53L0X_PerformSingleMeasurement
                0x08010310       0x68 ./Sensors/ToFSensor/vl53l0x/vl53l0x_api.o
                0x08010310                VL53L0X_PerformSingleMeasurement
 .text.VL53L0X_PerformRefCalibration
                0x08010378       0x2c ./Sensors/ToFSensor/vl53l0x/vl53l0x_api.o
                0x08010378                VL53L0X_PerformRefCalibration
 .text.VL53L0X_CheckAndLoadInterruptSettings
                0x080103a4       0xcc ./Sensors/ToFSensor/vl53l0x/vl53l0x_api.o
                0x080103a4                VL53L0X_CheckAndLoadInterruptSettings
 .text.VL53L0X_StartMeasurement
                0x08010470      0x118 ./Sensors/ToFSensor/vl53l0x/vl53l0x_api.o
                0x08010470                VL53L0X_StartMeasurement
 .text.VL53L0X_GetMeasurementDataReady
                0x08010588       0x80 ./Sensors/ToFSensor/vl53l0x/vl53l0x_api.o
                0x08010588                VL53L0X_GetMeasurementDataReady
 .text.VL53L0X_GetRangingMeasurementData
                0x08010608      0x238 ./Sensors/ToFSensor/vl53l0x/vl53l0x_api.o
                0x08010608                VL53L0X_GetRangingMeasurementData
 .text.VL53L0X_PerformSingleRangingMeasurement
                0x08010840       0x60 ./Sensors/ToFSensor/vl53l0x/vl53l0x_api.o
                0x08010840                VL53L0X_PerformSingleRangingMeasurement
 .text.VL53L0X_SetGpioConfig
                0x080108a0      0x244 ./Sensors/ToFSensor/vl53l0x/vl53l0x_api.o
                0x080108a0                VL53L0X_SetGpioConfig
 .text.VL53L0X_GetInterruptThresholds
                0x08010ae4       0x68 ./Sensors/ToFSensor/vl53l0x/vl53l0x_api.o
                0x08010ae4                VL53L0X_GetInterruptThresholds
 .text.VL53L0X_ClearInterruptMask
                0x08010b4c       0x80 ./Sensors/ToFSensor/vl53l0x/vl53l0x_api.o
                0x08010b4c                VL53L0X_ClearInterruptMask
 .text.VL53L0X_GetInterruptMaskStatus
                0x08010bcc       0x44 ./Sensors/ToFSensor/vl53l0x/vl53l0x_api.o
                0x08010bcc                VL53L0X_GetInterruptMaskStatus
 .text.VL53L0X_get_offset_calibration_data_micro_meter
                0x08010c10       0x7e ./Sensors/ToFSensor/vl53l0x/vl53l0x_api_calibration.o
                0x08010c10                VL53L0X_get_offset_calibration_data_micro_meter
 .text.get_next_good_spad
                0x08010c8e       0xbc ./Sensors/ToFSensor/vl53l0x/vl53l0x_api_calibration.o
                0x08010c8e                get_next_good_spad
 *fill*         0x08010d4a        0x2 
 .text.is_aperture
                0x08010d4c       0x34 ./Sensors/ToFSensor/vl53l0x/vl53l0x_api_calibration.o
                0x08010d4c                is_aperture
 .text.enable_spad_bit
                0x08010d80       0x72 ./Sensors/ToFSensor/vl53l0x/vl53l0x_api_calibration.o
                0x08010d80                enable_spad_bit
 .text.set_ref_spad_map
                0x08010df2       0x26 ./Sensors/ToFSensor/vl53l0x/vl53l0x_api_calibration.o
                0x08010df2                set_ref_spad_map
 .text.get_ref_spad_map
                0x08010e18       0x26 ./Sensors/ToFSensor/vl53l0x/vl53l0x_api_calibration.o
                0x08010e18                get_ref_spad_map
 .text.enable_ref_spads
                0x08010e3e       0xfa ./Sensors/ToFSensor/vl53l0x/vl53l0x_api_calibration.o
                0x08010e3e                enable_ref_spads
 .text.perform_ref_signal_measurement
                0x08010f38       0xd4 ./Sensors/ToFSensor/vl53l0x/vl53l0x_api_calibration.o
                0x08010f38                perform_ref_signal_measurement
 .text.VL53L0X_perform_ref_spad_management
                0x0801100c      0x418 ./Sensors/ToFSensor/vl53l0x/vl53l0x_api_calibration.o
                0x0801100c                VL53L0X_perform_ref_spad_management
 .text.VL53L0X_set_reference_spads
                0x08011424      0x14a ./Sensors/ToFSensor/vl53l0x/vl53l0x_api_calibration.o
                0x08011424                VL53L0X_set_reference_spads
 .text.VL53L0X_perform_single_ref_calibration
                0x0801156e       0x76 ./Sensors/ToFSensor/vl53l0x/vl53l0x_api_calibration.o
                0x0801156e                VL53L0X_perform_single_ref_calibration
 .text.VL53L0X_ref_calibration_io
                0x080115e4      0x132 ./Sensors/ToFSensor/vl53l0x/vl53l0x_api_calibration.o
                0x080115e4                VL53L0X_ref_calibration_io
 .text.VL53L0X_perform_vhv_calibration
                0x08011716       0xce ./Sensors/ToFSensor/vl53l0x/vl53l0x_api_calibration.o
                0x08011716                VL53L0X_perform_vhv_calibration
 .text.VL53L0X_perform_phase_calibration
                0x080117e4       0xca ./Sensors/ToFSensor/vl53l0x/vl53l0x_api_calibration.o
                0x080117e4                VL53L0X_perform_phase_calibration
 .text.VL53L0X_perform_ref_calibration
                0x080118ae       0x7a ./Sensors/ToFSensor/vl53l0x/vl53l0x_api_calibration.o
                0x080118ae                VL53L0X_perform_ref_calibration
 .text.VL53L0X_measurement_poll_for_completion
                0x08011928       0x5e ./Sensors/ToFSensor/vl53l0x/vl53l0x_api_core.o
                0x08011928                VL53L0X_measurement_poll_for_completion
 .text.VL53L0X_decode_vcsel_period
                0x08011986       0x26 ./Sensors/ToFSensor/vl53l0x/vl53l0x_api_core.o
                0x08011986                VL53L0X_decode_vcsel_period
 .text.VL53L0X_isqrt
                0x080119ac       0x68 ./Sensors/ToFSensor/vl53l0x/vl53l0x_api_core.o
                0x080119ac                VL53L0X_isqrt
 .text.VL53L0X_device_read_strobe
                0x08011a14       0x82 ./Sensors/ToFSensor/vl53l0x/vl53l0x_api_core.o
                0x08011a14                VL53L0X_device_read_strobe
 .text.VL53L0X_get_info_from_device
                0x08011a96      0x99a ./Sensors/ToFSensor/vl53l0x/vl53l0x_api_core.o
                0x08011a96                VL53L0X_get_info_from_device
 .text.VL53L0X_calc_macro_period_ps
                0x08012430       0x3c ./Sensors/ToFSensor/vl53l0x/vl53l0x_api_core.o
                0x08012430                VL53L0X_calc_macro_period_ps
 .text.VL53L0X_encode_timeout
                0x0801246c       0x54 ./Sensors/ToFSensor/vl53l0x/vl53l0x_api_core.o
                0x0801246c                VL53L0X_encode_timeout
 .text.VL53L0X_decode_timeout
                0x080124c0       0x2c ./Sensors/ToFSensor/vl53l0x/vl53l0x_api_core.o
                0x080124c0                VL53L0X_decode_timeout
 .text.VL53L0X_calc_timeout_mclks
                0x080124ec       0x54 ./Sensors/ToFSensor/vl53l0x/vl53l0x_api_core.o
                0x080124ec                VL53L0X_calc_timeout_mclks
 .text.VL53L0X_calc_timeout_us
                0x08012540       0x58 ./Sensors/ToFSensor/vl53l0x/vl53l0x_api_core.o
                0x08012540                VL53L0X_calc_timeout_us
 .text.get_sequence_step_timeout
                0x08012598      0x1c0 ./Sensors/ToFSensor/vl53l0x/vl53l0x_api_core.o
                0x08012598                get_sequence_step_timeout
 .text.set_sequence_step_timeout
                0x08012758      0x1e8 ./Sensors/ToFSensor/vl53l0x/vl53l0x_api_core.o
                0x08012758                set_sequence_step_timeout
 .text.VL53L0X_get_vcsel_pulse_period
                0x08012940       0x6e ./Sensors/ToFSensor/vl53l0x/vl53l0x_api_core.o
                0x08012940                VL53L0X_get_vcsel_pulse_period
 .text.VL53L0X_set_measurement_timing_budget_micro_seconds
                0x080129ae      0x1c0 ./Sensors/ToFSensor/vl53l0x/vl53l0x_api_core.o
                0x080129ae                VL53L0X_set_measurement_timing_budget_micro_seconds
 .text.VL53L0X_get_measurement_timing_budget_micro_seconds
                0x08012b6e      0x162 ./Sensors/ToFSensor/vl53l0x/vl53l0x_api_core.o
                0x08012b6e                VL53L0X_get_measurement_timing_budget_micro_seconds
 .text.VL53L0X_load_tuning_settings
                0x08012cd0      0x1c4 ./Sensors/ToFSensor/vl53l0x/vl53l0x_api_core.o
                0x08012cd0                VL53L0X_load_tuning_settings
 .text.VL53L0X_get_total_xtalk_rate
                0x08012e94       0x5e ./Sensors/ToFSensor/vl53l0x/vl53l0x_api_core.o
                0x08012e94                VL53L0X_get_total_xtalk_rate
 .text.VL53L0X_get_total_signal_rate
                0x08012ef2       0x4a ./Sensors/ToFSensor/vl53l0x/vl53l0x_api_core.o
                0x08012ef2                VL53L0X_get_total_signal_rate
 .text.VL53L0X_calc_dmax
                0x08012f3c      0x238 ./Sensors/ToFSensor/vl53l0x/vl53l0x_api_core.o
                0x08012f3c                VL53L0X_calc_dmax
 .text.VL53L0X_calc_sigma_estimate
                0x08013174      0x420 ./Sensors/ToFSensor/vl53l0x/vl53l0x_api_core.o
                0x08013174                VL53L0X_calc_sigma_estimate
 .text.VL53L0X_get_pal_range_status
                0x08013594      0x3b6 ./Sensors/ToFSensor/vl53l0x/vl53l0x_api_core.o
                0x08013594                VL53L0X_get_pal_range_status
 .text.VL53L0X_check_part_used
                0x0801394a       0x6c ./Sensors/ToFSensor/vl53l0x/vl53l0x_api_strings.o
                0x0801394a                VL53L0X_check_part_used
 *fill*         0x080139b6        0x2 
 .text.VL53L0X_get_device_info
                0x080139b8      0x108 ./Sensors/ToFSensor/vl53l0x/vl53l0x_api_strings.o
                0x080139b8                VL53L0X_get_device_info
 .text._I2CWrite
                0x08013ac0       0x46 ./Sensors/ToFSensor/vl53l0x/vl53l0x_tof.o
                0x08013ac0                _I2CWrite
 .text._I2CRead
                0x08013b06       0x4c ./Sensors/ToFSensor/vl53l0x/vl53l0x_tof.o
                0x08013b06                _I2CRead
 .text.VL53L0X_RdByte
                0x08013b52       0x58 ./Sensors/ToFSensor/vl53l0x/vl53l0x_tof.o
                0x08013b52                VL53L0X_RdByte
 *fill*         0x08013baa        0x2 
 .text.VL53L0X_WriteMulti
                0x08013bac       0x60 ./Sensors/ToFSensor/vl53l0x/vl53l0x_tof.o
                0x08013bac                VL53L0X_WriteMulti
 .text.VL53L0X_ReadMulti
                0x08013c0c       0x5a ./Sensors/ToFSensor/vl53l0x/vl53l0x_tof.o
                0x08013c0c                VL53L0X_ReadMulti
 *fill*         0x08013c66        0x2 
 .text.VL53L0X_RdWord
                0x08013c68       0x70 ./Sensors/ToFSensor/vl53l0x/vl53l0x_tof.o
                0x08013c68                VL53L0X_RdWord
 .text.VL53L0X_RdDWord
                0x08013cd8       0x7c ./Sensors/ToFSensor/vl53l0x/vl53l0x_tof.o
                0x08013cd8                VL53L0X_RdDWord
 .text.VL53L0X_WrByte
                0x08013d54       0x48 ./Sensors/ToFSensor/vl53l0x/vl53l0x_tof.o
                0x08013d54                VL53L0X_WrByte
 .text.VL53L0X_WrWord
                0x08013d9c       0x58 ./Sensors/ToFSensor/vl53l0x/vl53l0x_tof.o
                0x08013d9c                VL53L0X_WrWord
 .text.VL53L0X_UpdateByte
                0x08013df4       0x68 ./Sensors/ToFSensor/vl53l0x/vl53l0x_tof.o
                0x08013df4                VL53L0X_UpdateByte
 .text.VL53L0X_PollingDelay
                0x08013e5c       0x1e ./Sensors/ToFSensor/vl53l0x/vl53l0x_tof.o
                0x08013e5c                VL53L0X_PollingDelay
 *fill*         0x08013e7a        0x2 
 .text.vl53l0x_initialize
                0x08013e7c       0xb8 ./Sensors/ToFSensor/vl53l0x.o
                0x08013e7c                vl53l0x_initialize
 .text.SetupContinousIntMeasurement
                0x08013f34      0x11c ./Sensors/ToFSensor/vl53l0x.o
                0x08013f34                SetupContinousIntMeasurement
 .text.VL53L0X_data_ready
                0x08014050       0x58 ./Sensors/ToFSensor/vl53l0x.o
                0x08014050                VL53L0X_data_ready
 .text.memcmp   0x080140a8       0x20 C:/ST/STM32CubeIDE_1.19.0/STM32CubeIDE/plugins/com.st.stm32cube.ide.mcu.externaltools.gnu-tools-for-stm32.13.3.rel1.win32_1.0.0.202411081344/tools/bin/../lib/gcc/arm-none-eabi/13.3.1/../../../../arm-none-eabi/lib/thumb/v7e-m+fp/hard\libc_nano.a(libc_a-memcmp.o)
                0x080140a8                memcmp
 .text.memset   0x080140c8       0x10 C:/ST/STM32CubeIDE_1.19.0/STM32CubeIDE/plugins/com.st.stm32cube.ide.mcu.externaltools.gnu-tools-for-stm32.13.3.rel1.win32_1.0.0.202411081344/tools/bin/../lib/gcc/arm-none-eabi/13.3.1/../../../../arm-none-eabi/lib/thumb/v7e-m+fp/hard\libc_nano.a(libc_a-memset.o)
                0x080140c8                memset
 .text._reclaim_reent
                0x080140d8       0xbc C:/ST/STM32CubeIDE_1.19.0/STM32CubeIDE/plugins/com.st.stm32cube.ide.mcu.externaltools.gnu-tools-for-stm32.13.3.rel1.win32_1.0.0.202411081344/tools/bin/../lib/gcc/arm-none-eabi/13.3.1/../../../../arm-none-eabi/lib/thumb/v7e-m+fp/hard\libc_nano.a(libc_a-reent.o)
                0x080140d8                _reclaim_reent
 .text.__libc_init_array
                0x08014194       0x48 C:/ST/STM32CubeIDE_1.19.0/STM32CubeIDE/plugins/com.st.stm32cube.ide.mcu.externaltools.gnu-tools-for-stm32.13.3.rel1.win32_1.0.0.202411081344/tools/bin/../lib/gcc/arm-none-eabi/13.3.1/../../../../arm-none-eabi/lib/thumb/v7e-m+fp/hard\libc_nano.a(libc_a-init.o)
                0x08014194                __libc_init_array
 .text.__retarget_lock_acquire_recursive
                0x080141dc        0x2 C:/ST/STM32CubeIDE_1.19.0/STM32CubeIDE/plugins/com.st.stm32cube.ide.mcu.externaltools.gnu-tools-for-stm32.13.3.rel1.win32_1.0.0.202411081344/tools/bin/../lib/gcc/arm-none-eabi/13.3.1/../../../../arm-none-eabi/lib/thumb/v7e-m+fp/hard\libc_nano.a(libc_a-lock.o)
                0x080141dc                __retarget_lock_acquire_recursive
 .text.__retarget_lock_release_recursive
                0x080141de        0x2 C:/ST/STM32CubeIDE_1.19.0/STM32CubeIDE/plugins/com.st.stm32cube.ide.mcu.externaltools.gnu-tools-for-stm32.13.3.rel1.win32_1.0.0.202411081344/tools/bin/../lib/gcc/arm-none-eabi/13.3.1/../../../../arm-none-eabi/lib/thumb/v7e-m+fp/hard\libc_nano.a(libc_a-lock.o)
                0x080141de                __retarget_lock_release_recursive
 .text.strcpy   0x080141e0       0x10 C:/ST/STM32CubeIDE_1.19.0/STM32CubeIDE/plugins/com.st.stm32cube.ide.mcu.externaltools.gnu-tools-for-stm32.13.3.rel1.win32_1.0.0.202411081344/tools/bin/../lib/gcc/arm-none-eabi/13.3.1/../../../../arm-none-eabi/lib/thumb/v7e-m+fp/hard\libc_nano.a(libc_a-strcpy.o)
                0x080141e0                strcpy
 .text.memcpy   0x080141f0       0x1c C:/ST/STM32CubeIDE_1.19.0/STM32CubeIDE/plugins/com.st.stm32cube.ide.mcu.externaltools.gnu-tools-for-stm32.13.3.rel1.win32_1.0.0.202411081344/tools/bin/../lib/gcc/arm-none-eabi/13.3.1/../../../../arm-none-eabi/lib/thumb/v7e-m+fp/hard\libc_nano.a(libc_a-memcpy-stub.o)
                0x080141f0                memcpy
 .text._free_r  0x0801420c       0x94 C:/ST/STM32CubeIDE_1.19.0/STM32CubeIDE/plugins/com.st.stm32cube.ide.mcu.externaltools.gnu-tools-for-stm32.13.3.rel1.win32_1.0.0.202411081344/tools/bin/../lib/gcc/arm-none-eabi/13.3.1/../../../../arm-none-eabi/lib/thumb/v7e-m+fp/hard\libc_nano.a(libc_a-freer.o)
                0x0801420c                _free_r
 .text.__malloc_lock
                0x080142a0        0xc C:/ST/STM32CubeIDE_1.19.0/STM32CubeIDE/plugins/com.st.stm32cube.ide.mcu.externaltools.gnu-tools-for-stm32.13.3.rel1.win32_1.0.0.202411081344/tools/bin/../lib/gcc/arm-none-eabi/13.3.1/../../../../arm-none-eabi/lib/thumb/v7e-m+fp/hard\libc_nano.a(libc_a-mlock.o)
                0x080142a0                __malloc_lock
 .text.__malloc_unlock
                0x080142ac        0xc C:/ST/STM32CubeIDE_1.19.0/STM32CubeIDE/plugins/com.st.stm32cube.ide.mcu.externaltools.gnu-tools-for-stm32.13.3.rel1.win32_1.0.0.202411081344/tools/bin/../lib/gcc/arm-none-eabi/13.3.1/../../../../arm-none-eabi/lib/thumb/v7e-m+fp/hard\libc_nano.a(libc_a-mlock.o)
                0x080142ac                __malloc_unlock
 *(.glue_7)
 .glue_7        0x080142b8        0x0 linker stubs
 *(.glue_7t)
 .glue_7t       0x080142b8        0x0 linker stubs
 *(.eh_frame)
 .eh_frame      0x080142b8        0x0 C:/ST/STM32CubeIDE_1.19.0/STM32CubeIDE/plugins/com.st.stm32cube.ide.mcu.externaltools.gnu-tools-for-stm32.13.3.rel1.win32_1.0.0.202411081344/tools/bin/../lib/gcc/arm-none-eabi/13.3.1/thumb/v7e-m+fp/hard/crtbegin.o
 *(.init)
 .init          0x080142b8        0x4 C:/ST/STM32CubeIDE_1.19.0/STM32CubeIDE/plugins/com.st.stm32cube.ide.mcu.externaltools.gnu-tools-for-stm32.13.3.rel1.win32_1.0.0.202411081344/tools/bin/../lib/gcc/arm-none-eabi/13.3.1/thumb/v7e-m+fp/hard/crti.o
                0x080142b8                _init
 .init          0x080142bc        0x8 C:/ST/STM32CubeIDE_1.19.0/STM32CubeIDE/plugins/com.st.stm32cube.ide.mcu.externaltools.gnu-tools-for-stm32.13.3.rel1.win32_1.0.0.202411081344/tools/bin/../lib/gcc/arm-none-eabi/13.3.1/thumb/v7e-m+fp/hard/crtn.o
 *(.fini)
 .fini          0x080142c4        0x4 C:/ST/STM32CubeIDE_1.19.0/STM32CubeIDE/plugins/com.st.stm32cube.ide.mcu.externaltools.gnu-tools-for-stm32.13.3.rel1.win32_1.0.0.202411081344/tools/bin/../lib/gcc/arm-none-eabi/13.3.1/thumb/v7e-m+fp/hard/crti.o
                0x080142c4                _fini
 .fini          0x080142c8        0x8 C:/ST/STM32CubeIDE_1.19.0/STM32CubeIDE/plugins/com.st.stm32cube.ide.mcu.externaltools.gnu-tools-for-stm32.13.3.rel1.win32_1.0.0.202411081344/tools/bin/../lib/gcc/arm-none-eabi/13.3.1/thumb/v7e-m+fp/hard/crtn.o
                0x080142d0                        . = ALIGN (0x4)
                0x080142d0                        _etext = .

.vfp11_veneer   0x080142d0        0x0
 .vfp11_veneer  0x080142d0        0x0 linker stubs

.v4_bx          0x080142d0        0x0
 .v4_bx         0x080142d0        0x0 linker stubs

.iplt           0x080142d0        0x0