Archive member included to satisfy reference by file (symbol)

C:/ST/STM32CubeIDE_1.19.0/STM32CubeIDE/plugins/com.st.stm32cube.ide.mcu.externaltools.gnu-tools-for-stm32.13.3.rel1.win32_1.0.0.202411081344/tools/bin/../lib/gcc/arm-none-eabi/13.3.1/../../../../arm-none-eabi/lib/thumb/v7e-m+fp/hard\libc_nano.a(libc_a-exit.o)
                              C:/ST/STM32CubeIDE_1.19.0/STM32CubeIDE/plugins/com.st.stm32cube.ide.mcu.externaltools.gnu-tools-for-stm32.13.3.rel1.win32_1.0.0.202411081344/tools/bin/../lib/gcc/arm-none-eabi/13.3.1/../../../../arm-none-eabi/lib/thumb/v7e-m+fp/hard/crt0.o (exit)
C:/ST/STM32CubeIDE_1.19.0/STM32CubeIDE/plugins/com.st.stm32cube.ide.mcu.externaltools.gnu-tools-for-stm32.13.3.rel1.win32_1.0.0.202411081344/tools/bin/../lib/gcc/arm-none-eabi/13.3.1/../../../../arm-none-eabi/lib/thumb/v7e-m+fp/hard\libc_nano.a(libc_a-findfp.o)
                              ./Middlewares/Third_Party/FreeRTOS/Source/tasks.o (__sf)
C:/ST/STM32CubeIDE_1.19.0/STM32CubeIDE/plugins/com.st.stm32cube.ide.mcu.externaltools.gnu-tools-for-stm32.13.3.rel1.win32_1.0.0.202411081344/tools/bin/../lib/gcc/arm-none-eabi/13.3.1/../../../../arm-none-eabi/lib/thumb/v7e-m+fp/hard\libc_nano.a(libc_a-fwalk.o)
                              C:/ST/STM32CubeIDE_1.19.0/STM32CubeIDE/plugins/com.st.stm32cube.ide.mcu.externaltools.gnu-tools-for-stm32.13.3.rel1.win32_1.0.0.202411081344/tools/bin/../lib/gcc/arm-none-eabi/13.3.1/../../../../arm-none-eabi/lib/thumb/v7e-m+fp/hard\libc_nano.a(libc_a-findfp.o) (_fwalk_sglue)
C:/ST/STM32CubeIDE_1.19.0/STM32CubeIDE/plugins/com.st.stm32cube.ide.mcu.externaltools.gnu-tools-for-stm32.13.3.rel1.win32_1.0.0.202411081344/tools/bin/../lib/gcc/arm-none-eabi/13.3.1/../../../../arm-none-eabi/lib/thumb/v7e-m+fp/hard\libc_nano.a(libc_a-sprintf.o)
                              ./Middlewares/Third_Party/FreeRTOS/Source/tasks.o (sprintf)
C:/ST/STM32CubeIDE_1.19.0/STM32CubeIDE/plugins/com.st.stm32cube.ide.mcu.externaltools.gnu-tools-for-stm32.13.3.rel1.win32_1.0.0.202411081344/tools/bin/../lib/gcc/arm-none-eabi/13.3.1/../../../../arm-none-eabi/lib/thumb/v7e-m+fp/hard\libc_nano.a(libc_a-stdio.o)
                              C:/ST/STM32CubeIDE_1.19.0/STM32CubeIDE/plugins/com.st.stm32cube.ide.mcu.externaltools.gnu-tools-for-stm32.13.3.rel1.win32_1.0.0.202411081344/tools/bin/../lib/gcc/arm-none-eabi/13.3.1/../../../../arm-none-eabi/lib/thumb/v7e-m+fp/hard\libc_nano.a(libc_a-findfp.o) (__sread)
C:/ST/STM32CubeIDE_1.19.0/STM32CubeIDE/plugins/com.st.stm32cube.ide.mcu.externaltools.gnu-tools-for-stm32.13.3.rel1.win32_1.0.0.202411081344/tools/bin/../lib/gcc/arm-none-eabi/13.3.1/../../../../arm-none-eabi/lib/thumb/v7e-m+fp/hard\libc_nano.a(libc_a-memcmp.o)
                              ./Middlewares/Third_Party/FreeRTOS/Source/tasks.o (memcmp)
C:/ST/STM32CubeIDE_1.19.0/STM32CubeIDE/plugins/com.st.stm32cube.ide.mcu.externaltools.gnu-tools-for-stm32.13.3.rel1.win32_1.0.0.202411081344/tools/bin/../lib/gcc/arm-none-eabi/13.3.1/../../../../arm-none-eabi/lib/thumb/v7e-m+fp/hard\libc_nano.a(libc_a-memset.o)
                              C:/ST/STM32CubeIDE_1.19.0/STM32CubeIDE/plugins/com.st.stm32cube.ide.mcu.externaltools.gnu-tools-for-stm32.13.3.rel1.win32_1.0.0.202411081344/tools/bin/../lib/gcc/arm-none-eabi/13.3.1/../../../../arm-none-eabi/lib/thumb/v7e-m+fp/hard/crt0.o (memset)
C:/ST/STM32CubeIDE_1.19.0/STM32CubeIDE/plugins/com.st.stm32cube.ide.mcu.externaltools.gnu-tools-for-stm32.13.3.rel1.win32_1.0.0.202411081344/tools/bin/../lib/gcc/arm-none-eabi/13.3.1/../../../../arm-none-eabi/lib/thumb/v7e-m+fp/hard\libc_nano.a(libc_a-closer.o)
                              C:/ST/STM32CubeIDE_1.19.0/STM32CubeIDE/plugins/com.st.stm32cube.ide.mcu.externaltools.gnu-tools-for-stm32.13.3.rel1.win32_1.0.0.202411081344/tools/bin/../lib/gcc/arm-none-eabi/13.3.1/../../../../arm-none-eabi/lib/thumb/v7e-m+fp/hard\libc_nano.a(libc_a-stdio.o) (_close_r)
C:/ST/STM32CubeIDE_1.19.0/STM32CubeIDE/plugins/com.st.stm32cube.ide.mcu.externaltools.gnu-tools-for-stm32.13.3.rel1.win32_1.0.0.202411081344/tools/bin/../lib/gcc/arm-none-eabi/13.3.1/../../../../arm-none-eabi/lib/thumb/v7e-m+fp/hard\libc_nano.a(libc_a-reent.o)
                              ./Middlewares/Third_Party/FreeRTOS/Source/tasks.o (_reclaim_reent)
C:/ST/STM32CubeIDE_1.19.0/STM32CubeIDE/plugins/com.st.stm32cube.ide.mcu.externaltools.gnu-tools-for-stm32.13.3.rel1.win32_1.0.0.202411081344/tools/bin/../lib/gcc/arm-none-eabi/13.3.1/../../../../arm-none-eabi/lib/thumb/v7e-m+fp/hard\libc_nano.a(libc_a-impure.o)
                              ./Middlewares/Third_Party/FreeRTOS/Source/tasks.o (_impure_ptr)
C:/ST/STM32CubeIDE_1.19.0/STM32CubeIDE/plugins/com.st.stm32cube.ide.mcu.externaltools.gnu-tools-for-stm32.13.3.rel1.win32_1.0.0.202411081344/tools/bin/../lib/gcc/arm-none-eabi/13.3.1/../../../../arm-none-eabi/lib/thumb/v7e-m+fp/hard\libc_nano.a(libc_a-lseekr.o)
[...]
Memory Configuration

Name             Origin             Length             Attributes
RAM              0x20000000         0x000a0000         xrw
RAM2             0x10000000         0x00010000         xrw
RAM3             0x20040000         0x00060000         xrw
FLASH            0x08000000         0x00200000         xr
*default*        0x00000000         0xffffffff

Linker script and memory map

LOAD C:/ST/STM32CubeIDE_1.19.0/STM32CubeIDE/plugins/com.st.stm32cube.ide.mcu.externaltools.gnu-tools-for-stm32.13.3.rel1.win32_1.0.0.202411081344/tools/bin/../lib/gcc/arm-none-eabi/13.3.1/thumb/v7e-m+fp/hard/crti.o
LOAD C:/ST/STM32CubeIDE_1.19.0/STM32CubeIDE/plugins/com.st.stm32cube.ide.mcu.externaltools.gnu-tools-for-stm32.13.3.rel1.win32_1.0.0.202411081344/tools/bin/../lib/gcc/arm-none-eabi/13.3.1/thumb/v7e-m+fp/hard/crtbegin.o
LOAD C:/ST/STM32CubeIDE_1.19.0/STM32CubeIDE/plugins/com.st.stm32cube.ide.mcu.externaltools.gnu-tools-for-stm32.13.3.rel1.win32_1.0.0.202411081344/tools/bin/../lib/gcc/arm-none-eabi/13.3.1/../../../../arm-none-eabi/lib/thumb/v7e-m+fp/hard/crt0.o
LOAD ./Core/Src/freertos.o
LOAD ./Core/Src/main.o
LOAD ./Core/Src/stm32l4xx_hal_msp.o
LOAD ./Core/Src/stm32l4xx_hal_timebase_tim.o
LOAD ./Core/Src/stm32l4xx_it.o
LOAD ./Core/Src/syscalls.o
LOAD ./Core/Src/sysmem.o
LOAD ./Core/Src/system_stm32l4xx.o
LOAD ./Core/Startup/startup_stm32l4s5vitx.o
LOAD ./Drivers/STM32L4xx_HAL_Driver/Src/stm32l4xx_hal.o
LOAD ./Drivers/STM32L4xx_HAL_Driver/Src/stm32l4xx_hal_cortex.o
LOAD ./Drivers/STM32L4xx_HAL_Driver/Src/stm32l4xx_hal_dma.o
LOAD ./Drivers/STM32L4xx_HAL_Driver/Src/stm32l4xx_hal_dma_ex.o
LOAD ./Drivers/STM32L4xx_HAL_Driver/Src/stm32l4xx_hal_exti.o
LOAD ./Drivers/STM32L4xx_HAL_Driver/Src/stm32l4xx_hal_flash.o
LOAD ./Drivers/STM32L4xx_HAL_Driver/Src/stm32l4xx_hal_flash_ex.o
LOAD ./Drivers/STM32L4xx_HAL_Driver/Src/stm32l4xx_hal_flash_ramfunc.o
LOAD ./Drivers/STM32L4xx_HAL_Driver/Src/stm32l4xx_hal_gpio.o
LOAD ./Drivers/STM32L4xx_HAL_Driver/Src/stm32l4xx_hal_i2c.o
LOAD ./Drivers/STM32L4xx_HAL_Driver/Src/stm32l4xx_hal_i2c_ex.o
LOAD ./Drivers/STM32L4xx_HAL_Driver/Src/stm32l4xx_hal_pwr.o
LOAD ./Drivers/STM32L4xx_HAL_Driver/Src/stm32l4xx_hal_pwr_ex.o
LOAD ./Drivers/STM32L4xx_HAL_Driver/Src/stm32l4xx_hal_rcc.o
LOAD ./Drivers/STM32L4xx_HAL_Driver/Src/stm32l4xx_hal_rcc_ex.o
LOAD ./Drivers/STM32L4xx_HAL_Driver/Src/stm32l4xx_hal_tim.o
LOAD ./Drivers/STM32L4xx_HAL_Driver/Src/stm32l4xx_hal_tim_ex.o
LOAD ./Drivers/STM32L4xx_HAL_Driver/Src/stm32l4xx_hal_uart.o
LOAD ./Drivers/STM32L4xx_HAL_Driver/Src/stm32l4xx_hal_uart_ex.o
LOAD ./Filter/filter.o
LOAD ./Middlewares/Third_Party/FreeRTOS/Source/CMSIS_RTOS_V2/cmsis_os2.o
LOAD ./Middlewares/Third_Party/FreeRTOS/Source/croutine.o
LOAD ./Middlewares/Third_Party/FreeRTOS/Source/event_groups.o
LOAD ./Middlewares/Third_Party/FreeRTOS/Source/list.o
LOAD ./Middlewares/Third_Party/FreeRTOS/Source/queue.o
LOAD ./Middlewares/Third_Party/FreeRTOS/Source/stream_buffer.o
LOAD ./Middlewares/Third_Party/FreeRTOS/Source/tasks.o
LOAD ./Middlewares/Third_Party/FreeRTOS/Source/timers.o
LOAD ./Middlewares/Third_Party/FreeRTOS/Source/portable/GCC/ARM_CM4F/port.o
LOAD ./Middlewares/Third_Party/FreeRTOS/Source/portable/MemMang/heap_4.o
LOAD ./Middlewares/Third_Party/Segger/SEGGER_RTT.o
LOAD ./Middlewares/Third_Party/Segger/SEGGER_RTT_ASM_ARMv7M.o
LOAD ./Middlewares/Third_Party/Segger/SEGGER_RTT_Syscalls_GCC.o
LOAD ./Middlewares/Third_Party/Segger/SEGGER_RTT_printf.o
LOAD ./Middlewares/Third_Party/Segger/SEGGER_SYSVIEW.o
LOAD ./Middlewares/Third_Party/Segger/SEGGER_SYSVIEW_Config_FreeRTOS.o
LOAD ./Middlewares/Third_Party/Segger/SEGGER_SYSVIEW_FreeRTOS.o
LOAD ./Sensors/AccelerationSensor/lsm6dsl.o
LOAD ./Sensors/AirPressureSensor/lps22hb.o
LOAD ./Sensors/HumiditySensor/hts221.o
LOAD ./Sensors/MagnetometerSensor/lis3mdl.o
LOAD ./Sensors/ToFSensor/vl53l0x/vl53l0x_api.o
LOAD ./Sensors/ToFSensor/vl53l0x/vl53l0x_api_calibration.o
LOAD ./Sensors/ToFSensor/vl53l0x/vl53l0x_api_core.o
LOAD ./Sensors/ToFSensor/vl53l0x/vl53l0x_api_ranging.o
LOAD ./Sensors/ToFSensor/vl53l0x/vl53l0x_api_strings.o
LOAD ./Sensors/ToFSensor/vl53l0x/vl53l0x_platform_log.o
LOAD ./Sensors/ToFSensor/vl53l0x/vl53l0x_tof.o
LOAD ./Sensors/ToFSensor/vl53l0x.o
START GROUP
LOAD C:/ST/STM32CubeIDE_1.19.0/STM32CubeIDE/plugins/com.st.stm32cube.ide.mcu.externaltools.gnu-tools-for-stm32.13.3.rel1.win32_1.0.0.202411081344/tools/bin/../lib/gcc/arm-none-eabi/13.3.1/../../../../arm-none-eabi/lib/thumb/v7e-m+fp/hard\libc_nano.a
LOAD C:/ST/STM32CubeIDE_1.19.0/STM32CubeIDE/plugins/com.st.stm32cube.ide.mcu.externaltools.gnu-tools-for-stm32.13.3.rel1.win32_1.0.0.202411081344/tools/bin/../lib/gcc/arm-none-eabi/13.3.1/../../../../arm-none-eabi/lib/thumb/v7e-m+fp/hard\libm.a
END GROUP
START GROUP
LOAD C:/ST/STM32CubeIDE_1.19.0/STM32CubeIDE/plugins/com.st.stm32cube.ide.mcu.externaltools.gnu-tools-for-stm32.13.3.rel1.win32_1.0.0.202411081344/tools/bin/../lib/gcc/arm-none-eabi/13.3.1/thumb/v7e-m+fp/hard\libgcc.a
LOAD C:/ST/STM32CubeIDE_1.19.0/STM32CubeIDE/plugins/com.st.stm32cube.ide.mcu.externaltools.gnu-tools-for-stm32.13.3.rel1.win32_1.0.0.202411081344/tools/bin/../lib/gcc/arm-none-eabi/13.3.1/../../../../arm-none-eabi/lib/thumb/v7e-m+fp/hard\libc_nano.a
END GROUP
START GROUP
LOAD C:/ST/STM32CubeIDE_1.19.0/STM32CubeIDE/plugins/com.st.stm32cube.ide.mcu.externaltools.gnu-tools-for-stm32.13.3.rel1.win32_1.0.0.202411081344/tools/bin/../lib/gcc/arm-none-eabi/13.3.1/thumb/v7e-m+fp/hard\libgcc.a
LOAD C:/ST/STM32CubeIDE_1.19.0/STM32CubeIDE/plugins/com.st.stm32cube.ide.mcu.externaltools.gnu-tools-for-stm32.13.3.rel1.win32_1.0.0.202411081344/tools/bin/../lib/gcc/arm-none-eabi/13.3.1/../../../../arm-none-eabi/lib/thumb/v7e-m+fp/hard\libc_nano.a
LOAD C:/ST/STM32CubeIDE_1.19.0/STM32CubeIDE/plugins/com.st.stm32cube.ide.mcu.externaltools.gnu-tools-for-stm32.13.3.rel1.win32_1.0.0.202411081344/tools/bin/../lib/gcc/arm-none-eabi/13.3.1/../../../../arm-none-eabi/lib/thumb/v7e-m+fp/hard\libnosys.a
END GROUP
START GROUP
LOAD C:/ST/STM32CubeIDE_1.19.0/STM32CubeIDE/plugins/com.st.stm32cube.ide.mcu.externaltools.gnu-tools-for-stm32.13.3.rel1.win32_1.0.0.202411081344/tools/bin/../lib/gcc/arm-none-eabi/13.3.1/thumb/v7e-m+fp/hard\libgcc.a
LOAD C:/ST/STM32CubeIDE_1.19.0/STM32CubeIDE/plugins/com.st.stm32cube.ide.mcu.externaltools.gnu-tools-for-stm32.13.3.rel1.win32_1.0.0.202411081344/tools/bin/../lib/gcc/arm-none-eabi/13.3.1/../../../../arm-none-eabi/lib/thumb/v7e-m+fp/hard\libc_nano.a
LOAD C:/ST/STM32CubeIDE_1.19.0/STM32CubeIDE/plugins/com.st.stm32cube.ide.mcu.externaltools.gnu-tools-for-stm32.13.3.rel1.win32_1.0.0.202411081344/tools/bin/../lib/gcc/arm-none-eabi/13.3.1/../../../../arm-none-eabi/lib/thumb/v7e-m+fp/hard\libnosys.a
END GROUP
LOAD C:/ST/STM32CubeIDE_1.19.0/STM32CubeIDE/plugins/com.st.stm32cube.ide.mcu.externaltools.gnu-tools-for-stm32.13.3.rel1.win32_1.0.0.202411081344/tools/bin/../lib/gcc/arm-none-eabi/13.3.1/thumb/v7e-m+fp/hard/crtend.o
LOAD C:/ST/STM32CubeIDE_1.19.0/STM32CubeIDE/plugins/com.st.stm32cube.ide.mcu.externaltools.gnu-tools-for-stm32.13.3.rel1.win32_1.0.0.202411081344/tools/bin/../lib/gcc/arm-none-eabi/13.3.1/thumb/v7e-m+fp/hard/crtn.o
                0x200a0000                        _estack = (ORIGIN (RAM) + LENGTH (RAM))
                0x00000200                        _Min_Heap_Size = 0x200
                0x00000400                        _Min_Stack_Size = 0x400

.isr_vector     0x08000000      0x1bc
                0x08000000                        . = ALIGN (0x4)
 *(.isr_vector)
 .isr_vector    0x08000000      0x1bc ./Core/Startup/startup_stm32l4s5vitx.o
                0x08000000                g_pfnVectors
                0x080001bc                        . = ALIGN (0x4)

.text           0x080001c0    0x14130
                0x080001c0                        . = ALIGN (0x4)
 *(.text)
 .text          0x080001c0       0x40 C:/ST/STM32CubeIDE_1.19.0/STM32CubeIDE/plugins/com.st.stm32cube.ide.mcu.externaltools.gnu-tools-for-stm32.13.3.rel1.win32_1.0.0.202411081344/tools/bin/../lib/gcc/arm-none-eabi/13.3.1/thumb/v7e-m+fp/hard/crtbegin.o
 .text          0x08000200       0x94 ./Middlewares/Third_Party/Segger/SEGGER_RTT_ASM_ARMv7M.o
                0x08000200                SEGGER_RTT_ASM_WriteSkipNoLock
 .text          0x08000294      0x378 C:/ST/STM32CubeIDE_1.19.0/STM32CubeIDE/plugins/com.st.stm32cube.ide.mcu.externaltools.gnu-tools-for-stm32.13.3.rel1.win32_1.0.0.202411081344/tools/bin/../lib/gcc/arm-none-eabi/13.3.1/thumb/v7e-m+fp/hard\libgcc.a(_arm_addsubdf3.o)
                0x08000294                __aeabi_drsub
                0x0800029c                __aeabi_dsub
                0x0800029c                __subdf3
                0x080002a0                __aeabi_dadd
                0x080002a0                __adddf3
                0x08000518                __floatunsidf
                0x08000518                __aeabi_ui2d
                0x08000538                __floatsidf
                0x08000538                __aeabi_i2d
                0x0800055c                __aeabi_f2d
                0x0800055c                __extendsfdf2
                0x080005a0                __floatundidf
                0x080005a0                __aeabi_ul2d
                0x080005b0                __floatdidf
                0x080005b0                __aeabi_l2d
 .text          0x0800060c      0x424 C:/ST/STM32CubeIDE_1.19.0/STM32CubeIDE/plugins/com.st.stm32cube.ide.mcu.externaltools.gnu-tools-for-stm32.13.3.rel1.win32_1.0.0.202411081344/tools/bin/../lib/gcc/arm-none-eabi/13.3.1/thumb/v7e-m+fp/hard\libgcc.a(_arm_muldivdf3.o)
                0x0800060c                __aeabi_dmul
                0x0800060c                __muldf3
                0x08000860                __divdf3
                0x08000860                __aeabi_ddiv
 .text          0x08000a30       0xa0 C:/ST/STM32CubeIDE_1.19.0/STM32CubeIDE/plugins/com.st.stm32cube.ide.mcu.externaltools.gnu-tools-for-stm32.13.3.rel1.win32_1.0.0.202411081344/tools/bin/../lib/gcc/arm-none-eabi/13.3.1/thumb/v7e-m+fp/hard\libgcc.a(_arm_truncdfsf2.o)
                0x08000a30                __truncdfsf2
                0x08000a30                __aeabi_d2f
 .text          0x08000ad0       0x30 C:/ST/STM32CubeIDE_1.19.0/STM32CubeIDE/plugins/com.st.stm32cube.ide.mcu.externaltools.gnu-tools-for-stm32.13.3.rel1.win32_1.0.0.202411081344/tools/bin/../lib/gcc/arm-none-eabi/13.3.1/thumb/v7e-m+fp/hard\libgcc.a(_aeabi_uldivmod.o)
                0x08000ad0                __aeabi_uldivmod
 .text          0x08000b00      0x2f8 C:/ST/STM32CubeIDE_1.19.0/STM32CubeIDE/plugins/com.st.stm32cube.ide.mcu.externaltools.gnu-tools-for-stm32.13.3.rel1.win32_1.0.0.202411081344/tools/bin/../lib/gcc/arm-none-eabi/13.3.1/thumb/v7e-m+fp/hard\libgcc.a(_udivmoddi4.o)
                0x08000b00                __udivmoddi4
 .text          0x08000df8        0x4 C:/ST/STM32CubeIDE_1.19.0/STM32CubeIDE/plugins/com.st.stm32cube.ide.mcu.externaltools.gnu-tools-for-stm32.13.3.rel1.win32_1.0.0.202411081344/tools/bin/../lib/gcc/arm-none-eabi/13.3.1/thumb/v7e-m+fp/hard\libgcc.a(_dvmd_tls.o)
                0x08000df8                __aeabi_idiv0
                0x08000df8                __aeabi_ldiv0
 *(.text*)
 .text.configureTimerForRunTimeStats
                0x08000dfc        0xe ./Core/Src/freertos.o
                0x08000dfc                configureTimerForRunTimeStats
 .text.getRunTimeCounterValue
                0x08000e0a       0x10 ./Core/Src/freertos.o
                0x08000e0a                getRunTimeCounterValue
 *fill*         0x08000e1a        0x2 
 .text.main     0x08000e1c      0x198 ./Core/Src/main.o
                0x08000e1c                main
 .text.SystemClock_Config
                0x08000fb4       0xa2 ./Core/Src/main.o
                0x08000fb4                SystemClock_Config
 *fill*         0x08001056        0x2 
 .text.MX_I2C2_Init
                0x08001058       0x80 ./Core/Src/main.o
 .text.MX_USART1_UART_Init
                0x080010d8       0x98 ./Core/Src/main.o
 .text.MX_DMA_Init
                0x08001170       0x84 ./Core/Src/main.o
 .text.MX_GPIO_Init
                0x080011f4      0x15c ./Core/Src/main.o
 .text.StartDefaultTask
                0x08001350       0x10 ./Core/Src/main.o
                0x08001350                StartDefaultTask
 .text.IMU_Task
                0x08001360       0x50 ./Core/Src/main.o
                0x08001360                IMU_Task
 .text.Magneto_Task
                0x080013b0       0x50 ./Core/Src/main.o
                0x080013b0                Magneto_Task
 .text.ToF_Task
                0x08001400       0x3c ./Core/Src/main.o
                0x08001400                ToF_Task
 .text.Baro_Task
                0x0800143c       0x3c ./Core/Src/main.o
                0x0800143c                Baro_Task
 .text.Humidity_Task
                0x08001478       0x3c ./Core/Src/main.o
                0x08001478                Humidity_Task
 .text.Init_Task
                0x080014b4       0x54 ./Core/Src/main.o
                0x080014b4                Init_Task
 .text.Data_Transmit_Task
                0x08001508       0xa4 ./Core/Src/main.o
                0x08001508                Data_Transmit_Task
 .text.Data_Filter_Task
                0x080015ac      0x1d0 ./Core/Src/main.o
                0x080015ac                Data_Filter_Task
 .text.HAL_TIM_PeriodElapsedCallback
                0x0800177c       0x24 ./Core/Src/main.o
                0x0800177c                HAL_TIM_PeriodElapsedCallback
 .text.Error_Handler
                0x080017a0        0xc ./Core/Src/main.o
                0x080017a0                Error_Handler
 .text.HAL_MspInit
                0x080017ac       0x50 ./Core/Src/stm32l4xx_hal_msp.o
                0x080017ac                HAL_MspInit
 .text.HAL_I2C_MspInit
                0x080017fc      0x184 ./Core/Src/stm32l4xx_hal_msp.o
                0x080017fc                HAL_I2C_MspInit
 .text.HAL_UART_MspInit
                0x08001980      0x184 ./Core/Src/stm32l4xx_hal_msp.o
                0x08001980                HAL_UART_MspInit
 .text.HAL_InitTick
                0x08001b04       0xec ./Core/Src/stm32l4xx_hal_timebase_tim.o
                0x08001b04                HAL_InitTick
 .text.TimeBase_TIM_PeriodElapsedCallback
                0x08001bf0       0x14 ./Core/Src/stm32l4xx_hal_timebase_tim.o
                0x08001bf0                TimeBase_TIM_PeriodElapsedCallback
 .text.NMI_Handler
                0x08001c04        0x8 ./Core/Src/stm32l4xx_it.o
                0x08001c04                NMI_Handler
 .text.HardFault_Handler
                0x08001c0c        0x8 ./Core/Src/stm32l4xx_it.o
                0x08001c0c                HardFault_Handler
 .text.MemManage_Handler
                0x08001c14        0x8 ./Core/Src/stm32l4xx_it.o
                0x08001c14                MemManage_Handler
 .text.BusFault_Handler
                0x08001c1c        0x8 ./Core/Src/stm32l4xx_it.o
                0x08001c1c                BusFault_Handler
 .text.UsageFault_Handler
                0x08001c24        0x8 ./Core/Src/stm32l4xx_it.o
                0x08001c24                UsageFault_Handler
 .text.DebugMon_Handler
                0x08001c2c        0xe ./Core/Src/stm32l4xx_it.o
                0x08001c2c                DebugMon_Handler
 *fill*         0x08001c3a        0x2 
 .text.DMA1_Channel1_IRQHandler
                0x08001c3c       0x1c ./Core/Src/stm32l4xx_it.o
                0x08001c3c                DMA1_Channel1_IRQHandler
 .text.DMA1_Channel2_IRQHandler
                0x08001c58       0x1c ./Core/Src/stm32l4xx_it.o
                0x08001c58                DMA1_Channel2_IRQHandler
 .text.DMA1_Channel3_IRQHandler
                0x08001c74       0x1c ./Core/Src/stm32l4xx_it.o
                0x08001c74                DMA1_Channel3_IRQHandler
 .text.DMA1_Channel4_IRQHandler
                0x08001c90       0x1c ./Core/Src/stm32l4xx_it.o
                0x08001c90                DMA1_Channel4_IRQHandler
 .text.EXTI9_5_IRQHandler
                0x08001cac       0x1e ./Core/Src/stm32l4xx_it.o
                0x08001cac                EXTI9_5_IRQHandler
 *fill*         0x08001cca        0x2 
 .text.TIM1_TRG_COM_TIM17_IRQHandler
                0x08001ccc       0x14 ./Core/Src/stm32l4xx_it.o
                0x08001ccc                TIM1_TRG_COM_TIM17_IRQHandler
 .text.I2C2_EV_IRQHandler
                0x08001ce0       0x1c ./Core/Src/stm32l4xx_it.o
                0x08001ce0                I2C2_EV_IRQHandler
 .text.USART1_IRQHandler
                0x08001cfc       0x1c ./Core/Src/stm32l4xx_it.o
                0x08001cfc                USART1_IRQHandler
 .text.EXTI15_10_IRQHandler
                0x08001d18       0x30 ./Core/Src/stm32l4xx_it.o
                0x08001d18                EXTI15_10_IRQHandler
 .text.HAL_GPIO_EXTI_Callback
                0x08001d48       0xd4 ./Core/Src/stm32l4xx_it.o
                0x08001d48                HAL_GPIO_EXTI_Callback
 .text.HAL_UART_TxCpltCallback
                0x08001e1c       0x38 ./Core/Src/stm32l4xx_it.o
                0x08001e1c                HAL_UART_TxCpltCallback
 .text.SystemInit
                0x08001e54       0x24 ./Core/Src/system_stm32l4xx.o
                0x08001e54                SystemInit
 .text.Reset_Handler
                0x08001e78       0x50 ./Core/Startup/startup_stm32l4s5vitx.o
                0x08001e78                Reset_Handler
 .text.Default_Handler
                0x08001ec8        0x2 ./Core/Startup/startup_stm32l4s5vitx.o
                0x08001ec8                RTC_Alarm_IRQHandler
                0x08001ec8                EXTI2_IRQHandler
                0x08001ec8                TIM8_TRG_COM_IRQHandler
                0x08001ec8                TIM8_CC_IRQHandler
                0x08001ec8                TIM1_CC_IRQHandler
                0x08001ec8                TSC_IRQHandler
                0x08001ec8                TAMP_STAMP_IRQHandler
                0x08001ec8                EXTI3_IRQHandler
                0x08001ec8                LPTIM2_IRQHandler
                0x08001ec8                DFSDM1_FLT1_IRQHandler
                0x08001ec8                GFXMMU_IRQHandler
                0x08001ec8                I2C3_ER_IRQHandler
                0x08001ec8                DFSDM1_FLT2_IRQHandler
                0x08001ec8                EXTI0_IRQHandler
                0x08001ec8                CAN1_RX0_IRQHandler
                0x08001ec8                FPU_IRQHandler
                0x08001ec8                TIM1_UP_TIM16_IRQHandler
                0x08001ec8                LTDC_ER_IRQHandler
                0x08001ec8                SPI1_IRQHandler
                0x08001ec8                OCTOSPI1_IRQHandler
                0x08001ec8                TIM6_DAC_IRQHandler
                0x08001ec8                DCMI_IRQHandler
                0x08001ec8                TIM8_UP_IRQHandler
                0x08001ec8                OCTOSPI2_IRQHandler
                0x08001ec8                DMA2_Channel2_IRQHandler
                0x08001ec8                SAI2_IRQHandler
                0x08001ec8                ADC1_IRQHandler
                0x08001ec8                DFSDM1_FLT3_IRQHandler
                0x08001ec8                USART3_IRQHandler
                0x08001ec8                DMA1_Channel7_IRQHandler
                0x08001ec8                CAN1_RX1_IRQHandler
                0x08001ec8                UART5_IRQHandler
                0x08001ec8                TIM4_IRQHandler
                0x08001ec8                DMA2_Channel1_IRQHandler
                0x08001ec8                I2C1_EV_IRQHandler
                0x08001ec8                DMAMUX1_OVR_IRQHandler
                0x08001ec8                DMA1_Channel6_IRQHandler
                0x08001ec8                UART4_IRQHandler
                0x08001ec8                DMA2_Channel4_IRQHandler
                0x08001ec8                TIM3_IRQHandler
                0x08001ec8                RCC_IRQHandler
                0x08001ec8                Default_Handler
                0x08001ec8                DMA2_Channel7_IRQHandler
                0x08001ec8                TIM7_IRQHandler
                0x08001ec8                SDMMC1_IRQHandler
                0x08001ec8                TIM5_IRQHandler
                0x08001ec8                I2C3_EV_IRQHandler
                0x08001ec8                RTC_WKUP_IRQHandler
                0x08001ec8                LTDC_IRQHandler
                0x08001ec8                PVD_PVM_IRQHandler
                0x08001ec8                SPI2_IRQHandler
                0x08001ec8                CAN1_TX_IRQHandler
                0x08001ec8                DMA2_Channel5_IRQHandler
                0x08001ec8                DMA1_Channel5_IRQHandler
                0x08001ec8                EXTI4_IRQHandler
                0x08001ec8                RNG_IRQHandler
                0x08001ec8                COMP_IRQHandler
                0x08001ec8                HASH_CRS_IRQHandler
                0x08001ec8                WWDG_IRQHandler
                0x08001ec8                I2C4_EV_IRQHandler
                0x08001ec8                LPUART1_IRQHandler
                0x08001ec8                DMA2_Channel6_IRQHandler
                0x08001ec8                TIM2_IRQHandler
                0x08001ec8                DMA2D_IRQHandler
                0x08001ec8                EXTI1_IRQHandler
                0x08001ec8                AES_IRQHandler
                0x08001ec8                USART2_IRQHandler
                0x08001ec8                DFSDM1_FLT0_IRQHandler
                0x08001ec8                I2C2_ER_IRQHandler
                0x08001ec8                TIM8_BRK_IRQHandler
                0x08001ec8                CAN1_SCE_IRQHandler
                0x08001ec8                FLASH_IRQHandler
                0x08001ec8                OTG_FS_IRQHandler
                0x08001ec8                SPI3_IRQHandler
                0x08001ec8                I2C1_ER_IRQHandler
                0x08001ec8                FMC_IRQHandler
                0x08001ec8                LPTIM1_IRQHandler
                0x08001ec8                I2C4_ER_IRQHandler
                0x08001ec8                SAI1_IRQHandler
                0x08001ec8                DMA2_Channel3_IRQHandler
                0x08001ec8                TIM1_BRK_TIM15_IRQHandler
 .text.HAL_Init
                0x08001eca       0x30 ./Drivers/STM32L4xx_HAL_Driver/Src/stm32l4xx_hal.o
                0x08001eca                HAL_Init
 *fill*         0x08001efa        0x2 
 .text.HAL_IncTick
                0x08001efc       0x28 ./Drivers/STM32L4xx_HAL_Driver/Src/stm32l4xx_hal.o
                0x08001efc                HAL_IncTick
 .text.HAL_GetTick
                0x08001f24       0x18 ./Drivers/STM32L4xx_HAL_Driver/Src/stm32l4xx_hal.o
                0x08001f24                HAL_GetTick
 .text.HAL_Delay
                0x08001f3c       0x48 ./Drivers/STM32L4xx_HAL_Driver/Src/stm32l4xx_hal.o
                0x08001f3c                HAL_Delay
 .text.__NVIC_SetPriorityGrouping
                0x08001f84       0x48 ./Drivers/STM32L4xx_HAL_Driver/Src/stm32l4xx_hal_cortex.o
 .text.__NVIC_GetPriorityGrouping
                0x08001fcc       0x1c ./Drivers/STM32L4xx_HAL_Driver/Src/stm32l4xx_hal_cortex.o
 .text.__NVIC_EnableIRQ
                0x08001fe8       0x3c ./Drivers/STM32L4xx_HAL_Driver/Src/stm32l4xx_hal_cortex.o
 .text.__NVIC_ClearPendingIRQ
                0x08002024       0x3c ./Drivers/STM32L4xx_HAL_Driver/Src/stm32l4xx_hal_cortex.o
 .text.__NVIC_SetPriority
                0x08002060       0x54 ./Drivers/STM32L4xx_HAL_Driver/Src/stm32l4xx_hal_cortex.o
 .text.NVIC_EncodePriority
                0x080020b4       0x66 ./Drivers/STM32L4xx_HAL_Driver/Src/stm32l4xx_hal_cortex.o
 .text.HAL_NVIC_SetPriorityGrouping
                0x0800211a       0x16 ./Drivers/STM32L4xx_HAL_Driver/Src/stm32l4xx_hal_cortex.o
                0x0800211a                HAL_NVIC_SetPriorityGrouping
 .text.HAL_NVIC_SetPriority
                0x08002130       0x38 ./Drivers/STM32L4xx_HAL_Driver/Src/stm32l4xx_hal_cortex.o
                0x08002130                HAL_NVIC_SetPriority
 .text.HAL_NVIC_EnableIRQ
                0x08002168       0x1c ./Drivers/STM32L4xx_HAL_Driver/Src/stm32l4xx_hal_cortex.o
                0x08002168                HAL_NVIC_EnableIRQ
 .text.HAL_NVIC_ClearPendingIRQ
                0x08002184       0x1c ./Drivers/STM32L4xx_HAL_Driver/Src/stm32l4xx_hal_cortex.o
                0x08002184                HAL_NVIC_ClearPendingIRQ
 .text.HAL_DMA_Init
                0x080021a0      0x150 ./Drivers/STM32L4xx_HAL_Driver/Src/stm32l4xx_hal_dma.o
                0x080021a0                HAL_DMA_Init
 .text.HAL_DMA_Start_IT
                0x080022f0       0xf6 ./Drivers/STM32L4xx_HAL_Driver/Src/stm32l4xx_hal_dma.o
                0x080022f0                HAL_DMA_Start_IT
 .text.HAL_DMA_Abort
                0x080023e6       0xb8 ./Drivers/STM32L4xx_HAL_Driver/Src/stm32l4xx_hal_dma.o
                0x080023e6                HAL_DMA_Abort
 .text.HAL_DMA_Abort_IT
                0x0800249e       0xbe ./Drivers/STM32L4xx_HAL_Driver/Src/stm32l4xx_hal_dma.o
                0x0800249e                HAL_DMA_Abort_IT
 .text.HAL_DMA_IRQHandler
                0x0800255c      0x15e ./Drivers/STM32L4xx_HAL_Driver/Src/stm32l4xx_hal_dma.o
                0x0800255c                HAL_DMA_IRQHandler
 .text.HAL_DMA_GetState
                0x080026ba       0x1c ./Drivers/STM32L4xx_HAL_Driver/Src/stm32l4xx_hal_dma.o
                0x080026ba                HAL_DMA_GetState
 .text.DMA_SetConfig
                0x080026d6       0x7c ./Drivers/STM32L4xx_HAL_Driver/Src/stm32l4xx_hal_dma.o
 *fill*         0x08002752        0x2 
 .text.DMA_CalcDMAMUXChannelBaseAndMask
                0x08002754       0x7c ./Drivers/STM32L4xx_HAL_Driver/Src/stm32l4xx_hal_dma.o
 .text.DMA_CalcDMAMUXRequestGenBaseAndMask
                0x080027d0       0x48 ./Drivers/STM32L4xx_HAL_Driver/Src/stm32l4xx_hal_dma.o
 .text.HAL_GPIO_Init
                0x08002818      0x324 ./Drivers/STM32L4xx_HAL_Driver/Src/stm32l4xx_hal_gpio.o
                0x08002818                HAL_GPIO_Init
 .text.HAL_GPIO_WritePin
                0x08002b3c       0x30 ./Drivers/STM32L4xx_HAL_Driver/Src/stm32l4xx_hal_gpio.o
                0x08002b3c                HAL_GPIO_WritePin
 .text.HAL_GPIO_EXTI_IRQHandler
                0x08002b6c       0x30 ./Drivers/STM32L4xx_HAL_Driver/Src/stm32l4xx_hal_gpio.o
                0x08002b6c                HAL_GPIO_EXTI_IRQHandler
 .text.HAL_I2C_Init
                0x08002b9c      0x136 ./Drivers/STM32L4xx_HAL_Driver/Src/stm32l4xx_hal_i2c.o
                0x08002b9c                HAL_I2C_Init
 *fill*         0x08002cd2        0x2 
 .text.HAL_I2C_Master_Transmit_DMA
                0x08002cd4      0x228 ./Drivers/STM32L4xx_HAL_Driver/Src/stm32l4xx_hal_i2c.o
                0x08002cd4                HAL_I2C_Master_Transmit_DMA
 .text.HAL_I2C_Master_Receive_DMA
                0x08002efc      0x1e0 ./Drivers/STM32L4xx_HAL_Driver/Src/stm32l4xx_hal_i2c.o
                0x08002efc                HAL_I2C_Master_Receive_DMA
 .text.HAL_I2C_Mem_Write_DMA
                0x080030dc      0x1cc ./Drivers/STM32L4xx_HAL_Driver/Src/stm32l4xx_hal_i2c.o
                0x080030dc                HAL_I2C_Mem_Write_DMA
 .text.HAL_I2C_Mem_Read_DMA
                0x080032a8      0x1cc ./Drivers/STM32L4xx_HAL_Driver/Src/stm32l4xx_hal_i2c.o
                0x080032a8                HAL_I2C_Mem_Read_DMA
 .text.HAL_I2C_EV_IRQHandler
                0x08003474       0x34 ./Drivers/STM32L4xx_HAL_Driver/Src/stm32l4xx_hal_i2c.o
                0x08003474                HAL_I2C_EV_IRQHandler
 .text.HAL_I2C_MasterTxCpltCallback
                0x080034a8       0x14 ./Drivers/STM32L4xx_HAL_Driver/Src/stm32l4xx_hal_i2c.o
                0x080034a8                HAL_I2C_MasterTxCpltCallback
 .text.HAL_I2C_MasterRxCpltCallback
                0x080034bc       0x14 ./Drivers/STM32L4xx_HAL_Driver/Src/stm32l4xx_hal_i2c.o
                0x080034bc                HAL_I2C_MasterRxCpltCallback
 .text.HAL_I2C_SlaveTxCpltCallback
                0x080034d0       0x14 ./Drivers/STM32L4xx_HAL_Driver/Src/stm32l4xx_hal_i2c.o
                0x080034d0                HAL_I2C_SlaveTxCpltCallback
 .text.HAL_I2C_SlaveRxCpltCallback
                0x080034e4       0x14 ./Drivers/STM32L4xx_HAL_Driver/Src/stm32l4xx_hal_i2c.o
                0x080034e4                HAL_I2C_SlaveRxCpltCallback
 .text.HAL_I2C_AddrCallback
                0x080034f8       0x1c ./Drivers/STM32L4xx_HAL_Driver/Src/stm32l4xx_hal_i2c.o
                0x080034f8                HAL_I2C_AddrCallback
 .text.HAL_I2C_ListenCpltCallback
                0x08003514       0x14 ./Drivers/STM32L4xx_HAL_Driver/Src/stm32l4xx_hal_i2c.o
                0x08003514                HAL_I2C_ListenCpltCallback
 .text.HAL_I2C_MemTxCpltCallback
                0x08003528       0x14 ./Drivers/STM32L4xx_HAL_Driver/Src/stm32l4xx_hal_i2c.o
                0x08003528                HAL_I2C_MemTxCpltCallback
 .text.HAL_I2C_MemRxCpltCallback
                0x0800353c       0x14 ./Drivers/STM32L4xx_HAL_Driver/Src/stm32l4xx_hal_i2c.o
                0x0800353c                HAL_I2C_MemRxCpltCallback
 .text.HAL_I2C_ErrorCallback
                0x08003550       0x14 ./Drivers/STM32L4xx_HAL_Driver/Src/stm32l4xx_hal_i2c.o
                0x08003550                HAL_I2C_ErrorCallback
 .text.HAL_I2C_AbortCpltCallback
                0x08003564       0x14 ./Drivers/STM32L4xx_HAL_Driver/Src/stm32l4xx_hal_i2c.o
                0x08003564                HAL_I2C_AbortCpltCallback
 .text.I2C_Master_ISR_IT
                0x08003578      0x284 ./Drivers/STM32L4xx_HAL_Driver/Src/stm32l4xx_hal_i2c.o
 .text.I2C_Slave_ISR_IT
                0x080037fc      0x208 ./Drivers/STM32L4xx_HAL_Driver/Src/stm32l4xx_hal_i2c.o
 .text.I2C_Master_ISR_DMA
                0x08003a04      0x204 ./Drivers/STM32L4xx_HAL_Driver/Src/stm32l4xx_hal_i2c.o
 .text.I2C_Mem_ISR_DMA
                0x08003c08      0x29c ./Drivers/STM32L4xx_HAL_Driver/Src/stm32l4xx_hal_i2c.o
 .text.I2C_Slave_ISR_DMA
                0x08003ea4      0x1c2 ./Drivers/STM32L4xx_HAL_Driver/Src/stm32l4xx_hal_i2c.o
 .text.I2C_ITAddrCplt
                0x08004066      0x108 ./Drivers/STM32L4xx_HAL_Driver/Src/stm32l4xx_hal_i2c.o
 .text.I2C_ITMasterSeqCplt
                0x0800416e       0x7a ./Drivers/STM32L4xx_HAL_Driver/Src/stm32l4xx_hal_i2c.o
 .text.I2C_ITSlaveSeqCplt
                0x080041e8       0xbc ./Drivers/STM32L4xx_HAL_Driver/Src/stm32l4xx_hal_i2c.o
 .text.I2C_ITMasterCplt
                0x080042a4      0x194 ./Drivers/STM32L4xx_HAL_Driver/Src/stm32l4xx_hal_i2c.o
 .text.I2C_ITSlaveCplt
                0x08004438      0x2d4 ./Drivers/STM32L4xx_HAL_Driver/Src/stm32l4xx_hal_i2c.o
 .text.I2C_ITListenCplt
                0x0800470c       0xac ./Drivers/STM32L4xx_HAL_Driver/Src/stm32l4xx_hal_i2c.o
 .text.I2C_ITError
                0x080047b8      0x1e0 ./Drivers/STM32L4xx_HAL_Driver/Src/stm32l4xx_hal_i2c.o
 .text.I2C_TreatErrorCallback
                0x08004998       0x4e ./Drivers/STM32L4xx_HAL_Driver/Src/stm32l4xx_hal_i2c.o
 .text.I2C_Flush_TXDR
                0x080049e6       0x48 ./Drivers/STM32L4xx_HAL_Driver/Src/stm32l4xx_hal_i2c.o
 .text.I2C_DMAMasterTransmitCplt
                0x08004a2e       0x96 ./Drivers/STM32L4xx_HAL_Driver/Src/stm32l4xx_hal_i2c.o
 .text.I2C_DMAMasterReceiveCplt
                0x08004ac4       0xb2 ./Drivers/STM32L4xx_HAL_Driver/Src/stm32l4xx_hal_i2c.o
 .text.I2C_DMAError
                0x08004b76       0x2e ./Drivers/STM32L4xx_HAL_Driver/Src/stm32l4xx_hal_i2c.o
 .text.I2C_DMAAbort
                0x08004ba4       0x3c ./Drivers/STM32L4xx_HAL_Driver/Src/stm32l4xx_hal_i2c.o
 .text.I2C_TransferConfig
                0x08004be0       0x64 ./Drivers/STM32L4xx_HAL_Driver/Src/stm32l4xx_hal_i2c.o
 .text.I2C_Enable_IRQ
                0x08004c44      0x108 ./Drivers/STM32L4xx_HAL_Driver/Src/stm32l4xx_hal_i2c.o
 .text.I2C_Disable_IRQ
                0x08004d4c       0xbc ./Drivers/STM32L4xx_HAL_Driver/Src/stm32l4xx_hal_i2c.o
 .text.HAL_I2CEx_ConfigAnalogFilter
                0x08004e08       0x96 ./Drivers/STM32L4xx_HAL_Driver/Src/stm32l4xx_hal_i2c_ex.o
                0x08004e08                HAL_I2CEx_ConfigAnalogFilter
 .text.HAL_I2CEx_ConfigDigitalFilter
                0x08004e9e       0x98 ./Drivers/STM32L4xx_HAL_Driver/Src/stm32l4xx_hal_i2c_ex.o
                0x08004e9e                HAL_I2CEx_ConfigDigitalFilter
 *fill*         0x08004f36        0x2 
 .text.HAL_PWREx_GetVoltageRange
                0x08004f38       0x40 ./Drivers/STM32L4xx_HAL_Driver/Src/stm32l4xx_hal_pwr_ex.o
                0x08004f38                HAL_PWREx_GetVoltageRange
 .text.HAL_PWREx_ControlVoltageScaling
                0x08004f78      0x148 ./Drivers/STM32L4xx_HAL_Driver/Src/stm32l4xx_hal_pwr_ex.o
                0x08004f78                HAL_PWREx_ControlVoltageScaling
 .text.HAL_RCC_OscConfig
                0x080050c0      0x834 ./Drivers/STM32L4xx_HAL_Driver/Src/stm32l4xx_hal_rcc.o
                0x080050c0                HAL_RCC_OscConfig
 .text.HAL_RCC_ClockConfig
                0x080058f4      0x274 ./Drivers/STM32L4xx_HAL_Driver/Src/stm32l4xx_hal_rcc.o
                0x080058f4                HAL_RCC_ClockConfig
 .text.HAL_RCC_GetSysClockFreq
                0x08005b68      0x118 ./Drivers/STM32L4xx_HAL_Driver/Src/stm32l4xx_hal_rcc.o
                0x08005b68                HAL_RCC_GetSysClockFreq
 .text.HAL_RCC_GetHCLKFreq
                0x08005c80       0x18 ./Drivers/STM32L4xx_HAL_Driver/Src/stm32l4xx_hal_rcc.o
                0x08005c80                HAL_RCC_GetHCLKFreq
 .text.HAL_RCC_GetPCLK1Freq
                0x08005c98       0x2c ./Drivers/STM32L4xx_HAL_Driver/Src/stm32l4xx_hal_rcc.o
                0x08005c98                HAL_RCC_GetPCLK1Freq
 .text.HAL_RCC_GetPCLK2Freq
                0x08005cc4       0x2c ./Drivers/STM32L4xx_HAL_Driver/Src/stm32l4xx_hal_rcc.o
                0x08005cc4                HAL_RCC_GetPCLK2Freq
 .text.HAL_RCC_GetClockConfig
                0x08005cf0       0x64 ./Drivers/STM32L4xx_HAL_Driver/Src/stm32l4xx_hal_rcc.o
                0x08005cf0                HAL_RCC_GetClockConfig
 .text.RCC_SetFlashLatencyFromMSIRange
                0x08005d54       0xb4 ./Drivers/STM32L4xx_HAL_Driver/Src/stm32l4xx_hal_rcc.o
 .text.RCC_GetSysClockFreqFromPLLSource
                0x08005e08       0xcc ./Drivers/STM32L4xx_HAL_Driver/Src/stm32l4xx_hal_rcc.o
 .text.HAL_RCCEx_PeriphCLKConfig
                0x08005ed4      0x660 ./Drivers/STM32L4xx_HAL_Driver/Src/stm32l4xx_hal_rcc_ex.o
                0x08005ed4                HAL_RCCEx_PeriphCLKConfig
 .text.RCCEx_PLLSAI1_Config
                0x08006534      0x1e8 ./Drivers/STM32L4xx_HAL_Driver/Src/stm32l4xx_hal_rcc_ex.o
 .text.RCCEx_PLLSAI2_Config
                0x0800671c      0x1e8 ./Drivers/STM32L4xx_HAL_Driver/Src/stm32l4xx_hal_rcc_ex.o
 .text.HAL_TIM_Base_Init
                0x08006904       0xc8 ./Drivers/STM32L4xx_HAL_Driver/Src/stm32l4xx_hal_tim.o
                0x08006904                HAL_TIM_Base_Init
 .text.HAL_TIM_Base_MspInit
                0x080069cc       0x14 ./Drivers/STM32L4xx_HAL_Driver/Src/stm32l4xx_hal_tim.o
                0x080069cc                HAL_TIM_Base_MspInit
 .text.HAL_TIM_Base_Start_IT
                0x080069e0       0xe0 ./Drivers/STM32L4xx_HAL_Driver/Src/stm32l4xx_hal_tim.o
                0x080069e0                HAL_TIM_Base_Start_IT
 .text.HAL_TIM_IRQHandler
                0x08006ac0      0x252 ./Drivers/STM32L4xx_HAL_Driver/Src/stm32l4xx_hal_tim.o
                0x08006ac0                HAL_TIM_IRQHandler
 .text.HAL_TIM_PeriodElapsedHalfCpltCallback
                0x08006d12       0x14 ./Drivers/STM32L4xx_HAL_Driver/Src/stm32l4xx_hal_tim.o
                0x08006d12                HAL_TIM_PeriodElapsedHalfCpltCallback
 .text.HAL_TIM_OC_DelayElapsedCallback
                0x08006d26       0x14 ./Drivers/STM32L4xx_HAL_Driver/Src/stm32l4xx_hal_tim.o
                0x08006d26                HAL_TIM_OC_DelayElapsedCallback
 .text.HAL_TIM_IC_CaptureCallback
                0x08006d3a       0x14 ./Drivers/STM32L4xx_HAL_Driver/Src/stm32l4xx_hal_tim.o
                0x08006d3a                HAL_TIM_IC_CaptureCallback
 .text.HAL_TIM_IC_CaptureHalfCpltCallback
                0x08006d4e       0x14 ./Drivers/STM32L4xx_HAL_Driver/Src/stm32l4xx_hal_tim.o
                0x08006d4e                HAL_TIM_IC_CaptureHalfCpltCallback
 .text.HAL_TIM_PWM_PulseFinishedCallback
                0x08006d62       0x14 ./Drivers/STM32L4xx_HAL_Driver/Src/stm32l4xx_hal_tim.o
                0x08006d62                HAL_TIM_PWM_PulseFinishedCallback
 .text.HAL_TIM_PWM_PulseFinishedHalfCpltCallback
                0x08006d76       0x14 ./Drivers/STM32L4xx_HAL_Driver/Src/stm32l4xx_hal_tim.o
                0x08006d76                HAL_TIM_PWM_PulseFinishedHalfCpltCallback
 .text.HAL_TIM_TriggerCallback
                0x08006d8a       0x14 ./Drivers/STM32L4xx_HAL_Driver/Src/stm32l4xx_hal_tim.o
                0x08006d8a                HAL_TIM_TriggerCallback
 .text.HAL_TIM_TriggerHalfCpltCallback
                0x08006d9e       0x14 ./Drivers/STM32L4xx_HAL_Driver/Src/stm32l4xx_hal_tim.o
                0x08006d9e                HAL_TIM_TriggerHalfCpltCallback
 .text.HAL_TIM_ErrorCallback
                0x08006db2       0x14 ./Drivers/STM32L4xx_HAL_Driver/Src/stm32l4xx_hal_tim.o
                0x08006db2                HAL_TIM_ErrorCallback
 *fill*         0x08006dc6        0x2 
 .text.HAL_TIM_RegisterCallback
                0x08006dc8      0x288 ./Drivers/STM32L4xx_HAL_Driver/Src/stm32l4xx_hal_tim.o
                0x08006dc8                HAL_TIM_RegisterCallback
 .text.TIM_Base_SetConfig
                0x08007050      0x14c ./Drivers/STM32L4xx_HAL_Driver/Src/stm32l4xx_hal_tim.o
                0x08007050                TIM_Base_SetConfig
 .text.TIM_ResetCallback
                0x0800719c       0xbc ./Drivers/STM32L4xx_HAL_Driver/Src/stm32l4xx_hal_tim.o
                0x0800719c                TIM_ResetCallback
 .text.HAL_TIMEx_CommutCallback
                0x08007258       0x14 ./Drivers/STM32L4xx_HAL_Driver/Src/stm32l4xx_hal_tim_ex.o
                0x08007258                HAL_TIMEx_CommutCallback
 .text.HAL_TIMEx_CommutHalfCpltCallback
                0x0800726c       0x14 ./Drivers/STM32L4xx_HAL_Driver/Src/stm32l4xx_hal_tim_ex.o
                0x0800726c                HAL_TIMEx_CommutHalfCpltCallback
 .text.HAL_TIMEx_BreakCallback
                0x08007280       0x14 ./Drivers/STM32L4xx_HAL_Driver/Src/stm32l4xx_hal_tim_ex.o
                0x08007280                HAL_TIMEx_BreakCallback
 .text.HAL_TIMEx_Break2Callback
                0x08007294       0x14 ./Drivers/STM32L4xx_HAL_Driver/Src/stm32l4xx_hal_tim_ex.o
                0x08007294                HAL_TIMEx_Break2Callback
 .text.HAL_UART_Init
                0x080072a8       0xa0 ./Drivers/STM32L4xx_HAL_Driver/Src/stm32l4xx_hal_uart.o
                0x080072a8                HAL_UART_Init
 .text.HAL_UART_Transmit_DMA
                0x08007348      0x100 ./Drivers/STM32L4xx_HAL_Driver/Src/stm32l4xx_hal_uart.o
                0x08007348                HAL_UART_Transmit_DMA
 .text.HAL_UART_IRQHandler
                0x08007448      0x684 ./Drivers/STM32L4xx_HAL_Driver/Src/stm32l4xx_hal_uart.o
                0x08007448                HAL_UART_IRQHandler
 .text.HAL_UART_TxHalfCpltCallback
                0x08007acc       0x14 ./Drivers/STM32L4xx_HAL_Driver/Src/stm32l4xx_hal_uart.o
                0x08007acc                HAL_UART_TxHalfCpltCallback
 .text.HAL_UART_ErrorCallback
                0x08007ae0       0x14 ./Drivers/STM32L4xx_HAL_Driver/Src/stm32l4xx_hal_uart.o
                0x08007ae0                HAL_UART_ErrorCallback
 .text.HAL_UARTEx_RxEventCallback
                0x08007af4       0x18 ./Drivers/STM32L4xx_HAL_Driver/Src/stm32l4xx_hal_uart.o
                0x08007af4                HAL_UARTEx_RxEventCallback
 .text.UART_SetConfig
                0x08007b0c      0x5f8 ./Drivers/STM32L4xx_HAL_Driver/Src/stm32l4xx_hal_uart.o
                0x08007b0c                UART_SetConfig
 .text.UART_AdvFeatureConfig
                0x08008104      0x144 ./Drivers/STM32L4xx_HAL_Driver/Src/stm32l4xx_hal_uart.o
                0x08008104                UART_AdvFeatureConfig
 .text.UART_CheckIdleState
                0x08008248      0x154 ./Drivers/STM32L4xx_HAL_Driver/Src/stm32l4xx_hal_uart.o
                0x08008248                UART_CheckIdleState
 .text.UART_WaitOnFlagUntilTimeout
                0x0800839c       0xda ./Drivers/STM32L4xx_HAL_Driver/Src/stm32l4xx_hal_uart.o
                0x0800839c                UART_WaitOnFlagUntilTimeout
 .text.UART_EndTxTransfer
                0x08008476       0x82 ./Drivers/STM32L4xx_HAL_Driver/Src/stm32l4xx_hal_uart.o
 .text.UART_EndRxTransfer
                0x080084f8       0xcc ./Drivers/STM32L4xx_HAL_Driver/Src/stm32l4xx_hal_uart.o
 .text.UART_DMATransmitCplt
                0x080085c4       0x9a ./Drivers/STM32L4xx_HAL_Driver/Src/stm32l4xx_hal_uart.o
 .text.UART_DMATxHalfCplt
                0x0800865e       0x1c ./Drivers/STM32L4xx_HAL_Driver/Src/stm32l4xx_hal_uart.o
 .text.UART_DMAError
                0x0800867a       0x80 ./Drivers/STM32L4xx_HAL_Driver/Src/stm32l4xx_hal_uart.o
 .text.UART_DMAAbortOnError
                0x080086fa       0x2c ./Drivers/STM32L4xx_HAL_Driver/Src/stm32l4xx_hal_uart.o
 .text.UART_EndTransmit_IT
                0x08008726       0x56 ./Drivers/STM32L4xx_HAL_Driver/Src/stm32l4xx_hal_uart.o
 .text.HAL_UARTEx_WakeupCallback
                0x0800877c       0x14 ./Drivers/STM32L4xx_HAL_Driver/Src/stm32l4xx_hal_uart_ex.o
                0x0800877c                HAL_UARTEx_WakeupCallback
 .text.HAL_UARTEx_RxFifoFullCallback
                0x08008790       0x14 ./Drivers/STM32L4xx_HAL_Driver/Src/stm32l4xx_hal_uart_ex.o
                0x08008790                HAL_UARTEx_RxFifoFullCallback
 .text.HAL_UARTEx_TxFifoEmptyCallback
                0x080087a4       0x14 ./Drivers/STM32L4xx_HAL_Driver/Src/stm32l4xx_hal_uart_ex.o
                0x080087a4                HAL_UARTEx_TxFifoEmptyCallback
 .text.HAL_UARTEx_DisableFifoMode
                0x080087b8       0x72 ./Drivers/STM32L4xx_HAL_Driver/Src/stm32l4xx_hal_uart_ex.o
                0x080087b8                HAL_UARTEx_DisableFifoMode
 .text.HAL_UARTEx_SetTxFifoThreshold
                0x0800882a       0x7c ./Drivers/STM32L4xx_HAL_Driver/Src/stm32l4xx_hal_uart_ex.o
                0x0800882a                HAL_UARTEx_SetTxFifoThreshold
 .text.HAL_UARTEx_SetRxFifoThreshold
                0x080088a6       0x7c ./Drivers/STM32L4xx_HAL_Driver/Src/stm32l4xx_hal_uart_ex.o
                0x080088a6                HAL_UARTEx_SetRxFifoThreshold
 *fill*         0x08008922        0x2 
 .text.UARTEx_SetNbDataToProcess
                0x08008924       0x9c ./Drivers/STM32L4xx_HAL_Driver/Src/stm32l4xx_hal_uart_ex.o
 .text.Biquad_Process
                0x080089c0       0x98 ./Filter/filter.o
 .text.Filter_Process
                0x08008a58       0x50 ./Filter/filter.o
 .text.Init_Biquad_Chain
                0x08008aa8       0xe4 ./Filter/filter.o
 .text.LSM6DSL_Filter_Init
                0x08008b8c       0x44 ./Filter/filter.o
                0x08008b8c                LSM6DSL_Filter_Init
 .text.LSM6DSL_Filter_Update
                0x08008bd0       0xc8 ./Filter/filter.o
                0x08008bd0                LSM6DSL_Filter_Update
 .text.LIS3MDL_Filter_Init
                0x08008c98       0x28 ./Filter/filter.o
                0x08008c98                LIS3MDL_Filter_Init
 .text.LIS3MDL_Filter_Update
                0x08008cc0       0x88 ./Filter/filter.o
                0x08008cc0                LIS3MDL_Filter_Update
 .text.__NVIC_SetPriority
                0x08008d48       0x54 ./Middlewares/Third_Party/FreeRTOS/Source/CMSIS_RTOS_V2/cmsis_os2.o
 .text.SysTick_Handler
                0x08008d9c       0x20 ./Middlewares/Third_Party/FreeRTOS/Source/CMSIS_RTOS_V2/cmsis_os2.o
                0x08008d9c                SysTick_Handler
 .text.SVC_Setup
                0x08008dbc       0x12 ./Middlewares/Third_Party/FreeRTOS/Source/CMSIS_RTOS_V2/cmsis_os2.o
 *fill*         0x08008dce        0x2 
 .text.osKernelInitialize
                0x08008dd0       0x48 ./Middlewares/Third_Party/FreeRTOS/Source/CMSIS_RTOS_V2/cmsis_os2.o
                0x08008dd0                osKernelInitialize
 .text.osKernelStart
                0x08008e18       0x4c ./Middlewares/Third_Party/FreeRTOS/Source/CMSIS_RTOS_V2/cmsis_os2.o
                0x08008e18                osKernelStart
 .text.osKernelGetTickCount
                0x08008e64       0x2a ./Middlewares/Third_Party/FreeRTOS/Source/CMSIS_RTOS_V2/cmsis_os2.o
                0x08008e64                osKernelGetTickCount
 .text.osThreadNew
                0x08008e8e      0x124 ./Middlewares/Third_Party/FreeRTOS/Source/CMSIS_RTOS_V2/cmsis_os2.o
                0x08008e8e                osThreadNew
 .text.osThreadTerminate
                0x08008fb2       0x5a ./Middlewares/Third_Party/FreeRTOS/Source/CMSIS_RTOS_V2/cmsis_os2.o
                0x08008fb2                osThreadTerminate
 .text.osThreadFlagsSet
                0x0800900c       0x9c ./Middlewares/Third_Party/FreeRTOS/Source/CMSIS_RTOS_V2/cmsis_os2.o
                0x0800900c                osThreadFlagsSet
 .text.osThreadFlagsWait
                0x080090a8      0x102 ./Middlewares/Third_Party/FreeRTOS/Source/CMSIS_RTOS_V2/cmsis_os2.o
                0x080090a8                osThreadFlagsWait
 .text.osDelay  0x080091aa       0x36 ./Middlewares/Third_Party/FreeRTOS/Source/CMSIS_RTOS_V2/cmsis_os2.o
                0x080091aa                osDelay
 .text.osSemaphoreNew
                0x080091e0      0x112 ./Middlewares/Third_Party/FreeRTOS/Source/CMSIS_RTOS_V2/cmsis_os2.o
                0x080091e0                osSemaphoreNew
 *fill*         0x080092f2        0x2 
 .text.osSemaphoreAcquire
                0x080092f4       0xa4 ./Middlewares/Third_Party/FreeRTOS/Source/CMSIS_RTOS_V2/cmsis_os2.o
                0x080092f4                osSemaphoreAcquire
 .text.osSemaphoreRelease
                0x08009398       0x88 ./Middlewares/Third_Party/FreeRTOS/Source/CMSIS_RTOS_V2/cmsis_os2.o
                0x08009398                osSemaphoreRelease
 .text.vApplicationGetIdleTaskMemory
                0x08009420       0x34 ./Middlewares/Third_Party/FreeRTOS/Source/CMSIS_RTOS_V2/cmsis_os2.o
                0x08009420                vApplicationGetIdleTaskMemory
 .text.vApplicationGetTimerTaskMemory
                0x08009454       0x34 ./Middlewares/Third_Party/FreeRTOS/Source/CMSIS_RTOS_V2/cmsis_os2.o
                0x08009454                vApplicationGetTimerTaskMemory
 .text.vListInitialise
                0x08009488       0x40 ./Middlewares/Third_Party/FreeRTOS/Source/list.o
                0x08009488                vListInitialise
 .text.vListInitialiseItem
                0x080094c8       0x1a ./Middlewares/Third_Party/FreeRTOS/Source/list.o
                0x080094c8                vListInitialiseItem
 .text.vListInsertEnd
                0x080094e2       0x48 ./Middlewares/Third_Party/FreeRTOS/Source/list.o
                0x080094e2                vListInsertEnd
 .text.vListInsert
                0x0800952a       0x72 ./Middlewares/Third_Party/FreeRTOS/Source/list.o
                0x0800952a                vListInsert
 .text.uxListRemove
                0x0800959c       0x54 ./Middlewares/Third_Party/FreeRTOS/Source/list.o
                0x0800959c                uxListRemove
 .text.xQueueGenericReset
                0x080095f0       0xd4 ./Middlewares/Third_Party/FreeRTOS/Source/queue.o
                0x080095f0                xQueueGenericReset
 .text.xQueueGenericCreateStatic
                0x080096c4       0xfa ./Middlewares/Third_Party/FreeRTOS/Source/queue.o
                0x080096c4                xQueueGenericCreateStatic
 .text.xQueueGenericCreate
                0x080097be       0x76 ./Middlewares/Third_Party/FreeRTOS/Source/queue.o
                0x080097be                xQueueGenericCreate
 .text.prvInitialiseNewQueue
                0x08009834       0x46 ./Middlewares/Third_Party/FreeRTOS/Source/queue.o
 .text.xQueueCreateCountingSemaphoreStatic
                0x0800987a       0x72 ./Middlewares/Third_Party/FreeRTOS/Source/queue.o
                0x0800987a                xQueueCreateCountingSemaphoreStatic
 .text.xQueueCreateCountingSemaphore
                0x080098ec       0x6a ./Middlewares/Third_Party/FreeRTOS/Source/queue.o
                0x080098ec                xQueueCreateCountingSemaphore
 *fill*         0x08009956        0x2 
 .text.xQueueGenericSend
                0x08009958      0x204 ./Middlewares/Third_Party/FreeRTOS/Source/queue.o
                0x08009958                xQueueGenericSend
 .text.xQueueGenericSendFromISR
                0x08009b5c      0x13c ./Middlewares/Third_Party/FreeRTOS/Source/queue.o
                0x08009b5c                xQueueGenericSendFromISR
 .text.xQueueGiveFromISR
                0x08009c98      0x120 ./Middlewares/Third_Party/FreeRTOS/Source/queue.o
                0x08009c98                xQueueGiveFromISR
 .text.xQueueReceive
                0x08009db8      0x1c4 ./Middlewares/Third_Party/FreeRTOS/Source/queue.o
                0x08009db8                xQueueReceive
 .text.xQueueSemaphoreTake
                0x08009f7c      0x220 ./Middlewares/Third_Party/FreeRTOS/Source/queue.o
                0x08009f7c                xQueueSemaphoreTake
 .text.xQueueReceiveFromISR
                0x0800a19c      0x104 ./Middlewares/Third_Party/FreeRTOS/Source/queue.o
                0x0800a19c                xQueueReceiveFromISR
 .text.vQueueDelete
                0x0800a2a0       0x48 ./Middlewares/Third_Party/FreeRTOS/Source/queue.o
                0x0800a2a0                vQueueDelete
 .text.prvGetDisinheritPriorityAfterTimeout
                0x0800a2e8       0x30 ./Middlewares/Third_Party/FreeRTOS/Source/queue.o
 .text.prvCopyDataToQueue
                0x0800a318       0xd4 ./Middlewares/Third_Party/FreeRTOS/Source/queue.o
 .text.prvCopyDataFromQueue
                0x0800a3ec       0x4c ./Middlewares/Third_Party/FreeRTOS/Source/queue.o
 .text.prvUnlockQueue
                0x0800a438       0xa4 ./Middlewares/Third_Party/FreeRTOS/Source/queue.o
 .text.prvIsQueueEmpty
                0x0800a4dc       0x2c ./Middlewares/Third_Party/FreeRTOS/Source/queue.o
 .text.prvIsQueueFull
                0x0800a508       0x30 ./Middlewares/Third_Party/FreeRTOS/Source/queue.o
 .text.vQueueAddToRegistry
                0x0800a538       0x54 ./Middlewares/Third_Party/FreeRTOS/Source/queue.o
                0x0800a538                vQueueAddToRegistry
 .text.vQueueUnregisterQueue
                0x0800a58c       0x54 ./Middlewares/Third_Party/FreeRTOS/Source/queue.o
                0x0800a58c                vQueueUnregisterQueue
 .text.vQueueWaitForMessageRestricted
                0x0800a5e0       0x68 ./Middlewares/Third_Party/FreeRTOS/Source/queue.o
                0x0800a5e0                vQueueWaitForMessageRestricted
 .text.xTaskCreateStatic
                0x0800a648       0xc0 ./Middlewares/Third_Party/FreeRTOS/Source/tasks.o
                0x0800a648                xTaskCreateStatic
 .text.xTaskCreate
                0x0800a708       0x8a ./Middlewares/Third_Party/FreeRTOS/Source/tasks.o
                0x0800a708                xTaskCreate
 *fill*         0x0800a792        0x2 
 .text.prvInitialiseNewTask
                0x0800a794      0x154 ./Middlewares/Third_Party/FreeRTOS/Source/tasks.o
 .text.prvAddNewTaskToReadyList
                0x0800a8e8      0x11c ./Middlewares/Third_Party/FreeRTOS/Source/tasks.o
 .text.vTaskDelete
                0x0800aa04      0x11c ./Middlewares/Third_Party/FreeRTOS/Source/tasks.o
                0x0800aa04                vTaskDelete
 .text.vTaskDelay
                0x0800ab20       0x6c ./Middlewares/Third_Party/FreeRTOS/Source/tasks.o
                0x0800ab20                vTaskDelay
 .text.eTaskGetState
                0x0800ab8c       0xd0 ./Middlewares/Third_Party/FreeRTOS/Source/tasks.o
                0x0800ab8c                eTaskGetState
 .text.vTaskStartScheduler
                0x0800ac5c      0x10c ./Middlewares/Third_Party/FreeRTOS/Source/tasks.o
                0x0800ac5c                vTaskStartScheduler
 .text.vTaskSuspendAll
                0x0800ad68       0x1c ./Middlewares/Third_Party/FreeRTOS/Source/tasks.o
                0x0800ad68                vTaskSuspendAll
 .text.xTaskResumeAll
                0x0800ad84      0x144 ./Middlewares/Third_Party/FreeRTOS/Source/tasks.o
                0x0800ad84                xTaskResumeAll
 .text.xTaskGetTickCount
                0x0800aec8       0x20 ./Middlewares/Third_Party/FreeRTOS/Source/tasks.o
                0x0800aec8                xTaskGetTickCount
 .text.xTaskGetTickCountFromISR
                0x0800aee8       0x24 ./Middlewares/Third_Party/FreeRTOS/Source/tasks.o
                0x0800aee8                xTaskGetTickCountFromISR
 .text.xTaskIncrementTick
                0x0800af0c      0x17c ./Middlewares/Third_Party/FreeRTOS/Source/tasks.o
                0x0800af0c                xTaskIncrementTick
 .text.vTaskSwitchContext
                0x0800b088      0x12c ./Middlewares/Third_Party/FreeRTOS/Source/tasks.o
                0x0800b088                vTaskSwitchContext
 .text.vTaskPlaceOnEventList
                0x0800b1b4       0x4c ./Middlewares/Third_Party/FreeRTOS/Source/tasks.o
                0x0800b1b4                vTaskPlaceOnEventList
 .text.vTaskPlaceOnEventListRestricted
                0x0800b200       0x58 ./Middlewares/Third_Party/FreeRTOS/Source/tasks.o
                0x0800b200                vTaskPlaceOnEventListRestricted
 .text.xTaskRemoveFromEventList
                0x0800b258       0xd0 ./Middlewares/Third_Party/FreeRTOS/Source/tasks.o
                0x0800b258                xTaskRemoveFromEventList
 .text.vTaskInternalSetTimeOutState
                0x0800b328       0x2c ./Middlewares/Third_Party/FreeRTOS/Source/tasks.o
                0x0800b328                vTaskInternalSetTimeOutState
 .text.xTaskCheckForTimeOut
                0x0800b354       0xc8 ./Middlewares/Third_Party/FreeRTOS/Source/tasks.o
                0x0800b354                xTaskCheckForTimeOut
 .text.vTaskMissedYield
                0x0800b41c       0x18 ./Middlewares/Third_Party/FreeRTOS/Source/tasks.o
                0x0800b41c                vTaskMissedYield
 .text.prvIdleTask
                0x0800b434       0x30 ./Middlewares/Third_Party/FreeRTOS/Source/tasks.o
 .text.prvInitialiseTaskLists
                0x0800b464       0x80 ./Middlewares/Third_Party/FreeRTOS/Source/tasks.o
 .text.prvCheckTasksWaitingTermination
                0x0800b4e4       0x5c ./Middlewares/Third_Party/FreeRTOS/Source/tasks.o
 .text.prvTaskCheckFreeStackSpace
                0x0800b540       0x38 ./Middlewares/Third_Party/FreeRTOS/Source/tasks.o
 .text.uxTaskGetStackHighWaterMark
                0x0800b578       0x38 ./Middlewares/Third_Party/FreeRTOS/Source/tasks.o
                0x0800b578                uxTaskGetStackHighWaterMark
 .text.prvDeleteTCB
                0x0800b5b0       0x6a ./Middlewares/Third_Party/FreeRTOS/Source/tasks.o
 *fill*         0x0800b61a        0x2 
 .text.prvResetNextTaskUnblockTime
                0x0800b61c       0x40 ./Middlewares/Third_Party/FreeRTOS/Source/tasks.o
 .text.xTaskGetSchedulerState
                0x0800b65c       0x3c ./Middlewares/Third_Party/FreeRTOS/Source/tasks.o
                0x0800b65c                xTaskGetSchedulerState
 .text.xTaskPriorityInherit
                0x0800b698       0xd8 ./Middlewares/Third_Party/FreeRTOS/Source/tasks.o
                0x0800b698                xTaskPriorityInherit
 .text.xTaskPriorityDisinherit
                0x0800b770       0xe8 ./Middlewares/Third_Party/FreeRTOS/Source/tasks.o
                0x0800b770                xTaskPriorityDisinherit
 .text.vTaskPriorityDisinheritAfterTimeout
                0x0800b858      0x110 ./Middlewares/Third_Party/FreeRTOS/Source/tasks.o
                0x0800b858                vTaskPriorityDisinheritAfterTimeout
 .text.pvTaskIncrementMutexHeldCount
                0x0800b968       0x28 ./Middlewares/Third_Party/FreeRTOS/Source/tasks.o
                0x0800b968                pvTaskIncrementMutexHeldCount
 .text.xTaskNotifyWait
                0x0800b990       0xc0 ./Middlewares/Third_Party/FreeRTOS/Source/tasks.o
                0x0800b990                xTaskNotifyWait
 .text.xTaskGenericNotify
                0x0800ba50      0x18c ./Middlewares/Third_Party/FreeRTOS/Source/tasks.o
                0x0800ba50                xTaskGenericNotify
 .text.xTaskGenericNotifyFromISR
                0x0800bbdc      0x1d4 ./Middlewares/Third_Party/FreeRTOS/Source/tasks.o
                0x0800bbdc                xTaskGenericNotifyFromISR
 .text.prvAddCurrentTaskToDelayedList
                0x0800bdb0       0xa8 ./Middlewares/Third_Party/FreeRTOS/Source/tasks.o
 .text.xTimerCreateTimerTask
                0x0800be58       0x94 ./Middlewares/Third_Party/FreeRTOS/Source/timers.o
                0x0800be58                xTimerCreateTimerTask
 .text.xTimerGenericCommand
                0x0800beec       0x9c ./Middlewares/Third_Party/FreeRTOS/Source/timers.o
                0x0800beec                xTimerGenericCommand
 .text.prvProcessExpiredTimer
                0x0800bf88       0x9c ./Middlewares/Third_Party/FreeRTOS/Source/timers.o
 .text.prvTimerTask
                0x0800c024       0x26 ./Middlewares/Third_Party/FreeRTOS/Source/timers.o
 *fill*         0x0800c04a        0x2 
 .text.prvProcessTimerOrBlockTask
                0x0800c04c       0x9c ./Middlewares/Third_Party/FreeRTOS/Source/timers.o
 .text.prvGetNextExpireTime
                0x0800c0e8       0x48 ./Middlewares/Third_Party/FreeRTOS/Source/timers.o
 .text.prvSampleTimeNow
                0x0800c130       0x40 ./Middlewares/Third_Party/FreeRTOS/Source/timers.o
 .text.prvInsertTimerInActiveList
                0x0800c170       0x84 ./Middlewares/Third_Party/FreeRTOS/Source/timers.o
 .text.prvProcessReceivedCommands
                0x0800c1f4      0x1cc ./Middlewares/Third_Party/FreeRTOS/Source/timers.o
 .text.prvSwitchTimerLists
                0x0800c3c0       0xcc ./Middlewares/Third_Party/FreeRTOS/Source/timers.o
 .text.prvCheckForValidListAndQueue
                0x0800c48c       0x80 ./Middlewares/Third_Party/FreeRTOS/Source/timers.o
 .text.pxPortInitialiseStack
                0x0800c50c       0x68 ./Middlewares/Third_Party/FreeRTOS/Source/portable/GCC/ARM_CM4F/port.o
                0x0800c50c                pxPortInitialiseStack
 .text.prvTaskExitError
                0x0800c574       0x5c ./Middlewares/Third_Party/FreeRTOS/Source/portable/GCC/ARM_CM4F/port.o
 .text.SVC_Handler
                0x0800c5d0       0x28 ./Middlewares/Third_Party/FreeRTOS/Source/portable/GCC/ARM_CM4F/port.o
                0x0800c5d0                SVC_Handler
 .text.prvPortStartFirstTask
                0x0800c5f8       0x28 ./Middlewares/Third_Party/FreeRTOS/Source/portable/GCC/ARM_CM4F/port.o
 .text.xPortStartScheduler
                0x0800c620      0x148 ./Middlewares/Third_Party/FreeRTOS/Source/portable/GCC/ARM_CM4F/port.o
                0x0800c620                xPortStartScheduler
 .text.vPortEnterCritical
                0x0800c768       0x64 ./Middlewares/Third_Party/FreeRTOS/Source/portable/GCC/ARM_CM4F/port.o
                0x0800c768                vPortEnterCritical
 .text.vPortExitCritical
                0x0800c7cc       0x54 ./Middlewares/Third_Party/FreeRTOS/Source/portable/GCC/ARM_CM4F/port.o
                0x0800c7cc                vPortExitCritical
 .text.PendSV_Handler
                0x0800c820       0x68 ./Middlewares/Third_Party/FreeRTOS/Source/portable/GCC/ARM_CM4F/port.o
                0x0800c820                PendSV_Handler
 .text.xPortSysTickHandler
                0x0800c888       0x44 ./Middlewares/Third_Party/FreeRTOS/Source/portable/GCC/ARM_CM4F/port.o
                0x0800c888                xPortSysTickHandler
 .text.vPortSetupTimerInterrupt
                0x0800c8cc       0x48 ./Middlewares/Third_Party/FreeRTOS/Source/portable/GCC/ARM_CM4F/port.o
                0x0800c8cc                vPortSetupTimerInterrupt
 .text.vPortEnableVFP
                0x0800c914       0x14 ./Middlewares/Third_Party/FreeRTOS/Source/portable/GCC/ARM_CM4F/port.o
 .text.vPortValidateInterruptPriority
                0x0800c928       0x84 ./Middlewares/Third_Party/FreeRTOS/Source/portable/GCC/ARM_CM4F/port.o
                0x0800c928                vPortValidateInterruptPriority
 .text.pvPortMalloc
                0x0800c9ac      0x19c ./Middlewares/Third_Party/FreeRTOS/Source/portable/MemMang/heap_4.o
                0x0800c9ac                pvPortMalloc
 .text.vPortFree
                0x0800cb48       0xc8 ./Middlewares/Third_Party/FreeRTOS/Source/portable/MemMang/heap_4.o
                0x0800cb48                vPortFree
 .text.prvHeapInit
                0x0800cc10       0xc4 ./Middlewares/Third_Party/FreeRTOS/Source/portable/MemMang/heap_4.o
 .text.prvInsertBlockIntoFreeList
                0x0800ccd4       0xb4 ./Middlewares/Third_Party/FreeRTOS/Source/portable/MemMang/heap_4.o
 .text._DoInit  0x0800cd88       0xb4 ./Middlewares/Third_Party/Segger/SEGGER_RTT.o
 .text.SEGGER_RTT_ReadNoLock
                0x0800ce3c      0x10c ./Middlewares/Third_Party/Segger/SEGGER_RTT.o
                0x0800ce3c                SEGGER_RTT_ReadNoLock
 .text.SEGGER_RTT_AllocUpBuffer
                0x0800cf48      0x108 ./Middlewares/Third_Party/Segger/SEGGER_RTT.o
                0x0800cf48                SEGGER_RTT_AllocUpBuffer
 .text.SEGGER_RTT_ConfigDownBuffer
                0x0800d050       0x98 ./Middlewares/Third_Party/Segger/SEGGER_RTT.o
                0x0800d050                SEGGER_RTT_ConfigDownBuffer
 .text._EncodeStr
                0x0800d0e8       0x9c ./Middlewares/Third_Party/Segger/SEGGER_SYSVIEW.o
 .text._PreparePacket
                0x0800d184       0x18 ./Middlewares/Third_Party/Segger/SEGGER_SYSVIEW.o
 .text._HandleIncomingPacket
                0x0800d19c       0xdc ./Middlewares/Third_Party/Segger/SEGGER_SYSVIEW.o
 .text._TrySendOverflowPacket
                0x0800d278       0xe4 ./Middlewares/Third_Party/Segger/SEGGER_SYSVIEW.o
 .text._SendPacket
                0x0800d35c      0x2dc ./Middlewares/Third_Party/Segger/SEGGER_SYSVIEW.o
 .text._VPrintHost
                0x0800d638      0x180 ./Middlewares/Third_Party/Segger/SEGGER_SYSVIEW.o
 .text.SEGGER_SYSVIEW_Init
                0x0800d7b8       0x88 ./Middlewares/Third_Party/Segger/SEGGER_SYSVIEW.o
                0x0800d7b8                SEGGER_SYSVIEW_Init
 .text.SEGGER_SYSVIEW_SetRAMBase
                0x0800d840       0x20 ./Middlewares/Third_Party/Segger/SEGGER_SYSVIEW.o
                0x0800d840                SEGGER_SYSVIEW_SetRAMBase
 .text.SEGGER_SYSVIEW_RecordVoid
                0x0800d860       0x3c ./Middlewares/Third_Party/Segger/SEGGER_SYSVIEW.o
                0x0800d860                SEGGER_SYSVIEW_RecordVoid
 .text.SEGGER_SYSVIEW_RecordU32
                0x0800d89c       0x78 ./Middlewares/Third_Party/Segger/SEGGER_SYSVIEW.o
                0x0800d89c                SEGGER_SYSVIEW_RecordU32
 .text.SEGGER_SYSVIEW_RecordU32x2
                0x0800d914       0xb4 ./Middlewares/Third_Party/Segger/SEGGER_SYSVIEW.o
                0x0800d914                SEGGER_SYSVIEW_RecordU32x2
 .text.SEGGER_SYSVIEW_Start
                0x0800d9c8      0x174 ./Middlewares/Third_Party/Segger/SEGGER_SYSVIEW.o
                0x0800d9c8                SEGGER_SYSVIEW_Start
 .text.SEGGER_SYSVIEW_Stop
                0x0800db3c       0x4c ./Middlewares/Third_Party/Segger/SEGGER_SYSVIEW.o
                0x0800db3c                SEGGER_SYSVIEW_Stop
 .text.SEGGER_SYSVIEW_GetSysDesc
                0x0800db88      0x134 ./Middlewares/Third_Party/Segger/SEGGER_SYSVIEW.o
                0x0800db88                SEGGER_SYSVIEW_GetSysDesc
 .text.SEGGER_SYSVIEW_SendTaskInfo
                0x0800dcbc      0x1c8 ./Middlewares/Third_Party/Segger/SEGGER_SYSVIEW.o
                0x0800dcbc                SEGGER_SYSVIEW_SendTaskInfo
 .text.SEGGER_SYSVIEW_SendTaskList
                0x0800de84       0x28 ./Middlewares/Third_Party/Segger/SEGGER_SYSVIEW.o
                0x0800de84                SEGGER_SYSVIEW_SendTaskList
 .text.SEGGER_SYSVIEW_SendSysDesc
                0x0800deac       0x48 ./Middlewares/Third_Party/Segger/SEGGER_SYSVIEW.o
                0x0800deac                SEGGER_SYSVIEW_SendSysDesc
 .text.SEGGER_SYSVIEW_RecordSystime
                0x0800def4       0x64 ./Middlewares/Third_Party/Segger/SEGGER_SYSVIEW.o
                0x0800def4                SEGGER_SYSVIEW_RecordSystime
 .text.SEGGER_SYSVIEW_RecordEnterISR
                0x0800df58       0x84 ./Middlewares/Third_Party/Segger/SEGGER_SYSVIEW.o
                0x0800df58                SEGGER_SYSVIEW_RecordEnterISR
 .text.SEGGER_SYSVIEW_RecordExitISR
                0x0800dfdc       0x38 ./Middlewares/Third_Party/Segger/SEGGER_SYSVIEW.o
                0x0800dfdc                SEGGER_SYSVIEW_RecordExitISR
 .text.SEGGER_SYSVIEW_OnIdle
                0x0800e014       0x38 ./Middlewares/Third_Party/Segger/SEGGER_SYSVIEW.o
                0x0800e014                SEGGER_SYSVIEW_OnIdle
 .text.SEGGER_SYSVIEW_OnTaskCreate
                0x0800e04c       0x84 ./Middlewares/Third_Party/Segger/SEGGER_SYSVIEW.o
                0x0800e04c                SEGGER_SYSVIEW_OnTaskCreate
 .text.SEGGER_SYSVIEW_OnTaskStartExec
                0x0800e0d0       0x84 ./Middlewares/Third_Party/Segger/SEGGER_SYSVIEW.o
                0x0800e0d0                SEGGER_SYSVIEW_OnTaskStartExec
 .text.SEGGER_SYSVIEW_OnTaskStartReady
                0x0800e154       0x84 ./Middlewares/Third_Party/Segger/SEGGER_SYSVIEW.o
                0x0800e154                SEGGER_SYSVIEW_OnTaskStartReady
 .text.SEGGER_SYSVIEW_ShrinkId
                0x0800e1d8       0x20 ./Middlewares/Third_Party/Segger/SEGGER_SYSVIEW.o
                0x0800e1d8                SEGGER_SYSVIEW_ShrinkId
 .text.SEGGER_SYSVIEW_SendModule
                0x0800e1f8      0x114 ./Middlewares/Third_Party/Segger/SEGGER_SYSVIEW.o
                0x0800e1f8                SEGGER_SYSVIEW_SendModule
 .text.SEGGER_SYSVIEW_SendModuleDescription
                0x0800e30c       0x3c ./Middlewares/Third_Party/Segger/SEGGER_SYSVIEW.o
                0x0800e30c                SEGGER_SYSVIEW_SendModuleDescription
 .text.SEGGER_SYSVIEW_SendNumModules
                0x0800e348       0x7c ./Middlewares/Third_Party/Segger/SEGGER_SYSVIEW.o
                0x0800e348                SEGGER_SYSVIEW_SendNumModules
 .text.SEGGER_SYSVIEW_PrintfHost
                0x0800e3c4       0x28 ./Middlewares/Third_Party/Segger/SEGGER_SYSVIEW.o
                0x0800e3c4                SEGGER_SYSVIEW_PrintfHost
 .text.SEGGER_SYSVIEW_Warn
                0x0800e3ec       0xb8 ./Middlewares/Third_Party/Segger/SEGGER_SYSVIEW.o
                0x0800e3ec                SEGGER_SYSVIEW_Warn
 .text._cbSendSystemDesc
                0x0800e4a4       0x1c ./Middlewares/Third_Party/Segger/SEGGER_SYSVIEW_Config_FreeRTOS.o
 .text.SEGGER_SYSVIEW_Conf
                0x0800e4c0       0x2c ./Middlewares/Third_Party/Segger/SEGGER_SYSVIEW_Config_FreeRTOS.o
                0x0800e4c0                SEGGER_SYSVIEW_Conf
 .text._cbSendTaskList
                0x0800e4ec       0xbc ./Middlewares/Third_Party/Segger/SEGGER_SYSVIEW_FreeRTOS.o
 .text._cbGetTime
                0x0800e5a8       0x86 ./Middlewares/Third_Party/Segger/SEGGER_SYSVIEW_FreeRTOS.o
 *fill*         0x0800e62e        0x2 
 .text.SYSVIEW_AddTask
                0x0800e630       0xd0 ./Middlewares/Third_Party/Segger/SEGGER_SYSVIEW_FreeRTOS.o
                0x0800e630                SYSVIEW_AddTask
 .text.SYSVIEW_DeleteTask
                0x0800e700      0x178 ./Middlewares/Third_Party/Segger/SEGGER_SYSVIEW_FreeRTOS.o
                0x0800e700                SYSVIEW_DeleteTask
 .text.SYSVIEW_SendTaskInfo
                0x0800e878       0x42 ./Middlewares/Third_Party/Segger/SEGGER_SYSVIEW_FreeRTOS.o
                0x0800e878                SYSVIEW_SendTaskInfo
 *fill*         0x0800e8ba        0x2 
 .text.LSM6DSL_initialize
                0x0800e8bc       0xf4 ./Sensors/AccelerationSensor/lsm6dsl.o
                0x0800e8bc                LSM6DSL_initialize
 .text.LSM6DSL_data_ready
                0x0800e9b0      0x1e0 ./Sensors/AccelerationSensor/lsm6dsl.o
                0x0800e9b0                LSM6DSL_data_ready
 .text.LPS22HB_initialize
                0x0800eb90       0xf4 ./Sensors/AirPressureSensor/lps22hb.o
                0x0800eb90                LPS22HB_initialize
 .text.LPS22HB_data_ready
                0x0800ec84      0x120 ./Sensors/AirPressureSensor/lps22hb.o
                0x0800ec84                LPS22HB_data_ready
 .text.HTS221_initialize
                0x0800eda4       0xd8 ./Sensors/HumiditySensor/hts221.o
                0x0800eda4                HTS221_initialize
 .text.HTS221_Get_Calibration_Values
                0x0800ee7c      0x130 ./Sensors/HumiditySensor/hts221.o
                0x0800ee7c                HTS221_Get_Calibration_Values
 .text.HTS221_Get_Humidity
                0x0800efac       0x90 ./Sensors/HumiditySensor/hts221.o
                0x0800efac                HTS221_Get_Humidity
 .text.HTS221_Get_Temperature
                0x0800f03c       0x84 ./Sensors/HumiditySensor/hts221.o
                0x0800f03c                HTS221_Get_Temperature
 .text.HTS221_data_ready
                0x0800f0c0       0x70 ./Sensors/HumiditySensor/hts221.o
                0x0800f0c0                HTS221_data_ready
 .text.LIS3MDL_initialize
                0x0800f130      0x11c ./Sensors/MagnetometerSensor/lis3mdl.o
                0x0800f130                LIS3MDL_initialize
 *fill*         0x0800f24c        0x4 
 .text.LIS3MDL_data_ready
                0x0800f250      0x154 ./Sensors/MagnetometerSensor/lis3mdl.o
                0x0800f250                LIS3MDL_data_ready
 .text.VL53L0X_GetDeviceInfo
                0x0800f3a4       0x28 ./Sensors/ToFSensor/vl53l0x/vl53l0x_api.o
                0x0800f3a4                VL53L0X_GetDeviceInfo
 .text.VL53L0X_GetOffsetCalibrationDataMicroMeter
                0x0800f3cc       0x26 ./Sensors/ToFSensor/vl53l0x/vl53l0x_api.o
                0x0800f3cc                VL53L0X_GetOffsetCalibrationDataMicroMeter
 *fill*         0x0800f3f2        0x2 
 .text.VL53L0X_DataInit
                0x0800f3f4      0x228 ./Sensors/ToFSensor/vl53l0x/vl53l0x_api.o
                0x0800f3f4                VL53L0X_DataInit
 .text.VL53L0X_StaticInit
                0x0800f61c      0x30c ./Sensors/ToFSensor/vl53l0x/vl53l0x_api.o
                0x0800f61c                VL53L0X_StaticInit
 .text.VL53L0X_GetDeviceParameters
                0x0800f928      0x120 ./Sensors/ToFSensor/vl53l0x/vl53l0x_api.o
                0x0800f928                VL53L0X_GetDeviceParameters
 .text.VL53L0X_SetDeviceMode
                0x0800fa48       0x58 ./Sensors/ToFSensor/vl53l0x/vl53l0x_api.o
                0x0800fa48                VL53L0X_SetDeviceMode
 .text.VL53L0X_GetDeviceMode
                0x0800faa0       0x28 ./Sensors/ToFSensor/vl53l0x/vl53l0x_api.o
                0x0800faa0                VL53L0X_GetDeviceMode
 .text.VL53L0X_GetFractionEnable
                0x0800fac8       0x3e ./Sensors/ToFSensor/vl53l0x/vl53l0x_api.o
                0x0800fac8                VL53L0X_GetFractionEnable
 .text.VL53L0X_SetMeasurementTimingBudgetMicroSeconds
                0x0800fb06       0x26 ./Sensors/ToFSensor/vl53l0x/vl53l0x_api.o
                0x0800fb06                VL53L0X_SetMeasurementTimingBudgetMicroSeconds
 .text.VL53L0X_GetMeasurementTimingBudgetMicroSeconds
                0x0800fb2c       0x26 ./Sensors/ToFSensor/vl53l0x/vl53l0x_api.o
                0x0800fb2c                VL53L0X_GetMeasurementTimingBudgetMicroSeconds
 .text.VL53L0X_GetVcselPulsePeriod
                0x0800fb52       0x2e ./Sensors/ToFSensor/vl53l0x/vl53l0x_api.o
                0x0800fb52                VL53L0X_GetVcselPulsePeriod
 .text.VL53L0X_SetSequenceStepEnable
                0x0800fb80      0x140 ./Sensors/ToFSensor/vl53l0x/vl53l0x_api.o
                0x0800fb80                VL53L0X_SetSequenceStepEnable
 .text.sequence_step_enabled
                0x0800fcc0       0xa4 ./Sensors/ToFSensor/vl53l0x/vl53l0x_api.o
                0x0800fcc0                sequence_step_enabled
 .text.VL53L0X_GetSequenceStepEnables
                0x0800fd64       0xb0 ./Sensors/ToFSensor/vl53l0x/vl53l0x_api.o
                0x0800fd64                VL53L0X_GetSequenceStepEnables
 .text.VL53L0X_GetSequenceStepTimeout
                0x0800fe14       0x80 ./Sensors/ToFSensor/vl53l0x/vl53l0x_api.o
                0x0800fe14                VL53L0X_GetSequenceStepTimeout
 .text.VL53L0X_GetInterMeasurementPeriodMilliSeconds
                0x0800fe94       0x68 ./Sensors/ToFSensor/vl53l0x/vl53l0x_api.o
                0x0800fe94                VL53L0X_GetInterMeasurementPeriodMilliSeconds
 .text.VL53L0X_GetXTalkCompensationEnable
                0x0800fefc       0x2a ./Sensors/ToFSensor/vl53l0x/vl53l0x_api.o
                0x0800fefc                VL53L0X_GetXTalkCompensationEnable
 .text.VL53L0X_GetXTalkCompensationRateMegaCps
                0x0800ff26       0x66 ./Sensors/ToFSensor/vl53l0x/vl53l0x_api.o
                0x0800ff26                VL53L0X_GetXTalkCompensationRateMegaCps
 .text.VL53L0X_SetLimitCheckEnable
                0x0800ff8c      0x118 ./Sensors/ToFSensor/vl53l0x/vl53l0x_api.o
                0x0800ff8c                VL53L0X_SetLimitCheckEnable
 .text.VL53L0X_GetLimitCheckEnable
                0x080100a4       0x46 ./Sensors/ToFSensor/vl53l0x/vl53l0x_api.o
                0x080100a4                VL53L0X_GetLimitCheckEnable
 *fill*         0x080100ea        0x2 
 .text.VL53L0X_SetLimitCheckValue
                0x080100ec       0xc4 ./Sensors/ToFSensor/vl53l0x/vl53l0x_api.o
                0x080100ec                VL53L0X_SetLimitCheckValue
 .text.VL53L0X_GetLimitCheckValue
                0x080101b0      0x11c ./Sensors/ToFSensor/vl53l0x/vl53l0x_api.o
                0x080101b0                VL53L0X_GetLimitCheckValue
 .text.VL53L0X_GetWrapAroundCheckEnable
                0x080102cc       0x64 ./Sensors/ToFSensor/vl53l0x/vl53l0x_api.o
                0x080102cc                VL53L0X_GetWrapAroundCheckEnable
 .text.VL53L0X_PerformSingleMeasurement
                0x08010330       0x68 ./Sensors/ToFSensor/vl53l0x/vl53l0x_api.o
                0x08010330                VL53L0X_PerformSingleMeasurement
 .text.VL53L0X_PerformRefCalibration
                0x08010398       0x2c ./Sensors/ToFSensor/vl53l0x/vl53l0x_api.o
                0x08010398                VL53L0X_PerformRefCalibration
 .text.VL53L0X_CheckAndLoadInterruptSettings
                0x080103c4       0xcc ./Sensors/ToFSensor/vl53l0x/vl53l0x_api.o
                0x080103c4                VL53L0X_CheckAndLoadInterruptSettings
 .text.VL53L0X_StartMeasurement
                0x08010490      0x118 ./Sensors/ToFSensor/vl53l0x/vl53l0x_api.o
                0x08010490                VL53L0X_StartMeasurement
 .text.VL53L0X_GetMeasurementDataReady
                0x080105a8       0x80 ./Sensors/ToFSensor/vl53l0x/vl53l0x_api.o
                0x080105a8                VL53L0X_GetMeasurementDataReady
 .text.VL53L0X_GetRangingMeasurementData
                0x08010628      0x238 ./Sensors/ToFSensor/vl53l0x/vl53l0x_api.o
                0x08010628                VL53L0X_GetRangingMeasurementData
 .text.VL53L0X_PerformSingleRangingMeasurement
                0x08010860       0x60 ./Sensors/ToFSensor/vl53l0x/vl53l0x_api.o
                0x08010860                VL53L0X_PerformSingleRangingMeasurement
 .text.VL53L0X_SetGpioConfig
                0x080108c0      0x244 ./Sensors/ToFSensor/vl53l0x/vl53l0x_api.o
                0x080108c0                VL53L0X_SetGpioConfig
 .text.VL53L0X_GetInterruptThresholds
                0x08010b04       0x68 ./Sensors/ToFSensor/vl53l0x/vl53l0x_api.o
                0x08010b04                VL53L0X_GetInterruptThresholds
 .text.VL53L0X_ClearInterruptMask
                0x08010b6c       0x80 ./Sensors/ToFSensor/vl53l0x/vl53l0x_api.o
                0x08010b6c                VL53L0X_ClearInterruptMask
 .text.VL53L0X_GetInterruptMaskStatus
                0x08010bec       0x44 ./Sensors/ToFSensor/vl53l0x/vl53l0x_api.o
                0x08010bec                VL53L0X_GetInterruptMaskStatus
 .text.VL53L0X_get_offset_calibration_data_micro_meter
                0x08010c30       0x7e ./Sensors/ToFSensor/vl53l0x/vl53l0x_api_calibration.o
                0x08010c30                VL53L0X_get_offset_calibration_data_micro_meter
 .text.get_next_good_spad
                0x08010cae       0xbc ./Sensors/ToFSensor/vl53l0x/vl53l0x_api_calibration.o
                0x08010cae                get_next_good_spad
 *fill*         0x08010d6a        0x2 
 .text.is_aperture
                0x08010d6c       0x34 ./Sensors/ToFSensor/vl53l0x/vl53l0x_api_calibration.o
                0x08010d6c                is_aperture
 .text.enable_spad_bit
                0x08010da0       0x72 ./Sensors/ToFSensor/vl53l0x/vl53l0x_api_calibration.o
                0x08010da0                enable_spad_bit
 .text.set_ref_spad_map
                0x08010e12       0x26 ./Sensors/ToFSensor/vl53l0x/vl53l0x_api_calibration.o
                0x08010e12                set_ref_spad_map
 .text.get_ref_spad_map
                0x08010e38       0x26 ./Sensors/ToFSensor/vl53l0x/vl53l0x_api_calibration.o
                0x08010e38                get_ref_spad_map
 .text.enable_ref_spads
                0x08010e5e       0xfa ./Sensors/ToFSensor/vl53l0x/vl53l0x_api_calibration.o
                0x08010e5e                enable_ref_spads
 .text.perform_ref_signal_measurement
                0x08010f58       0xd4 ./Sensors/ToFSensor/vl53l0x/vl53l0x_api_calibration.o
                0x08010f58                perform_ref_signal_measurement
 .text.VL53L0X_perform_ref_spad_management
                0x0801102c      0x418 ./Sensors/ToFSensor/vl53l0x/vl53l0x_api_calibration.o
                0x0801102c                VL53L0X_perform_ref_spad_management
 .text.VL53L0X_set_reference_spads
                0x08011444      0x14a ./Sensors/ToFSensor/vl53l0x/vl53l0x_api_calibration.o
                0x08011444                VL53L0X_set_reference_spads
 .text.VL53L0X_perform_single_ref_calibration
                0x0801158e       0x76 ./Sensors/ToFSensor/vl53l0x/vl53l0x_api_calibration.o
                0x0801158e                VL53L0X_perform_single_ref_calibration
 .text.VL53L0X_ref_calibration_io
                0x08011604      0x132 ./Sensors/ToFSensor/vl53l0x/vl53l0x_api_calibration.o
                0x08011604                VL53L0X_ref_calibration_io
 .text.VL53L0X_perform_vhv_calibration
                0x08011736       0xce ./Sensors/ToFSensor/vl53l0x/vl53l0x_api_calibration.o
                0x08011736                VL53L0X_perform_vhv_calibration
 .text.VL53L0X_perform_phase_calibration
                0x08011804       0xca ./Sensors/ToFSensor/vl53l0x/vl53l0x_api_calibration.o
                0x08011804                VL53L0X_perform_phase_calibration
 .text.VL53L0X_perform_ref_calibration
                0x080118ce       0x7a ./Sensors/ToFSensor/vl53l0x/vl53l0x_api_calibration.o
                0x080118ce                VL53L0X_perform_ref_calibration
 .text.VL53L0X_measurement_poll_for_completion
                0x08011948       0x5e ./Sensors/ToFSensor/vl53l0x/vl53l0x_api_core.o
                0x08011948                VL53L0X_measurement_poll_for_completion
 .text.VL53L0X_decode_vcsel_period
                0x080119a6       0x26 ./Sensors/ToFSensor/vl53l0x/vl53l0x_api_core.o
                0x080119a6                VL53L0X_decode_vcsel_period
 .text.VL53L0X_isqrt
                0x080119cc       0x68 ./Sensors/ToFSensor/vl53l0x/vl53l0x_api_core.o
                0x080119cc                VL53L0X_isqrt
 .text.VL53L0X_device_read_strobe
                0x08011a34       0x82 ./Sensors/ToFSensor/vl53l0x/vl53l0x_api_core.o
                0x08011a34                VL53L0X_device_read_strobe
 .text.VL53L0X_get_info_from_device
                0x08011ab6      0x99a ./Sensors/ToFSensor/vl53l0x/vl53l0x_api_core.o
                0x08011ab6                VL53L0X_get_info_from_device
 .text.VL53L0X_calc_macro_period_ps
                0x08012450       0x3c ./Sensors/ToFSensor/vl53l0x/vl53l0x_api_core.o
                0x08012450                VL53L0X_calc_macro_period_ps
 .text.VL53L0X_encode_timeout
                0x0801248c       0x54 ./Sensors/ToFSensor/vl53l0x/vl53l0x_api_core.o
                0x0801248c                VL53L0X_encode_timeout
 .text.VL53L0X_decode_timeout
                0x080124e0       0x2c ./Sensors/ToFSensor/vl53l0x/vl53l0x_api_core.o
                0x080124e0                VL53L0X_decode_timeout
 .text.VL53L0X_calc_timeout_mclks
                0x0801250c       0x54 ./Sensors/ToFSensor/vl53l0x/vl53l0x_api_core.o
                0x0801250c                VL53L0X_calc_timeout_mclks
 .text.VL53L0X_calc_timeout_us
                0x08012560       0x58 ./Sensors/ToFSensor/vl53l0x/vl53l0x_api_core.o
                0x08012560                VL53L0X_calc_timeout_us
 .text.get_sequence_step_timeout
                0x080125b8      0x1c0 ./Sensors/ToFSensor/vl53l0x/vl53l0x_api_core.o
                0x080125b8                get_sequence_step_timeout
 .text.set_sequence_step_timeout
                0x08012778      0x1e8 ./Sensors/ToFSensor/vl53l0x/vl53l0x_api_core.o
                0x08012778                set_sequence_step_timeout
 .text.VL53L0X_get_vcsel_pulse_period
                0x08012960       0x6e ./Sensors/ToFSensor/vl53l0x/vl53l0x_api_core.o
                0x08012960                VL53L0X_get_vcsel_pulse_period
 .text.VL53L0X_set_measurement_timing_budget_micro_seconds
                0x080129ce      0x1c0 ./Sensors/ToFSensor/vl53l0x/vl53l0x_api_core.o
                0x080129ce                VL53L0X_set_measurement_timing_budget_micro_seconds
 .text.VL53L0X_get_measurement_timing_budget_micro_seconds
                0x08012b8e      0x162 ./Sensors/ToFSensor/vl53l0x/vl53l0x_api_core.o
                0x08012b8e                VL53L0X_get_measurement_timing_budget_micro_seconds
 .text.VL53L0X_load_tuning_settings
                0x08012cf0      0x1c4 ./Sensors/ToFSensor/vl53l0x/vl53l0x_api_core.o
                0x08012cf0                VL53L0X_load_tuning_settings
 .text.VL53L0X_get_total_xtalk_rate
                0x08012eb4       0x5e ./Sensors/ToFSensor/vl53l0x/vl53l0x_api_core.o
                0x08012eb4                VL53L0X_get_total_xtalk_rate
 .text.VL53L0X_get_total_signal_rate
                0x08012f12       0x4a ./Sensors/ToFSensor/vl53l0x/vl53l0x_api_core.o
                0x08012f12                VL53L0X_get_total_signal_rate
 .text.VL53L0X_calc_dmax
                0x08012f5c      0x238 ./Sensors/ToFSensor/vl53l0x/vl53l0x_api_core.o
                0x08012f5c                VL53L0X_calc_dmax
 .text.VL53L0X_calc_sigma_estimate
                0x08013194      0x420 ./Sensors/ToFSensor/vl53l0x/vl53l0x_api_core.o
                0x08013194                VL53L0X_calc_sigma_estimate
 .text.VL53L0X_get_pal_range_status
                0x080135b4      0x3b6 ./Sensors/ToFSensor/vl53l0x/vl53l0x_api_core.o
                0x080135b4                VL53L0X_get_pal_range_status
 .text.VL53L0X_check_part_used
                0x0801396a       0x6c ./Sensors/ToFSensor/vl53l0x/vl53l0x_api_strings.o
                0x0801396a                VL53L0X_check_part_used
 *fill*         0x080139d6        0x2 
 .text.VL53L0X_get_device_info
                0x080139d8      0x108 ./Sensors/ToFSensor/vl53l0x/vl53l0x_api_strings.o
                0x080139d8                VL53L0X_get_device_info
 .text._I2CWrite
                0x08013ae0       0x46 ./Sensors/ToFSensor/vl53l0x/vl53l0x_tof.o
                0x08013ae0                _I2CWrite
 .text._I2CRead
                0x08013b26       0x4c ./Sensors/ToFSensor/vl53l0x/vl53l0x_tof.o
                0x08013b26                _I2CRead
 .text.VL53L0X_RdByte
                0x08013b72       0x58 ./Sensors/ToFSensor/vl53l0x/vl53l0x_tof.o
                0x08013b72                VL53L0X_RdByte
 *fill*         0x08013bca        0x2 
 .text.VL53L0X_WriteMulti
                0x08013bcc       0x60 ./Sensors/ToFSensor/vl53l0x/vl53l0x_tof.o
                0x08013bcc                VL53L0X_WriteMulti
 .text.VL53L0X_ReadMulti
                0x08013c2c       0x5a ./Sensors/ToFSensor/vl53l0x/vl53l0x_tof.o
                0x08013c2c                VL53L0X_ReadMulti
 *fill*         0x08013c86        0x2 
 .text.VL53L0X_RdWord
                0x08013c88       0x70 ./Sensors/ToFSensor/vl53l0x/vl53l0x_tof.o
                0x08013c88                VL53L0X_RdWord
 .text.VL53L0X_RdDWord
                0x08013cf8       0x7c ./Sensors/ToFSensor/vl53l0x/vl53l0x_tof.o
                0x08013cf8                VL53L0X_RdDWord
 .text.VL53L0X_WrByte
                0x08013d74       0x48 ./Sensors/ToFSensor/vl53l0x/vl53l0x_tof.o
                0x08013d74                VL53L0X_WrByte
 .text.VL53L0X_WrWord
                0x08013dbc       0x58 ./Sensors/ToFSensor/vl53l0x/vl53l0x_tof.o
                0x08013dbc                VL53L0X_WrWord
 .text.VL53L0X_UpdateByte
                0x08013e14       0x68 ./Sensors/ToFSensor/vl53l0x/vl53l0x_tof.o
                0x08013e14                VL53L0X_UpdateByte
 .text.VL53L0X_PollingDelay
                0x08013e7c       0x1e ./Sensors/ToFSensor/vl53l0x/vl53l0x_tof.o
                0x08013e7c                VL53L0X_PollingDelay
 *fill*         0x08013e9a        0x2 
 .text.vl53l0x_initialize
                0x08013e9c       0xb8 ./Sensors/ToFSensor/vl53l0x.o
                0x08013e9c                vl53l0x_initialize
 .text.SetupContinousIntMeasurement
                0x08013f54      0x11c ./Sensors/ToFSensor/vl53l0x.o
                0x08013f54                SetupContinousIntMeasurement
 .text.VL53L0X_data_ready
                0x08014070       0x58 ./Sensors/ToFSensor/vl53l0x.o
                0x08014070                VL53L0X_data_ready
 .text.memcmp   0x080140c8       0x20 C:/ST/STM32CubeIDE_1.19.0/STM32CubeIDE/plugins/com.st.stm32cube.ide.mcu.externaltools.gnu-tools-for-stm32.13.3.rel1.win32_1.0.0.202411081344/tools/bin/../lib/gcc/arm-none-eabi/13.3.1/../../../../arm-none-eabi/lib/thumb/v7e-m+fp/hard\libc_nano.a(libc_a-memcmp.o)
                0x080140c8                memcmp
 .text.memset   0x080140e8       0x10 C:/ST/STM32CubeIDE_1.19.0/STM32CubeIDE/plugins/com.st.stm32cube.ide.mcu.externaltools.gnu-tools-for-stm32.13.3.rel1.win32_1.0.0.202411081344/tools/bin/../lib/gcc/arm-none-eabi/13.3.1/../../../../arm-none-eabi/lib/thumb/v7e-m+fp/hard\libc_nano.a(libc_a-memset.o)
                0x080140e8                memset
 .text._reclaim_reent
                0x080140f8       0xbc C:/ST/STM32CubeIDE_1.19.0/STM32CubeIDE/plugins/com.st.stm32cube.ide.mcu.externaltools.gnu-tools-for-stm32.13.3.rel1.win32_1.0.0.202411081344/tools/bin/../lib/gcc/arm-none-eabi/13.3.1/../../../../arm-none-eabi/lib/thumb/v7e-m+fp/hard\libc_nano.a(libc_a-reent.o)
                0x080140f8                _reclaim_reent
 .text.__libc_init_array
                0x080141b4       0x48 C:/ST/STM32CubeIDE_1.19.0/STM32CubeIDE/plugins/com.st.stm32cube.ide.mcu.externaltools.gnu-tools-for-stm32.13.3.rel1.win32_1.0.0.202411081344/tools/bin/../lib/gcc/arm-none-eabi/13.3.1/../../../../arm-none-eabi/lib/thumb/v7e-m+fp/hard\libc_nano.a(libc_a-init.o)
                0x080141b4                __libc_init_array
 .text.__retarget_lock_acquire_recursive
                0x080141fc        0x2 C:/ST/STM32CubeIDE_1.19.0/STM32CubeIDE/plugins/com.st.stm32cube.ide.mcu.externaltools.gnu-tools-for-stm32.13.3.rel1.win32_1.0.0.202411081344/tools/bin/../lib/gcc/arm-none-eabi/13.3.1/../../../../arm-none-eabi/lib/thumb/v7e-m+fp/hard\libc_nano.a(libc_a-lock.o)
                0x080141fc                __retarget_lock_acquire_recursive
 .text.__retarget_lock_release_recursive
                0x080141fe        0x2 C:/ST/STM32CubeIDE_1.19.0/STM32CubeIDE/plugins/com.st.stm32cube.ide.mcu.externaltools.gnu-tools-for-stm32.13.3.rel1.win32_1.0.0.202411081344/tools/bin/../lib/gcc/arm-none-eabi/13.3.1/../../../../arm-none-eabi/lib/thumb/v7e-m+fp/hard\libc_nano.a(libc_a-lock.o)
                0x080141fe                __retarget_lock_release_recursive
 .text.strcpy   0x08014200       0x10 C:/ST/STM32CubeIDE_1.19.0/STM32CubeIDE/plugins/com.st.stm32cube.ide.mcu.externaltools.gnu-tools-for-stm32.13.3.rel1.win32_1.0.0.202411081344/tools/bin/../lib/gcc/arm-none-eabi/13.3.1/../../../../arm-none-eabi/lib/thumb/v7e-m+fp/hard\libc_nano.a(libc_a-strcpy.o)
                0x08014200                strcpy
 .text.memcpy   0x08014210       0x1c C:/ST/STM32CubeIDE_1.19.0/STM32CubeIDE/plugins/com.st.stm32cube.ide.mcu.externaltools.gnu-tools-for-stm32.13.3.rel1.win32_1.0.0.202411081344/tools/bin/../lib/gcc/arm-none-eabi/13.3.1/../../../../arm-none-eabi/lib/thumb/v7e-m+fp/hard\libc_nano.a(libc_a-memcpy-stub.o)
                0x08014210                memcpy
 .text._free_r  0x0801422c       0x94 C:/ST/STM32CubeIDE_1.19.0/STM32CubeIDE/plugins/com.st.stm32cube.ide.mcu.externaltools.gnu-tools-for-stm32.13.3.rel1.win32_1.0.0.202411081344/tools/bin/../lib/gcc/arm-none-eabi/13.3.1/../../../../arm-none-eabi/lib/thumb/v7e-m+fp/hard\libc_nano.a(libc_a-freer.o)
                0x0801422c                _free_r
 .text.__malloc_lock
                0x080142c0        0xc C:/ST/STM32CubeIDE_1.19.0/STM32CubeIDE/plugins/com.st.stm32cube.ide.mcu.externaltools.gnu-tools-for-stm32.13.3.rel1.win32_1.0.0.202411081344/tools/bin/../lib/gcc/arm-none-eabi/13.3.1/../../../../arm-none-eabi/lib/thumb/v7e-m+fp/hard\libc_nano.a(libc_a-mlock.o)
                0x080142c0                __malloc_lock
 .text.__malloc_unlock
                0x080142cc        0xc C:/ST/STM32CubeIDE_1.19.0/STM32CubeIDE/plugins/com.st.stm32cube.ide.mcu.externaltools.gnu-tools-for-stm32.13.3.rel1.win32_1.0.0.202411081344/tools/bin/../lib/gcc/arm-none-eabi/13.3.1/../../../../arm-none-eabi/lib/thumb/v7e-m+fp/hard\libc_nano.a(libc_a-mlock.o)
                0x080142cc                __malloc_unlock
 *(.glue_7)
 .glue_7        0x080142d8        0x0 linker stubs
 *(.glue_7t)
 .glue_7t       0x080142d8        0x0 linker stubs
 *(.eh_frame)
 .eh_frame      0x080142d8        0x0 C:/ST/STM32CubeIDE_1.19.0/STM32CubeIDE/plugins/com.st.stm32cube.ide.mcu.externaltools.gnu-tools-for-stm32.13.3.rel1.win32_1.0.0.202411081344/tools/bin/../lib/gcc/arm-none-eabi/13.3.1/thumb/v7e-m+fp/hard/crtbegin.o
 *(.init)
 .init          0x080142d8        0x4 C:/ST/STM32CubeIDE_1.19.0/STM32CubeIDE/plugins/com.st.stm32cube.ide.mcu.externaltools.gnu-tools-for-stm32.13.3.rel1.win32_1.0.0.202411081344/tools/bin/../lib/gcc/arm-none-eabi/13.3.1/thumb/v7e-m+fp/hard/crti.o
                0x080142d8                _init
 .init          0x080142dc        0x8 C:/ST/STM32CubeIDE_1.19.0/STM32CubeIDE/plugins/com.st.stm32cube.ide.mcu.externaltools.gnu-tools-for-stm32.13.3.rel1.win32_1.0.0.202411081344/tools/bin/../lib/gcc/arm-none-eabi/13.3.1/thumb/v7e-m+fp/hard/crtn.o
 *(.fini)
 .fini          0x080142e4        0x4 C:/ST/STM32CubeIDE_1.19.0/STM32CubeIDE/plugins/com.st.stm32cube.ide.mcu.externaltools.gnu-tools-for-stm32.13.3.rel1.win32_1.0.0.202411081344/tools/bin/../lib/gcc/arm-none-eabi/13.3.1/thumb/v7e-m+fp/hard/crti.o
                0x080142e4                _fini
 .fini          0x080142e8        0x8 C:/ST/STM32CubeIDE_1.19.0/STM32CubeIDE/plugins/com.st.stm32cube.ide.mcu.externaltools.gnu-tools-for-stm32.13.3.rel1.win32_1.0.0.202411081344/tools/bin/../lib/gcc/arm-none-eabi/13.3.1/thumb/v7e-m+fp/hard/crtn.o
                0x080142f0                        . = ALIGN (0x4)
                0x080142f0                        _etext = .

.vfp11_veneer   0x080142f0        0x0
 .vfp11_veneer  0x080142f0        0x0 linker stubs

.v4_bx          0x080142f0        0x0
 .v4_bx         0x080142f0        0x0 linker stubs

.iplt           0x080142f0        0x0
 .iplt          0x080142f0        0x0 C:/ST/STM32CubeIDE_1.19.0/STM32CubeIDE/plugins/com.st.stm32cube.ide.mcu.externaltools.gnu-tools-for-stm32.13.3.rel1.win32_1.0.0.202411081344/tools/bin/../lib/gcc/arm-none-eabi/13.3.1/thumb/v7e-m+fp/hard/crtbegin.o

.rodata         0x080142f0      0x9e0
                0x080142f0                        . = ALIGN (0x4)
 *(.rodata)
 .rodata        0x080142f0      0x122 ./Core/Src/main.o
 *fill*         0x08014412        0x2 
 .rodata        0x08014414       0x5c ./Core/Src/stm32l4xx_it.o
 .rodata        0x08014470       0x30 ./Middlewares/Third_Party/FreeRTOS/Source/tasks.o
 .rodata        0x080144a0        0xd ./Middlewares/Third_Party/FreeRTOS/Source/timers.o